$ node --preserve-symlinks-main /Users/raunaqsharma/greekidx/scripts/checkquotes.mjs
# run 2026-10-07T06:05:59Z through /Users/raunaqsharma/greekidx (a symlink to the repo; the repo path has spaces, which disables the scripts' main-module check)
index/creatures/cyclopes.md: “overweening” (6.5)
index/creatures/cyclopes.md: “overbearing, lawless” (9.106)
index/creatures/cyclopes.md: “greater in strength” (6.6)
index/creatures/cyclopes.md: “did not look like a grain-eating man” (9.190–191)
index/creatures/cyclopes.md: “near” (7.205–206; see [[phaeacians]])
index/epithets/barren-sea.md: “barren, unharvested” (1.316, 1.327)
index/epithets/easily-known.md: “gods are easily known” (Il. 13.72)
index/epithets/easily-known.md: “easily known is the offspring of a man for whom Zeus spins good fortune” (4.207)
index/epithets/fair-faced.md: “the fair-faced girl” (6.113, 6.142)
index/epithets/gentle-words.md: “gentle, mild, kindly.” (Il. 9.113)
index/epithets/golden-throned.md: “with a golden throne.” (Il. 9.533)
index/epithets/insatiable-of-war.md: “by the ships waits a man insatiable of war,” (Il. 13.746)
index/epithets/might-of-heracles.md: “the might of Priam,” (Il. 3.105)
index/epithets/most-terrible-of-men.md: “exceedingly” (Il. 3.415)
index/epithets/much-prayed-for.md: “at her prayer” (6.280)
index/epithets/much-surging.md: “in the much-surging sea” (4.354)
index/epithets/much-surging.md: “far apart in the much-surging sea” (6.204)
index/epithets/much-tried.md: “a much-tried stranger … from a far-off land” (7.24–25)
index/epithets/much-tried.md: “a much-tried suppliant” (6.193, 14.511)
index/epithets/much-tried.md: “a much-tried stranger” (7.24, 17.84, 19.379)
index/epithets/overbearing.md: “overbearing, insatiable of the dread war cry” (Il. 13.621)
index/epithets/relentless.md: “unceasing, relentless.” (Il. 2.797, 20.31)
index/epithets/sea-purple.md: “turning the sea-purple wool on her distaff” (6.53, 6.306; [[queen-arete]])
index/epithets/sea-purple.md: “sea-purple webs, a wonder to see” (13.107–108; [[nymphs]])
index/epithets/wealthy.md: “as the old poets show, for they called the place wealthy” (1.13.5)
index/epithets/wine-dark.md: “over the wine-dark sea” (Il. 13.703; Od. 13.32)
index/epithets/with-cunning-skill.md: “with knowing mind” (1.608)
index/formulas/aposiopesis.md: “whom I —” (1.135)
index/formulas/apostrophe.md: “O grief and great glory to your father” (10.507)
index/formulas/day-of-homecoming.md: “without return” (4.182)
index/formulas/food-and-drink.md: “set beside” (1.191, 6.209, 15.490)
index/formulas/god-or-mortal.md: “come nearer, so that you may reach the bounds of destruction sooner” (Iliad 6.142–143)
index/formulas/god-or-mortal.md: “neither in form nor in build” (7.208–210)
index/formulas/hysteron-proteron.md: “raised and born” (1.251)
index/formulas/meanwhile-transition.md: “So he prayed there, much-enduring brilliant Odysseus” (7.1)
index/formulas/meanwhile-transition.md: “so he was held there” (3.284)
index/formulas/meanwhile-transition.md: “so he perished there” (4.511, 14.137)
index/formulas/seat-firm-forever.md: “where, they say, the seat of the gods is, firm forever” (6.42)
index/formulas/seat-firm-forever.md: “very snowy” (Iliad 1.420, 18.186)
index/formulas/seat-firm-forever.md: “where, they say” (6.42)
index/formulas/seat-firm-forever.md: “clear sky” (6.44)
index/formulas/seat-firm-forever.md: “in it” (6.46; schol. H.P., Dindorf p. 297)
index/formulas/so-he-spoke.md: “say” (1.219, 1.528)
index/formulas/thought-of-another-thing.md: “then in turn the gray-eyed goddess Athena thought of something else” (6.112)
index/formulas/thrice-blessed.md: “blessed son of Atreus, child of fortune, blest by the gods” (Iliad 3.182)
index/formulas/to-the-land-of-what-mortals.md: “mind god-fearing” (6.120–121)
index/gods/dionysus.md: “loud-roaring” (7.56, 26.1)
index/gods/dream.md: “destroy” (1.2)
index/objects/clothes.md: “bronze and gold in plenty, and clothing” (5.38, 13.136)
index/objects/coverlets.md: “with the linen and the glossy coverlet” (13.73, 13.118)
index/objects/distaff.md: “go to the house and see to your own work, the loom and the distaff, and tell your handmaids to set about their work; war will be the care of men” (Iliad 6.490–492)
index/objects/distaff.md: “weave at the looms and turn the wool” (7.105)
index/objects/hearth.md: “at, from the hearth” (5.59, 7.169, 19.389)
index/objects/hearth.md: “he sat down at the hearth in the ashes beside the fire” (7.153–154)
index/objects/hearth.md: “at the hearth in the ashes” (7.159–160)
index/objects/hearth.md: “from the hearth” (7.169–170)
index/objects/hearth.md: “hearths of fire” (Iliad 10.418)
index/objects/helmet.md: “helmeted with bronze” (3.18)
index/objects/olive-oil.md: “oil-flask” (6.79, 6.215)
index/objects/palm-tree.md: “male” (1.193)
index/objects/robe.md: “soft, fine” (5.734)
index/objects/wagon.md: “mule-” (6.72; Iliad 24.266)
index/objects/wagon.md: “onto wagons” (Iliad 7.426)
index/people/alcinous.md: “who knew counsels from the gods” (6.12)
index/people/alcinous.md: “daughter of great-hearted Alcinous” (6.17, 6.196, 6.213, 6.299; see [[great-hearted]])
index/people/alcinous.md: “wise-hearted” (6.256; see [[wise-hearted]])
index/people/alcinous.md: “hero” (6.303; Odysseus addresses him so at 7.303; see [[heros]])
index/people/alcinous.md: “the holy might of Alcinous” (7.167)
index/people/alcinous.md: “as to a god” (7.11)
index/people/daughter-of-dymas.md: “the daughter of Dymas, famous for ships, / who was of the same age as she, and was dear to her heart” (6.22–23)
index/people/democoon.md: “perceive, heed” (5.534)
index/people/dymas-the-phaeacian.md: “famous for ships” (6.22; see [[famous-for-ships]])
index/people/dymas-the-phaeacian.md: “in the likeness of the daughter of Dymas, famous for ships, / who was of the same age as she, and was dear to her heart” (6.22–23; see [[dream-scene]])
index/people/nausicaa.md: “swift with ships” (6.7; see [[nausithous]])
index/people/nausicaa.md: “famous for ships” (6.22; see [[dymas-the-phaeacian]])
index/people/nausicaa.md: “my mother” (7.54)
index/people/nausicaa.md: “forearm” (6.101, 6.186, 6.251; 7.12)
index/people/nausicaa.md: “robe” (6.49; see [[well-robed]])
index/people/nausicaa.md: “face, eye” (6.113, 6.142; see [[fair-faced]])
index/people/nausicaa.md: “untamed girl” (6.109, 6.228)
index/people/nausicaa.md: “princess” (6.115)
index/people/nausicaa.md: “queen, lady” (6.149, 6.175)
index/people/nausicaa.md: “the daughter of great-hearted Alcinous” (6.17, 6.213, 8.464; see [[great-hearted]])
index/people/nausicaa.md: “like the immortal goddesses in build and in looks” (6.16)
index/people/nausicaa.md: “did not miss good judgement, as you would not expect a younger person to” (7.290–294)
index/people/nausicaa.md: “having beauty from the gods” (8.457–460)
index/people/nausicaa.md: “Farewell, stranger, so that even in your own native land you may remember me, since to me first you owe the price of your life” (8.461–462)
index/people/nausicaa.md: “it is to you … that I have come first” (6.175–176)
index/people/nausicaa.md: “played ball superbly” (1.20e–f)
index/people/nausicaa.md: “such a man” (6.244–245)
index/people/nausicaa.md: “just as Homer told it” (1.22.6)
index/people/nausicaa.md: “as Diana leads her dances on the banks of the Eurotas” (1.498–504; see [[artemis-among-her-nymphs]] and [[virgil]])
index/people/nausithous.md: “godlike” (6.7; see [[godlike]])
index/people/nausithous.md: “great-spirited” (7.62)
index/people/nausithous.md: “the old man” (8.570, 13.178)
index/people/nausithous.md: “cover our city with a great mountain” (8.564–571 ≈ 13.172–178)
index/people/nausithous.md: “now all these things are being fulfilled” (13.178)
index/people/nausithous.md: “the lord, the hero Nausithous” (4.537–551; see [[apollonius-drepane]] and [[apollonius]])
index/people/queen-arete.md: “given for a reason” (7.54)
index/people/queen-arete.md: “as no other woman on earth is honored” (7.63–68)
index/people/queen-arete.md: “from the same parents who bore King Alcinous” (7.54–55)
index/people/queen-arete.md: “and white-armed Arete began to speak among them” (7.233, 11.335; see [[white-armed]])
index/people/queen-arete.md: “the wise queen” (11.345)
index/people/queen-arete.md: “queen” (7.241, 13.59)
index/people/queen-arete.md: “at the hearth … turning the sea-purple wool on her distaff” (6.52–53, 6.305–306; see [[sea-purple]], [[distaff]] and [[hearth]])
index/people/queen-arete.md: “Who are you, and from where? Who gave you these clothes?” (7.233–239)
index/people/queen-arete.md: “until old age and death come” (13.56–62)
index/peoples/cilicians.md: “the plain of Thebe” (7.42)
index/peoples/commoners.md: “someone” (2.270–278; see [[tis-speech]])
index/peoples/curetes.md: “as the poet says, over the boar's head and hide” (10.3.1, 10.3.6; see [[althaea]] and [[pleuron]])
index/peoples/handmaids-of-nausicaa.md: “the slave women and she herself” (6.99; see [[doulios]])
index/peoples/handmaids-of-nausicaa.md: “other handmaids” (6.84)
index/peoples/handmaids-of-nausicaa.md: “all are beautiful” (6.108)
index/peoples/handmaids-of-nausicaa.md: “with lovely tresses” (6.198, 6.238; see [[with-lovely-tresses]])
index/peoples/handmaids-of-nausicaa.md: “with the handmaid women” (7.299–301)
index/peoples/handmaids-of-nausicaa.md: “just as Homer describes it” (1.22.6)
index/peoples/phaeacians.md: “god” (5.35)
index/peoples/phaeacians.md: “oar-loving” (5.386)
index/peoples/phaeacians.md: “noble” (6.55)
index/peoples/phaeacians.md: “godlike” (6.241; see [[antitheos]])
index/peoples/phaeacians.md: “the farthest away” (6.205)
index/peoples/phaeacians.md: “of my own race” (13.130)
index/peoples/phaeacians.md: “since we are near to them, as are the Cyclopes and the wild tribes of the Giants” (7.201–206)
index/peoples/phaeacians.md: “in case he takes pity” (13.146–187)
index/peoples/phaeacians.md: “in accordance with the earlier settlement of Corcyra by the Phaeacians, who had fame in matters of ships” (1.25.4)
index/peoples/phaeacians.md: “formerly Scheria” (6.2.4)
index/peoples/sons-of-alcinous.md: “you have five dear sons born in the halls, / two married, and three unmarried young men in their bloom” (6.62–63)
index/peoples/sons-of-alcinous.md: “three sons of blameless Alcinous, / Laodamas and Halius and godlike Clytoneus” (8.118–119)
index/peoples/sons-of-alcinous.md: “the good son of Alcinous” (8.130–145)
index/peoples/sons-of-alcinous.md: “he is my host: who would fight with a friend?” (8.204–211)
index/places/delos.md: “beside the altar of Apollo, … a young sapling of a palm tree springing up” (6.162–163; see [[palm-tree]] and [[altar]])
index/places/delos.md: “and a great army followed me, on that journey on which evil sorrows were to come upon me” (6.164–165)
index/places/earth.md: “holds” (3.243)
index/places/ephyra-in-argos.md: “the Corinthian” (8.3.5)
index/places/erymanthus.md: “either along towering Taygetus or Erymanthus” (6.103)
index/places/erymanthus.md: “delighting in wild boars and swift deer” (6.104; see [[artemis-among-her-nymphs]], [[boar]] and [[deer]])
index/places/grove-of-athena.md: “a splendid grove” (6.291)
index/places/grove-of-athena.md: “the famous grove, holy to Athena” (6.321–322)
index/places/grove-of-athena.md: “of poplars” (6.292)
index/places/grove-of-athena.md: “in it a spring flows, and around it is a meadow” (6.292)
index/places/grove-of-athena.md: “as far from the city as a man can make himself heard when he shouts” (6.293–294; see [[temenos]] and [[within-shouting-distance]])
index/places/heptaporus.md: “like the Heptaporus, which the poet names” (13.1.10; see [[zeleia]])
index/places/house-of-alcinous.md: “like the gleam of the sun or of the moon” (7.84–85)
index/places/house-of-alcinous.md: “Such were the splendid gifts of the gods in the house of Alcinous” (7.132)
index/places/hypereia-of-the-phaeacians.md: “in Hypereia with its wide dancing floors” (6.4; see [[with-wide-dancing-floors]])
index/places/hypereia-of-the-phaeacians.md: “near the Cyclopes, overweening men” (6.5; see [[overweening]] and [[cyclopes]])
index/places/hypereia-of-the-phaeacians.md: “far from grain-eating men” (6.8)
index/places/iardanus.md: “the tomb of Iardanus” (8.3.21; see [[celadon]])
index/places/ogygia.md: “an island far off in the sea” (7.244)
index/places/ogygia.md: “where the navel of the sea is” (1.50)
index/places/ogygia.md: “a wooded island” (1.51)
index/places/ogygia.md: “being far away” (5.55)
index/places/ogygia.md: “island” (1.85, 6.172, 7.244, 7.254, 12.448, 23.333)
index/places/posideion.md: “the fine shrine of Poseidon” (6.266)
index/places/posideion.md: “the place of assembly around it” (6.266)
index/places/posideion.md: “fitted with hauled stones bedded deep in the earth” (6.267)
index/places/posideion.md: “bedded in the earth” (9.185)
index/places/posideion.md: “on polished stones” (8.5–6)
index/places/posideion.md: “made temples of the gods” (6.10)
index/places/rhesus-river.md: “the Rhesus is now called the Rhoeites, unless the one that flows into the Granicus is the Rhesus” (13.1.44; see [[granicus]])
index/places/rhodius.md: “it too is one of the rivers named by the poet” (13.1.28; see [[hecuba]] and [[aesepus]])
index/places/river-of-scheria.md: “the mouth of the fair-flowing river” (5.441)
index/places/river-of-scheria.md: “the very beautiful stream of the river” (6.85)
index/places/river-of-scheria.md: “along the eddying river” (6.89; see [[eddying]])
index/places/river-of-scheria.md: “into the river that flows into the sea” (5.460)
index/places/river-of-scheria.md: “into the outflow of the river” (5.451–453)
index/places/scheria.md: “Scheria with rich soil” (5.34)
index/places/scheria.md: “lovely Scheria” (7.79–80)
index/places/scheria.md: “far apart in the much-surging sea, the farthest away” (6.204–205)
index/places/taygetus.md: “towering Taygetus” (6.103)
index/places/the-achaean-wall.md: “for otherwise they would not have built the fortification for their camp” (1.11.1)
index/places/the-achaean-wall.md: “or it never existed, but the poet who invented it made it vanish, as Aristotle says” (13.1.36)
index/places/the-achaean-wall.md: “the one who invented it made it vanish, as the poet did the wall of the Achaeans” (2.3.6; see [[aristotle-and-the-wall]])
index/reception/arche-or-ate.md: “ruin” (3.100)
index/reception/aristarchus-heeos.md: “your good son” (1.393)
index/reception/aristotle-death-in-my-hand.md: “For death is in my hand” (2.393)
index/reception/aristotle-lions-of-europe.md: “either along towering Taygetus or Erymanthus, delighting in wild boars and swift deer” (6.102–104; see [[artemis-among-her-nymphs]])
index/reception/aristotle-lions-of-europe.md: “like a mountain-bred lion” (6.130–134; see [[the-lion-and-the-girls]])
index/reception/athenaeus-ball-games.md: “out, long, past him, over him, down, up, short, give it back in the scrum” (1.14e–f)
index/reception/athenaeus-ball-games.md: “played ball superbly” (1.20f; see [[sophocles-nausicaa]])
index/reception/butler-authoress-of-the-odyssey.md: “the ill-natured talk about her which she alleges to pass current among the Phaeacians” (6.275–288; see [[the-gossip-lines-275-288]])
index/reception/cicero-trojans.md: “not only before Pompey but before the Trojans and the Trojan women” (7.1.4)
index/reception/corcyra-and-the-phaeacians.md: “far from grain-eating men” (6.4–8; see [[hypereia-of-the-phaeacians]] and [[alphestes]])
index/reception/corcyra-and-the-phaeacians.md: “far apart in the much-surging sea, the farthest away, and no other mortal mingles with us” (6.204–205)
index/reception/corcyra-and-the-phaeacians.md: “as a favor to her fellow citizen” (1.14d; see [[athenaeus-ball-games]])
index/reception/corcyra-and-the-phaeacians.md: “the island now called Corcyra, formerly Scheria” (6.2.4)
index/reception/deato-or-doato.md: “for before, he truly seemed to me to be unsightly, / but now he is like the gods who hold the wide sky” (6.242–243)
index/reception/goethe-nausikaa.md: “many and good” (6.34–35, 6.284)
index/reception/joyce-nausicaa.md: “like the immortal goddesses in build and in looks” (6.16)
index/reception/lucretius-seats-of-the-gods.md: “where, they say, the seat of the gods is, firm forever” (6.42; see [[olympus]] and [[seat-firm-forever]])
index/reception/lucretius-seats-of-the-gods.md: “The divinity of the gods appears, and their quiet dwellings, which no winds shake, no clouds sprinkle with rain, no snow congealed by sharp frost violates with its white fall, but an always cloudless sky covers them and laughs with light spread wide.” (3.18–22)
index/reception/lucretius-seats-of-the-gods.md: “nature supplies everything, and nothing at any time takes away from their peace of mind” (3.23–24)
index/reception/lucretius-seats-of-the-gods.md: “from the intermundia of Epicurus” (1.18)
index/reception/nausicaas-wish-244-245.md: “If only such a man might be called my husband, living here, and if only it pleased him to stay here” (6.244–245)
index/reception/nausicaas-wish-244-245.md: “Surely he will be a husband for her” (6.277)
index/reception/ovid-dolon-and-rhesus.md: “Let the Ithacan set beside these Rhesus and unwarlike Dolon and Priam's son Helenus, captured with the stolen Pallas: nothing done by daylight, nothing without Diomedes. If you give the arms once for such cheap services, divide them, and let the greater share be Diomedes'” (13.98–102)
index/reception/ovid-dolon-and-rhesus.md: “Refuse me the arms of the man whose horses the enemy had asked as his price for the night” (13.238–254)
index/reception/plutarch-on-nausicaas-wish.md: “like-mindedness” (6.149–185; see [[homophrosyne]])
index/reception/polygnotus.md: “Polygnotus, a Thasian by birth, son of Aglaophon” (10.27.4)
index/reception/the-gossip-lines-275-288.md: “It is their unkind talk that I shun, so that no one afterward may blame me; and there are very overbearing men among the people” (6.273–274; see [[phemis]])
index/reception/the-gossip-lines-275-288.md: “And who is this following Nausicaa, a handsome and tall stranger? … Surely he will be a husband for her” (6.276–277)
index/reception/the-gossip-lines-275-288.md: “It is better so, if she herself has gone about and found a husband from elsewhere; for truly she dishonors these men here … who are courting her, many and good” (6.282–284)
index/reception/the-gossip-lines-275-288.md: “before she has come to a public marriage” (6.285–288)
index/reception/the-gossip-lines-275-288.md: “since there are none nearby” (6.279)
index/reception/the-gossip-lines-275-288.md: “she felt shame to name the marriage of her prime” (6.66; see [[aidos]])
index/reception/the-nymphs-cry-122-124.md: “A female cry has come around me, as of girls, / of nymphs, who hold the steep peaks of the mountains / and the springs of rivers and the grassy meadows. / Or am I perhaps somewhere near human beings who have speech?” (6.122–125)
index/reception/the-palm-of-delos.md: “on Delos, beside the altar of Apollo, … a young sapling of a palm tree springing up” (6.162–163)
index/reception/the-palm-of-delos.md: “And Homer too made mention of the palm on Delos, in Odysseus' supplication to the daughter of Alcinous” (8.48.2–3)
index/reception/the-poppy-in-later-poets.md: “like a flower at the meadow's edge, touched by the passing plough” (11.21–24)
index/reception/virgil-numanus.md: “Go, mock courage with proud words! This is the answer the twice-captured Phrygians send the Rutulians” (9.621–637)
index/reception/virgil-truce-for-the-dead.md: “You ask me for peace for the lifeless, killed by the fortune of war? I would gladly grant it to the living too” (11.110–111)
index/reception/virgils-stallion.md: “as when a horse, breaking its bonds, flees the stalls, free at last, and, master of the open plain, makes for the pastures and the herds of mares, or, used to bathing in the familiar river, darts out and neighs, neck held high, exulting, and his mane plays over his neck and shoulders” (11.492–497)
index/rituals/ball-play.md: “dances with the ball” (1.14d)
index/rituals/ball-play.md: “played ball superbly when he produced the *Nausicaa*” (1.20e–f)
index/rituals/curses.md: “one who prays” (1.11; see [[priesthood]])
index/rituals/washing-clothes.md: “with clean clothes on your skin” (6.61)
index/rituals/washing-clothes.md: “freshly washed” (6.64)
index/rituals/washing-clothes.md: “pits” (6.92)
index/rituals/washing-clothes.md: “tread” (6.92)
index/rituals/washing-clothes.md: “be dirty” (6.59, 6.87, 6.93)
index/sayings/nothing-better-than-like-mindedness.md: “like-mindedness” (6.180–182; see [[homophrosyne]] and [[supplication]])
index/sayings/nothing-better-than-like-mindedness.md: “keep a house” (6.183)
index/sayings/nothing-better-than-like-mindedness.md: “a man and a woman” (6.184)
index/sayings/nothing-better-than-like-mindedness.md: “many sorrows to their enemies, / and joys to their well-wishers” (6.184–185)
index/sayings/nothing-better-than-like-mindedness.md: “such a man” (6.244–245; see [[marriage]])
index/sayings/strangers-and-beggars-are-from-zeus.md: “we must care for him now” (6.199–207)
index/sayings/strangers-and-beggars-are-from-zeus.md: “the avenger of suppliants and strangers, / Zeus of strangers, who attends on reverend strangers” (9.270–271)
index/sayings/zeus-deals-out-prosperity.md: “neither a base man nor a senseless one” (6.187)
index/sayings/zeus-deals-out-prosperity.md: “you must endure them all the same” (6.190)
index/sayings/zeus-deals-out-prosperity.md: “the god, Zeus, gives good and evil now to one, now to another; for he can do all things” (4.236–237)
index/similes/artemis-among-her-nymphs.md: “delighting in wild boars and swift deer” (6.102–104; see [[artemis]], [[taygetus]] and [[erymanthus]])
index/similes/artemis-among-her-nymphs.md: “who range the wild country” (6.105–106; see [[nymphs]])
index/similes/artemis-among-her-nymphs.md: “though all are beautiful” (6.107–108)
index/similes/artemis-among-her-nymphs.md: “thrice blessed” (6.154)
index/similes/artemis-among-her-nymphs.md: “like Artemis of the golden distaff” (4.122)
index/similes/gold-poured-on-silver.md: “so she poured grace upon him, on his head and shoulders” (6.235)
index/similes/gold-poured-on-silver.md: “he poured it around the horns of the cow, working it with skill, so that the goddess might be glad when she saw the offering” (3.432–438)
index/similes/gold-poured-on-silver.md: “pouring gold around its horns” (3.384; Iliad 10.294)
index/similes/gold-poured-on-silver.md: “who knew how to make all intricate things with his hands” (Iliad 5.59–61)
index/similes/heart-like-an-axe.md: “unwearying, unyielding” (5.292, 7.247)
index/similes/like-a-breath-of-wind.md: “like a breath of wind” (6.20)
index/similes/like-a-breath-of-wind.md: “and she, like a breath of wind, rushed to the girl's bed” (6.20)
index/similes/like-the-hyacinth-flower.md: “thick, woolly” (4.50)
index/similes/the-lion-and-the-girls.md: “for need had come upon him” (6.130–136)
index/similes/the-lion-and-the-girls.md: “marred by the brine” (6.137; see [[seat-firm-forever]] for the storm)
index/similes/the-lion-and-the-girls.md: “this way and that” (6.138)
index/similes/the-lion-and-the-girls.md: “a soothing and shrewd word” (6.141–148; see [[decision-scene]] and [[supplication-type-scene]])
index/similes/the-lion-and-the-girls.md: “like a mountain-bred lion” (9.292)
index/similes/the-palm-shoot-on-delos.md: “for I went there too, and a great army followed me, / on that journey on which evil sorrows were to come upon me” (6.164–165; see [[odysseus-at-delos]])
index/similes/the-palm-shoot-on-delos.md: “I stood amazed in my heart / for a long time, since never yet had such a stem come up out of the earth” (6.166–167)
index/similes/the-palm-shoot-on-delos.md: “in just the same way … as you” (6.166–168)
index/stories/nausicaa-meets-odysseus.md: “planning a homecoming for great-hearted Odysseus” (6.1–14)
index/stories/nausicaa-meets-odysseus.md: “for so it is his fate to see his dear ones and to reach his high-roofed house and his native land” (5.31–42)
index/stories/nausicaa-meets-odysseus.md: “yesterday, on the twentieth day” (6.170)
index/stories/nausicaa-meets-odysseus.md: “to see your dear ones and to reach your well-built house and your native land” (6.313–315 ≈ 5.41–42)
index/stories/nausicaa-meets-odysseus.md: “from Zeus are all strangers and beggars” (6.207–208; see [[strangers-and-beggars-are-from-zeus]])
index/stories/nausicaa-meets-odysseus.md: “lest the girl be angry in her mind” (6.141–147; see [[supplication-type-scene]], [[decision-scene]] and [[gounata]])
index/stories/nausicaa-meets-odysseus.md: “for you gave me my life, girl” (8.457–468)
index/stories/nestor-and-the-epeians.md: “Pylians and Neleids” (5.65.3; see [[herodotus]])
index/stories/the-phaeacians-leave-hypereia.md: “with its wide dancing floors” (6.4; see [[hypereia-of-the-phaeacians]] and [[with-wide-dancing-floors]])
index/stories/the-phaeacians-leave-hypereia.md: “From there godlike Nausithous made them rise up and led them away” (6.7; see [[nausithous]])
index/stories/the-phaeacians-leave-hypereia.md: “far from grain-eating men” (6.8; see [[scheria]] and [[alphestes]])
index/stories/the-phaeacians-leave-hypereia.md: “then” (6.11–12; see [[alcinous]])
index/stories/the-phaeacians-leave-hypereia.md: “far apart in the much-surging sea, / the farthest away, and no other mortal mingles with us” (6.204–205)
index/stories/the-phaeacians-leave-hypereia.md: “since we are near to them, as are the Cyclopes and the wild tribes of the Giants” (7.201–206)
index/stories/the-phaeacians-leave-hypereia.md: “the earlier settlement of Corcyra by the Phaeacians” (1.25.4)
index/stories/the-phaeacians-leave-hypereia.md: “now called Corcyra, formerly Scheria” (6.2.4)
index/stories/the-wrath-of-poseidon.md: “except Poseidon, who raged furiously / against godlike Odysseus until he reached his own land” (1.19–21)
index/stories/the-wrath-of-poseidon.md: “I think I can still drive him to his fill of evil” (5.282–290)
index/stories/the-wrath-of-poseidon.md: “Wander over the sea in this way, suffering many evils, / until you mingle with men nurtured by Zeus” (5.375–381)
index/stories/the-wrath-of-poseidon.md: “to see his dear ones and to reach his well-built house and his native land” (9.532–533)
index/stories/tydeus-at-thebes.md: “when at Thebes the host of the Achaeans perished” (14.114, 6.222–223)
index/themes/divine-beautification.md: “like the hyacinth flower” (6.230–231, 23.157–158; see [[like-the-hyacinth-flower]])
index/themes/divine-beautification.md: “so that he might become dear to all the Phaeacians, / and feared and respected” (8.18–23)
index/themes/fame-and-the-tomb.md: “the whole earth is the tomb of famous men” (2.43.3; see [[thucydides]])
index/themes/plague-and-purification.md: “a Dorian war will come, and plague with it” (2.54.2–3)
index/themes/who-is-to-blame.md: “clearly they would not have been carried off if they had not wished it” (1.1–5, 1.4.2)
index/words/achlys.md: “mist, haze” (5.356)
index/words/alphestes.md: “esp. of traders or seafarers” (13.261; *h.Ap.* 458)
index/words/alphestes.md: “grain-eating” (9.191)
index/words/apoina.md: “win release, ransom” (1.13, 1.372)
index/words/aristos.md: “chief, one of the best men” (1.227)
index/words/basileus.md: “nurtured by Zeus” (1.176)
index/words/cholos.md: “spirit” (1.217, 1.429)
index/words/demos.md: “multitude, crowd” (2.143, 2.278, 2.488; see [[commoners]])
index/words/deos.md: “wretched” (3.56)
index/words/eidos.md: “fair of form, lovely” (3.48)
index/words/eros.md: “love, desire” (3.446)
index/words/gaster.md: “belly” (8.437)
index/words/genee.md: “stock, breed” (5.270)
index/words/gounata.md: “beg, entreat” (1.502)
index/words/homophrosyne.md: “like-minded in their thoughts” (6.183)
index/words/homophrosyne.md: “genuine friendship” (6.181)
index/words/ker-heart.md: “doom” (1.228)
index/words/koiranos.md: “be lord, give orders” (2.207)
index/words/olbos.md: “the gods have not spun such prosperity for me and my father; but now I must endure all the same” (3.208–209)
index/words/olbos.md: “spins prosperity for him at his marriage and his birth” (4.207–208)
index/words/olbos.md: “Zeus the Olympian himself deals out prosperity to men” (6.188; see the note on Book 6)
index/words/olbos.md: “may the gods give you blessings” (8.413, 24.402; also 7.148, 13.42)
index/words/phemis.md: “blame, find fault with” (6.274)
index/words/phemis.md: “blame” (2.86)
index/words/phemis.md: “would become reproaches against me” (6.285)
index/words/phylon.md: “what is right” (9.63)
index/words/poine.md: “offender” (3.28)
index/words/polemos.md: “furious, rushing” (1.165)
index/words/polemos.md: “fight, contend” (1.257)
index/words/pompe.md: “will send him in a ship” (5.31–37)
index/words/pompe.md: “something else, not an escort” (5.173)
index/words/pompe.md: “the escort no longer appeared” (10.79)
index/words/pompe.md: “in friendship” (8.545)
index/words/pompe.md: “coming back from an escort” (8.564–569)
index/words/pompe.md: “stop escorting mortals” (13.172–183)
library/homer/iliad/notes/01/no-help-to-you.md: “help, avail” (1.28)
library/homer/iliad/notes/01/philos.md: “fondest of possessions” (1.122)
library/homer/iliad/notes/01/prophecy.md: “fulfills” (1.82)
library/homer/iliad/notes/02/anaphora.md: “taking up again” (2.837–838)
library/homer/iliad/notes/02/bees.md: “thronging, dense” (2.469; see [[flies]])
library/homer/iliad/notes/02/flies.md: “the tribes of thronging bees” (2.87; see [[bees]])
library/homer/iliad/notes/02/hephaestus.md: “over the flame of Hephaestus” (9.467–468)
library/homer/iliad/notes/02/kotos.md: “with him” (2.222)
library/homer/iliad/notes/02/odysseus.md: “of many devices” (2.182)
library/homer/iliad/notes/02/prophecy.md: “accomplish” (1.41; see [[fulfill-this-wish]])
library/homer/iliad/notes/02/winged-words.md: “looking darkly” (2.245; [[looking-darkly]])
library/homer/iliad/notes/03/horses.md: “from the horses” (3.265; see [[chariot]])
library/homer/iliad/notes/03/oath.md: “overstepping” (3.107)
library/homer/iliad/notes/03/philos.md: “friendship, love” (3.73, 3.94, 3.256, 3.323, 3.354, 3.441, 3.445, 3.453)
library/homer/iliad/notes/05/phrenes.md: “with friendly mind” (5.116; see [[philos]])
library/homer/iliad/notes/06/ash-spear.md: “setting his heel on his chest,” (Il. 13.618, 16.503; [[stripping-the-dead]])
library/homer/iliad/notes/06/helen.md: “evil-scheming” (9.257)
library/homer/iliad/notes/06/phrenes.md: “firm, steadfast” (5.254)
library/homer/iliad/notes/07/hyle.md: “for Ajax did not send to Lydia for his shield” (9.2.20)
library/homer/iliad/notes/07/strabo.md: “for there is a small river nearby” (8.3.12)
library/homer/iliad/notes/09/message-repeated.md: “who” (9.140, 9.282)
library/homer/iliad/notes/09/possessions.md: “without possessions” (9.126, 9.268)
library/homer/iliad/notes/12/strabo.md: “it too is one of the rivers named by the poet” (13.1.28)
library/homer/iliad/notes/12/strabo.md: “like the Heptaporus, which the poet names” (13.1.10)
library/homer/odyssey/notes/06/aidos.md: “I did not wish to fight with Poseidon, my father's brother, who put anger in his heart against you, enraged because you blinded his dear son” (13.341–343)
library/homer/odyssey/notes/06/alcinous.md: “had already been overcome by fate and had gone to Hades, / and Alcinous was ruling then, who knew counsels from the gods” (6.11–12; see [[nausithous]] and [[phaeacians]])
library/homer/odyssey/notes/06/alcinous.md: “to his house” (6.13; see [[house-of-alcinous]])
library/homer/odyssey/notes/06/alcinous.md: “to join the famous kings in council, to which the noble Phaeacians were calling him” (6.53–55; see [[kings]] and [[assembly]])
library/homer/odyssey/notes/06/alcinous.md: “but he understood everything” (6.67)
library/homer/odyssey/notes/06/alcinous.md: “I am the daughter of great-hearted Alcinous, / on whom the power and the strength of the Phaeacians depend” (6.196–197; see [[great-hearted]])
library/homer/odyssey/notes/06/alcinous.md: “wise-hearted” (6.256; see [[wise-hearted]])
library/homer/odyssey/notes/06/alcinous.md: “the house of Alcinous / the hero” (6.299–303)
library/homer/odyssey/notes/06/alphestes.md: “kept doing them harm” (6.5–6)
library/homer/odyssey/notes/06/alphestes.md: “we live far apart in the much-surging sea, the farthest away, and no other mortal mingles with us” (6.204–205; see [[phaeacians]])
library/homer/odyssey/notes/06/altar.md: “on well-built bases” (7.100; LSJ s.v. βωμός)
library/homer/odyssey/notes/06/anacoluthon.md: “Stranger, since you seem like neither a base man nor a senseless one” (6.187)
library/homer/odyssey/notes/06/anacoluthon.md: “Since you seem …” (6.187)
library/homer/odyssey/notes/06/anacoluthon.md: “since you seem like neither a base man nor a senseless one” (6.187)
library/homer/odyssey/notes/06/anacoluthon.md: “But now, since you have come to our city and land” (6.191)
library/homer/odyssey/notes/06/anacoluthon.md: “you will not lack clothing, then, or anything else” (6.192)
library/homer/odyssey/notes/06/anacoluthon.md: “But when we set foot in the city” (6.262)
library/homer/odyssey/notes/06/anacoluthon.md: “stranger, listen quickly to my word” (6.289)
library/homer/odyssey/notes/06/anacoluthon.md: “you will find a splendid grove of Athena” (6.291, schol. H.Q.; Dindorf p. 315)
library/homer/odyssey/notes/06/antitheos.md: “the godlike Phaeacians” (6.241)
library/homer/odyssey/notes/06/antitheos.md: “godlike Odysseus” (6.331)
library/homer/odyssey/notes/06/antitheos.md: “not against the will of all the gods who hold Olympus / does this man mingle with the godlike Phaeacians” (6.240–241; [[homes-on-olympus]])
library/homer/odyssey/notes/06/antitheos.md: “we are very dear to the immortals” (6.203)
library/homer/odyssey/notes/06/antitheos.md: “near to the gods” (5.35)
library/homer/odyssey/notes/06/antitheos.md: “now he is like the gods who hold the wide sky” (6.242–243)
library/homer/odyssey/notes/06/antitheos.md: “raged furiously / against godlike Odysseus until he reached his own land” (6.330–331)
library/homer/odyssey/notes/06/artemis-among-her-nymphs.md: “thought of something else” (6.110–114; see [[thought-of-another-thing]])
library/homer/odyssey/notes/06/artemis-among-her-nymphs.md: “like the immortal goddesses in build and in looks” (6.16)
library/homer/odyssey/notes/06/artemis-among-her-nymphs.md: “it is to Artemis, the daughter of great Zeus, that I for my part / liken you most closely, in looks and stature and build” (6.151–152; see [[god-or-mortal]])
library/homer/odyssey/notes/06/artemis-among-her-nymphs.md: “stature” (6.152)
library/homer/odyssey/notes/06/artemis-among-her-nymphs.md: “wild boars and swift deer” (6.104)
library/homer/odyssey/notes/06/artemis-among-her-nymphs.md: “or after the wild deer” (6.133; see [[the-lion-and-the-girls]])
library/homer/odyssey/notes/06/artemis-among-her-nymphs.md: “beauty from the Graces” (6.18; see [[handmaids]])
library/homer/odyssey/notes/06/artemis.md: “of the showering arrows” (6.102; see [[of-the-showering-arrows]])
library/homer/odyssey/notes/06/artemis.md: “delighting in wild boars and swift deer” (6.103–104; see [[boar]] and [[deer]])
library/homer/odyssey/notes/06/artemis.md: “easily known, though all are beautiful” (6.107–108; see [[easily-known]])
library/homer/odyssey/notes/06/artemis.md: “like a mountain-bred lion” (6.130–136; see [[the-lion-and-the-girls]])
library/homer/odyssey/notes/06/artemis.md: “are you some goddess, or a mortal?” (6.149; see [[god-or-mortal]])
library/homer/odyssey/notes/06/assembly.md: “And there they have their place of assembly, around the fine shrine of Poseidon, / fitted with hauled stones bedded deep in the earth” (6.266–267; see [[posideion]] and [[polis]])
library/homer/odyssey/notes/06/assembly.md: “built high with stones bedded deep” (9.185)
library/homer/odyssey/notes/06/assembly.md: “There they tend the tackle of the black ships, / cables and sails, and they taper the oars” (6.268–269)
library/homer/odyssey/notes/06/athena.md: “but Athena went to the land and the city of the Phaeacian men” (6.2–3)
library/homer/odyssey/notes/06/athena.md: “why did your mother bear you so slack?” (6.25)
library/homer/odyssey/notes/06/athena.md: “the dream” (6.49; see [[onar]])
library/homer/odyssey/notes/06/athena.md: “Only the daughter of Alcinous stayed; for Athena put daring in her mind and took the fear from her limbs” (6.139–140)
library/homer/odyssey/notes/06/athena.md: “like the hyacinth flower” (6.229–231; see [[like-the-hyacinth-flower]] and [[divine-beautification]])
library/homer/odyssey/notes/06/athena.md: “gray-eyed Athena” (6.13, 6.24, 6.41, 6.112; see [[gray-eyed]])
library/homer/odyssey/notes/06/athena.md: “the gray-eyed one” (6.47)
library/homer/odyssey/notes/06/athena.md: “Athena, child of Zeus” (6.229; see [[daughter-of-zeus]])
library/homer/odyssey/notes/06/athena.md: “daughter of great Zeus” (6.323)
library/homer/odyssey/notes/06/athena.md: “a splendid grove of Athena” (6.291)
library/homer/odyssey/notes/06/athena.md: “the famous grove, holy to Athena” (6.321–322)
library/homer/odyssey/notes/06/athena.md: “as one dear to them and pitied” (6.327; see [[prayer]], [[hear-me]] and [[dear-and-pitied]])
library/homer/odyssey/notes/06/athena.md: “she did not yet appear to him face to face; for she stood in awe of her father's brother” (6.329–330)
library/homer/odyssey/notes/06/atrytone.md: “hear me, child of aegis-bearing Zeus, Atrytone” (6.324)
library/homer/odyssey/notes/06/atrytone.md: “Pallas Athena” (6.328)
library/homer/odyssey/notes/06/atrytone.md: “shattered” (6.326; [[shaker-of-the-earth]])
library/homer/odyssey/notes/06/atrytone.md: “since before you never listened” (6.325)
library/homer/odyssey/notes/06/atrytone.md: “stood in awe of her father's brother” (6.329–331; [[the-wrath-of-poseidon]])
library/homer/odyssey/notes/06/aute.md: “human beings who have speech” (6.122–125; see [[to-the-land-of-what-mortals]] and [[nymphs]])
library/homer/odyssey/notes/06/balanced-ships.md: “masts and the oars of ships and balanced ships” (6.271)
library/homer/odyssey/notes/06/balanced-ships.md: “For the Phaeacians do not care for the bow or the quiver, / but for masts and the oars of ships and balanced ships, / glorying in which they cross the gray sea” (6.270–272; [[gray-sea]])
library/homer/odyssey/notes/06/basileus.md: “queen” (6.149, 6.175; see [[anax]])
library/homer/odyssey/notes/06/basileus.md: “on whom the power and the strength of the Phaeacians depend” (6.197)
library/homer/odyssey/notes/06/bathing.md: “in the river, where there is shelter from the wind” (6.209–210; see [[xenia]])
library/homer/odyssey/notes/06/bathing.md: “for truly ointment has long been away from my skin” (6.218–220)
library/homer/odyssey/notes/06/black-ships.md: “tend the tackle of the black ships” (6.268)
library/homer/odyssey/notes/06/black-ships.md: “There they tend the tackle of the black ships, / cables and sails, and they taper the oars” (6.268–269)
library/homer/odyssey/notes/06/bride-price.md: “the best men throughout the land are courting you” (6.34; see [[marriage]])
library/homer/odyssey/notes/06/called-him-by-name.md: “and spoke to him, and addressed him” (6.254)
library/homer/odyssey/notes/06/called-him-by-name.md: “she urged Odysseus on, and spoke to him, and addressed him” (6.254)
library/homer/odyssey/notes/06/called-him-by-name.md: “rise now, stranger, to go to the city” (6.255; see [[xenia]])
library/homer/odyssey/notes/06/called-him-by-name.md: “stranger” (8.194–195)
library/homer/odyssey/notes/06/chariot-journey.md: “not alone; other handmaids also went along with her” (6.84; cf. Iliad 3.143, Helen on her way to the wall)
library/homer/odyssey/notes/06/chariot-journey.md: “to graze on the honey-sweet field grass” (6.88–90)
library/homer/odyssey/notes/06/chariot-journey.md: “the strong-hoofed mules” (6.252–253)
library/homer/odyssey/notes/06/charis.md: “unsightly, but now he is like the gods” (6.242–243)
library/homer/odyssey/notes/06/charis.md: “have pity” (6.175)
library/homer/odyssey/notes/06/clothes.md: “for she felt shame” (6.66)
library/homer/odyssey/notes/06/clothes.md: “glorious clothes” (6.58)
library/homer/odyssey/notes/06/clothes.md: “shining clothing” (6.74)
library/homer/odyssey/notes/06/clothes.md: “show me the town, and give me a rag to throw around me, if perhaps you had some wrapper for the cloths when you came here” (6.178–179)
library/homer/odyssey/notes/06/clothes.md: “soothing and shrewd” (6.148; see [[soothing-words]])
library/homer/odyssey/notes/06/clothes.md: “will not lack clothing, then, or anything else of what befits a much-tried suppliant” (6.192–193)
library/homer/odyssey/notes/06/clothes.md: “the clothes that the unwed maiden had given him” (6.227–228)
library/homer/odyssey/notes/06/clothes.md: “who gave you these clothes?” (7.233–238; see [[queen-arete]])
library/homer/odyssey/notes/06/curving.md: “and a narrow entrance; and along the road the curving ships / are drawn up; for all have a ship-shed, each man his own” (6.262–265)
library/homer/odyssey/notes/06/cyclopes.md: “near the Cyclopes, overweening men, / who kept doing them harm, and were greater in strength” (6.5–6; see [[hypereia-of-the-phaeacians]])
library/homer/odyssey/notes/06/cyclopes.md: “made them rise up” (6.7–8; see [[nausithous]] and [[the-phaeacians-leave-hypereia]])
library/homer/odyssey/notes/06/cyclopes.md: “we are much stronger” (9.275–276)
library/homer/odyssey/notes/06/cyclopes.md: “far from grain-eating men” (6.8; see [[alphestes]])
library/homer/odyssey/notes/06/cyclopes.md: “did not look like a grain-eating man” (9.190–191)
library/homer/odyssey/notes/06/cyclopes.md: “very dear to the immortals” (6.203; see [[phaeacians]])
library/homer/odyssey/notes/06/cyclopes.md: “near” (7.205–206)
library/homer/odyssey/notes/06/daughter-of-dymas.md: “in the likeness of the daughter of Dymas” (6.20–24; see [[like-a-breath-of-wind]] and [[dream-scene]])
library/homer/odyssey/notes/06/daughter-of-dymas.md: “immediately she wondered at the dream” (6.49)
library/homer/odyssey/notes/06/daughter-of-dymas.md: “to tell it to her parents” (6.50)
library/homer/odyssey/notes/06/daughter-of-zeus.md: “child of Zeus” (6.229)
library/homer/odyssey/notes/06/daughter-of-zeus.md: “it is to Artemis, the daughter of great Zeus, that I for my part / liken you most closely, in looks and stature and build” (6.151–152)
library/homer/odyssey/notes/06/daughter-of-zeus.md: “at once he prayed to the daughter of great Zeus” (6.323)
library/homer/odyssey/notes/06/daughter-of-zeus.md: “child of aegis-bearing Zeus” (6.324; [[child-of-aegis-bearing-zeus]], [[atrytone]])
library/homer/odyssey/notes/06/dawn-line.md: “When dawn appears” (6.31)
library/homer/odyssey/notes/06/dawn-line.md: “In the early dawn” (6.36)
library/homer/odyssey/notes/06/dawn-line.md: “for a cold breeze blows from a river in the early dawn” (5.466–473)
library/homer/odyssey/notes/06/dawn-line.md: “At once came Dawn of the fair throne” (6.48)
library/homer/odyssey/notes/06/day-of-homecoming.md: “rejoicing, and quickly” (6.310–312)
library/homer/odyssey/notes/06/day-of-homecoming.md: “and throw your hands around the knees / of our mother, so that you may see the day of homecoming / rejoicing, and quickly, even if you are from very far away” (6.310–312; see [[queen-arete]], [[gounata]] and [[supplication-type-scene]])
library/homer/odyssey/notes/06/day-of-homecoming.md: “see the day of return” (5.220)
library/homer/odyssey/notes/06/day-of-homecoming.md: “to come home and see the day of return; / then there I would pray to you as to a god” (8.464–468)
library/homer/odyssey/notes/06/dear-and-pitied.md: “as one dear to them and pitied” (6.327)
library/homer/odyssey/notes/06/dear-native-land.md: “your well-built house and your native land” (6.315)
library/homer/odyssey/notes/06/dear-native-land.md: “If she is minded in friendship toward you in her heart, / then there is hope for you to see your dear ones and to reach / your well-built house and your native land” (6.313–315)
library/homer/odyssey/notes/06/decision-scene.md: “So, as he pondered, this seemed to him the better way” (6.141–147)
library/homer/odyssey/notes/06/decision-scene.md: “was torn two ways in thought” (6.141)
library/homer/odyssey/notes/06/decision-scene.md: “So, as he pondered, this seemed to him the better way” (6.145)
library/homer/odyssey/notes/06/decision-scene.md: “lest the girl be angry in her mind if he clasped her knees” (6.147)
library/homer/odyssey/notes/06/decision-scene.md: “in case she might show him the city and give him clothes” (6.144)
library/homer/odyssey/notes/06/decision-scene.md: “Show me the town, and give me a rag to throw around me” (6.178)
library/homer/odyssey/notes/06/delos.md: “once on Delos, beside the altar of Apollo, I saw such a thing” (6.162)
library/homer/odyssey/notes/06/delos.md: “a young shoot” (6.157)
library/homer/odyssey/notes/06/delos.md: “on that journey on which evil sorrows were to come upon me” (6.165)
library/homer/odyssey/notes/06/dieros.md: “for we are very dear to the immortals” (6.203)
library/homer/odyssey/notes/06/dieros.md: “one of the hostile men” (6.200)
library/homer/odyssey/notes/06/dieros.md: “some unhappy man, a wanderer” (6.206; see [[ptochos]] and [[xenia]])
library/homer/odyssey/notes/06/distaff.md: “turning the sea-purple wool on her distaff” (6.53, 6.306)
library/homer/odyssey/notes/06/divine-beautification.md: “against the will of all the gods” (6.240–241)
library/homer/odyssey/notes/06/divine-beautification.md: “If only such a man might be called my husband” (6.244–245; see [[marriage]] and [[nausicaas-wish-244-245]])
library/homer/odyssey/notes/06/divine-beautification.md: “dear to all the Phaeacians” (8.18–23)
library/homer/odyssey/notes/06/dream-scene.md: “and stood above her head and spoke to her” (6.21)
library/homer/odyssey/notes/06/dream-scene.md: “like the son of Neleus, Nestor, whom Agamemnon honored most of the elders; in his likeness the divine Dream spoke to him” (Iliad 2.20–22)
library/homer/odyssey/notes/06/dream-scene.md: “Nausicaa, why did your mother bear you so slack?” (6.25)
library/homer/odyssey/notes/06/dream-scene.md: “planning a homecoming for great-hearted Odysseus” (6.14)
library/homer/odyssey/notes/06/easily-known.md: “easily known” (6.108)
library/homer/odyssey/notes/06/easily-known.md: “easily known” (6.300)
library/homer/odyssey/notes/06/easily-known.md: “so she stood out among her handmaids, the unwed maiden” (6.109)
library/homer/odyssey/notes/06/easily-known.md: “for in no way are they built like it, / the houses of the Phaeacians, such as is the house of Alcinous / the hero” (6.301–303)
library/homer/odyssey/notes/06/eddying.md: “along the eddying river” (6.89)
library/homer/odyssey/notes/06/eddying.md: “And drove them along the eddying river / to graze on the honey-sweet field grass” (6.89–90; [[honey-sweet]])
library/homer/odyssey/notes/06/exile-and-refuge.md: “kept doing them harm, and were greater in strength” (6.5–6)
library/homer/odyssey/notes/06/exile-and-refuge.md: “far from grain-eating men” (6.7–8)
library/homer/odyssey/notes/06/exile-and-refuge.md: “we live far apart in the much-surging sea, / the farthest away, and no other mortal mingles with us” (6.201–205; see [[scheria]])
library/homer/odyssey/notes/06/fair-faced.md: “the gray-eyed goddess Athena thought of something else: / that Odysseus should wake and see the fair-faced girl, / who would lead him to the city of the Phaeacian men” (6.112–114)
library/homer/odyssey/notes/06/fair-faced.md: “whether to clasp the knees of the fair-faced girl and entreat her” (6.142)
library/homer/odyssey/notes/06/famous-for-ships.md: “the daughter of Dymas, famous for ships” (6.22)
library/homer/odyssey/notes/06/famous-for-ships.md: “in the likeness of the daughter of Dymas, famous for ships, / who was of the same age as she, and was dear to her heart” (6.22–23)
library/homer/odyssey/notes/06/famous-for-ships.md: “but for masts and the oars of ships and balanced ships, / glorying in which they cross the gray sea” (6.270–272; [[balanced-ships]], [[gray-sea]])
library/homer/odyssey/notes/06/famous.md: “the famous kings” (6.54)
library/homer/odyssey/notes/06/famous.md: “the famous shaker of the earth” (6.54)
library/homer/odyssey/notes/06/famous.md: “so that I may take the glorious clothes / to the river to wash them, which lie here soiled” (6.58–59)
library/homer/odyssey/notes/06/famous.md: “the famous grove, / holy to Athena” (6.321–322; [[grove-of-athena]], [[hieros]])
library/homer/odyssey/notes/06/famous.md: “a splendid grove of Athena” (6.291)
library/homer/odyssey/notes/06/famous.md: “when the famous shaker of the earth shattered me” (6.326; [[shaker-of-the-earth]], [[poseidon]])
library/homer/odyssey/notes/06/famous.md: “I know how the famous shaker of the earth is angry with me” (5.423)
library/homer/odyssey/notes/06/fathers-and-daughters.md: “Papa dear” (6.57)
library/homer/odyssey/notes/06/fathers-and-daughters.md: “would you not make ready for me a carriage?” (6.57)
library/homer/odyssey/notes/06/fathers-and-daughters.md: “and all these things are a care to my mind” (6.60–65; see [[washing-clothes]] and [[sons-of-alcinous]])
library/homer/odyssey/notes/06/fathers-and-daughters.md: “I do not grudge you the mules, child, nor anything else” (6.68)
library/homer/odyssey/notes/06/fathers-and-daughters.md: “sits and drinks his wine like an immortal” (6.308–309)
library/homer/odyssey/notes/06/food-and-drink.md: “give the stranger food and drink” (6.209, 6.246)
library/homer/odyssey/notes/06/food-and-drink.md: “from Zeus are all strangers and beggars, and a small gift is a dear one” (6.207–208; see [[strangers-and-beggars-are-from-zeus]] and [[xenia]])
library/homer/odyssey/notes/06/food-and-drink.md: “and bathe him in the river” (6.210)
library/homer/odyssey/notes/06/food-and-drink.md: “So she spoke, and they listened closely to her and obeyed, / and set food and drink beside Odysseus” (6.247–248)
library/homer/odyssey/notes/06/gaster.md: “for there is nothing more shameless than the hateful belly” (7.215–221; see the article above)
library/homer/odyssey/notes/06/god-or-mortal.md: “in looks and stature and build” (6.151–152; see [[artemis]] and [[artemis-among-her-nymphs]])
library/homer/odyssey/notes/06/god-or-mortal.md: “like the immortal goddesses in build and in looks” (6.16)
library/homer/odyssey/notes/06/godlike.md: “From there godlike Nausithous made them rise up and led them away, / and settled them in Scheria, far from grain-eating men” (6.7–8)
library/homer/odyssey/notes/06/gods-and-mortals.md: “like the immortal goddesses in build and in looks” (6.16; see [[like-the-goddesses]])
library/homer/odyssey/notes/06/gods-and-mortals.md: “are you some goddess, or a mortal?” (6.149–153; see [[god-or-mortal]] and [[artemis]])
library/homer/odyssey/notes/06/gods-and-mortals.md: “but now he is like the gods who hold the wide sky” (6.243; see [[divine-beautification]])
library/homer/odyssey/notes/06/gods-and-mortals.md: “very dear to the immortals” (6.203)
library/homer/odyssey/notes/06/gods-and-mortals.md: “godlike” (6.7; see [[phaeacians]] and [[godlike]])
library/homer/odyssey/notes/06/gold-and-silver.md: “poured grace upon him” (6.235)
library/homer/odyssey/notes/06/gold-poured-on-silver.md: “the unwed maiden” (6.224–228; see [[bathing]] and [[olive-oil]])
library/homer/odyssey/notes/06/gold-poured-on-silver.md: “taller to look upon and sturdier” (6.229–230)
library/homer/odyssey/notes/06/gold-poured-on-silver.md: “and Pallas Athena” (6.233)
library/homer/odyssey/notes/06/gold-poured-on-silver.md: “terrible he appeared to them, marred by the brine” (6.137)
library/homer/odyssey/notes/06/gold-poured-on-silver.md: “so that he might become dear to all the Phaeacians” (8.18–23)
library/homer/odyssey/notes/06/gold-poured-on-silver.md: “as one dear to them and pitied” (6.327; see [[dear-and-pitied]])
library/homer/odyssey/notes/06/gounata.md: “I beseech you, queen” (6.149; see [[anax]])
library/homer/odyssey/notes/06/gounata.md: “I admire you, lady, and stand amazed, and I am terribly afraid / to touch your knees” (6.168–169; see [[thambos]])
library/homer/odyssey/notes/06/gounata.md: “Odysseus threw his hands around the knees of Arete” (7.142)
library/homer/odyssey/notes/06/grassy.md: “and the grassy meadows” (6.124)
library/homer/odyssey/notes/06/grassy.md: “of nymphs, who hold the steep peaks of the mountains / and the springs of rivers and the grassy meadows” (6.123–124)
library/homer/odyssey/notes/06/gray-sea.md: “cross the gray sea” (6.272)
library/homer/odyssey/notes/06/great-hearted.md: “Nausicaa, the daughter of great-hearted Alcinous” (6.17)
library/homer/odyssey/notes/06/great-hearted.md: “I am the daughter of great-hearted Alcinous” (6.196)
library/homer/odyssey/notes/06/great-hearted.md: “the house of my father, great-hearted Alcinous” (6.299)
library/homer/odyssey/notes/06/great-hearted.md: “on whom the power and the strength of the Phaeacians depend” (6.197)
library/homer/odyssey/notes/06/grove-of-athena.md: “And the sun set, and they came to the famous grove, holy to Athena, where brilliant Odysseus sat down” (6.321–322; see [[sunset-lines]])
library/homer/odyssey/notes/06/grove-of-athena.md: “but she did not yet appear to him face to face” (6.328–331; see [[poseidon]])
library/homer/odyssey/notes/06/grove-of-athena.md: “So he prayed there, much-enduring brilliant Odysseus, / but the strength of the two mules carried the girl to the city” (7.1–2)
library/homer/odyssey/notes/06/hair.md: “with lovely tresses” (6.135, 6.198, 6.222, 6.238; see [[with-lovely-tresses]])
library/homer/odyssey/notes/06/handmaids-of-nausicaa.md: “like a breath of wind” (6.20)
library/homer/odyssey/notes/06/handmaids-of-nausicaa.md: “not alone; other handmaids also went along with her” (6.84)
library/homer/odyssey/notes/06/handmaids-of-nausicaa.md: “quickly, bringing on a rivalry” (6.88–92; see [[washing-clothes]] and [[eris]])
library/homer/odyssey/notes/06/handmaids-of-nausicaa.md: “and she is easily known, though all are beautiful” (6.101–109; see [[artemis-among-her-nymphs]])
library/homer/odyssey/notes/06/handmaids-of-nausicaa.md: “terrible he appeared to them, … and they fled in fear, this way and that, over the jutting beaches” (6.137–138)
library/homer/odyssey/notes/06/handmaids-of-nausicaa.md: “to strip naked when I have come among girls with lovely tresses” (6.217–222; see [[aidos]] and [[nakedness]])
library/homer/odyssey/notes/06/handmaids-of-nausicaa.md: “If only such a man might be called my husband, / living here” (6.239–245; see [[nausicaa]] and [[posis]])
library/homer/odyssey/notes/06/handmaids-of-nausicaa.md: “But, handmaids, give the stranger food and drink” (6.246)
library/homer/odyssey/notes/06/handmaids-of-nausicaa.md: “so that they could follow on foot, / the handmaids and Odysseus” (6.319–320)
library/homer/odyssey/notes/06/handmaids.md: “when they had had their fill of food, the slave women and she herself” (6.99)
library/homer/odyssey/notes/06/handmaids.md: “from the Graces” (6.18)
library/homer/odyssey/notes/06/handmaids.md: “handmaid women” (6.52, 6.80)
library/homer/odyssey/notes/06/handmaids.md: “with her handmaid women” (7.235)
library/homer/odyssey/notes/06/hearth.md: “until you come to my mother; she sits at the hearth in the light of the fire, turning the sea-purple wool on her distaff, a wonder to see, leaning against a pillar; and her slave women sit behind her” (6.304–307)
library/homer/odyssey/notes/06/hieros.md: “And the sun set, and they came to the famous grove, / holy to Athena, where brilliant Odysseus sat down” (6.321–322; [[famous]], [[grove-of-athena]])
library/homer/odyssey/notes/06/homes-on-olympus.md: “Not against the will of all the gods who hold Olympus / does this man mingle with the godlike Phaeacians” (6.240–241; [[antitheos]])
library/homer/odyssey/notes/06/homes-on-olympus.md: “like the gods who hold the wide sky” (6.243)
library/homer/odyssey/notes/06/homophrosyne.md: “many sorrows to their enemies, / and joys to their well-wishers, and they themselves know it best” (6.184–185)
library/homer/odyssey/notes/06/homophrosyne.md: “such a man” (6.244–245; see [[posis]])
library/homer/odyssey/notes/06/honey-sweet.md: “to graze on the honey-sweet field grass” (6.90)
library/homer/odyssey/notes/06/house-of-alcinous.md: “to his house” (6.13)
library/homer/odyssey/notes/06/house-of-alcinous.md: “intricately worked” (6.15; see [[intricately-worked]])
library/homer/odyssey/notes/06/house-of-alcinous.md: “through the house” (6.50)
library/homer/odyssey/notes/06/house-of-alcinous.md: “the house of my father” (6.295–297)
library/homer/odyssey/notes/06/house-of-alcinous.md: “the house of my father, great-hearted Alcinous” (6.298–299)
library/homer/odyssey/notes/06/house-of-alcinous.md: “like an immortal” (6.308–309; see [[throne]])
library/homer/odyssey/notes/06/husbands-and-wives.md: “for there is nothing stronger and better than this, / than when two who are like-minded in their thoughts keep a house, / a man and a woman” (6.180–185; see [[nothing-better-than-like-mindedness]] and [[homophrosyne]])
library/homer/odyssey/notes/06/husbands-and-wives.md: “she herself has gone about and found a husband” (6.277, 6.282; see [[tis-speech]])
library/homer/odyssey/notes/06/husbands-and-wives.md: “there my father's throne leans against it” (6.305–309; see [[queen-arete]] and [[alcinous]])
library/homer/odyssey/notes/06/husbands-and-wives.md: “as no other woman on earth is honored” (7.66–68)
library/homer/odyssey/notes/06/hybris.md: “overbearing” (6.274; see [[phemis]])
library/homer/odyssey/notes/06/hypereia-of-the-phaeacians.md: “once in former days lived in Hypereia with its wide dancing floors” (6.4)
library/homer/odyssey/notes/06/hypereia-of-the-phaeacians.md: “since we are near to them, as are the Cyclopes and the wild tribes of the Giants” (7.205–206)
library/homer/odyssey/notes/06/hypnos.md: “poured sleep on his eyes, so that she might quickly end his painful weariness” (5.491–493)
library/homer/odyssey/notes/06/intricately-worked.md: “She went her way into the intricately worked chamber, in which a girl / was sleeping, like the immortal goddesses in build and in looks” (6.15–16)
library/homer/odyssey/notes/06/kasignetos.md: “I did not wish to fight with Poseidon, my father's brother” (13.341–342)
library/homer/odyssey/notes/06/ker-doom.md: “but he had already been overcome by fate and had gone to Hades” (3.406–411)
library/homer/odyssey/notes/06/ker-heart.md: “thrice blessed” (6.154–157)
library/homer/odyssey/notes/06/ker-heart.md: “in their hearts like a god” (5.36)
library/homer/odyssey/notes/06/kings.md: “all the Phaeacians who are the best” (6.257; see [[phaeacians]])
library/homer/odyssey/notes/06/kings.md: “kings nurtured by Zeus” (7.49)
library/homer/odyssey/notes/06/like-a-breath-of-wind.md: “the shining doors were closed” (6.15–19; see [[visit-scene]] and [[handmaids]])
library/homer/odyssey/notes/06/like-a-breath-of-wind.md: “and she, like a breath of wind, rushed to the girl's bed” (6.20)
library/homer/odyssey/notes/06/like-a-breath-of-wind.md: “and stood above her head and spoke to her” (6.21; see [[dream-scene]])
library/homer/odyssey/notes/06/like-a-breath-of-wind.md: “went away to Olympus” (6.41)
library/homer/odyssey/notes/06/like-the-goddesses.md: “in which a girl / was sleeping, like the immortal goddesses in build and in looks” (6.15–16)
library/homer/odyssey/notes/06/like-the-goddesses.md: “beauty from the Graces” (6.18)
library/homer/odyssey/notes/06/like-the-goddesses.md: “in looks and stature and build” (6.149–152; [[god-or-mortal]])
library/homer/odyssey/notes/06/like-the-hyacinth-flower.md: “the girl gazed at him” (6.237)
library/homer/odyssey/notes/06/litotes.md: “not against the will of all the gods who hold Olympus” (6.240)
library/homer/odyssey/notes/06/lucretius.md: “the divinity of the gods and their quiet dwellings, which no winds shake, no clouds sprinkle with rain, no snow … violates, but an always cloudless sky covers them and laughs with light spread wide” (3.18–22)
library/homer/odyssey/notes/06/marriage.md: “marriage, wedding” (6.27, 6.66, 6.288)
library/homer/odyssey/notes/06/marriage.md: “those who will lead you home” (6.28)
library/homer/odyssey/notes/06/marriage.md: “you will not be a maiden much longer” (6.33; see [[parthenos]])
library/homer/odyssey/notes/06/marriage.md: “husband” (6.244, 6.277, 6.282; see [[posis]])
library/homer/odyssey/notes/06/marriage.md: “public marriage” (6.288)
library/homer/odyssey/notes/06/marriage.md: “where you yourself have your lineage too” (6.35)
library/homer/odyssey/notes/06/marriage.md: “But he understood everything” (6.67; see [[fathers-and-daughters]] and [[aidos]])
library/homer/odyssey/notes/06/marriage.md: “who, prevailing by the weight of his bride-gifts, leads you home” (6.158–159; see [[thrice-blessed]])
library/homer/odyssey/notes/06/marriage.md: “If only such a man might be called my husband, / living here, and if only it pleased him to stay here” (6.244–245)
library/homer/odyssey/notes/06/marriage.md: “And who is this following Nausicaa, a handsome and tall / stranger? … Surely he will be a husband for her” (6.276–277)
library/homer/odyssey/notes/06/marriage.md: “to stay here” (6.245)
library/homer/odyssey/notes/06/mast.md: “For the Phaeacians do not care for the bow or the quiver, but for masts and the oars of ships and balanced ships, glorying in which they cross the gray sea” (6.270–272; see [[ships]] and [[oars]])
library/homer/odyssey/notes/06/meanwhile-transition.md: “but Athena went to the land and the city of the Phaeacian men” (6.2–3; see [[athena]] and [[phaeacians]])
library/homer/odyssey/notes/06/meanwhile-transition.md: “So he prayed there, much-enduring brilliant Odysseus, / but the strength of the two mules carried the girl to the city” (7.1–2)
library/homer/odyssey/notes/06/much-enduring.md: “much-enduring brilliant Odysseus” (6.1)
library/homer/odyssey/notes/06/much-enduring.md: “So he lay sleeping there, much-enduring brilliant Odysseus, / worn down by sleep and weariness” (6.1–2)
library/homer/odyssey/notes/06/much-enduring.md: “so he prayed there” (7.1)
library/homer/odyssey/notes/06/much-enduring.md: “He, much-enduring brilliant Odysseus, drank and ate / greedily; for he had long been without a taste of food” (6.249–250)
library/homer/odyssey/notes/06/much-enduring.md: “brilliant Odysseus” (6.117, 6.127, 6.224, 6.322)
library/homer/odyssey/notes/06/much-prayed-for.md: “And who is this following Nausicaa, a handsome and tall / stranger? … Perhaps she has taken in someone who was driven off course, from his own ship, … or some much-prayed-for god has come to her at her prayer, / down from the sky, and she will have him all her days” (6.276–281)
library/homer/odyssey/notes/06/much-surging.md: “we live far apart in the much-surging sea, / the farthest away” (6.204–205)
library/homer/odyssey/notes/06/much-surging.md: “for we are very dear to the immortals. / And we live far apart in the much-surging sea, / the farthest away, and no other mortal mingles with us” (6.203–205)
library/homer/odyssey/notes/06/much-surging.md: “far from grain-eating men” (6.8; [[alphestes]], [[nausithous]])
library/homer/odyssey/notes/06/much-tried.md: “a much-tried suppliant” (6.193)
library/homer/odyssey/notes/06/much-tried.md: “you will not lack clothing, then, or anything else / of what befits a much-tried suppliant who has met with people” (6.192–193)
library/homer/odyssey/notes/06/much-tried.md: “for I too have come here as a much-tried stranger, from a far-off land” (7.24–25)
library/homer/odyssey/notes/06/mules.md: “for mules” (6.72)
library/homer/odyssey/notes/06/mules.md: “with care, so that they could follow on foot, the handmaids and Odysseus” (6.319–320)
library/homer/odyssey/notes/06/nakedness.md: “terrible … marred by the brine” (6.137–138)
library/homer/odyssey/notes/06/nakedness.md: “for I feel shame / to strip naked when I have come among girls with lovely tresses” (6.221–222; see [[aidos]])
library/homer/odyssey/notes/06/nakedness.md: “unsightly” (6.229–243; see [[divine-beautification]])
library/homer/odyssey/notes/06/nausicaa.md: “like the immortal goddesses in build and in looks” (6.15–19; see [[handmaids-of-nausicaa]])
library/homer/odyssey/notes/06/nausicaa.md: “The best men throughout the land are courting you, of all the Phaeacians” (6.34–35)
library/homer/odyssey/notes/06/nausicaa.md: “immediately she wondered at the dream” (6.49; see [[onar]])
library/homer/odyssey/notes/06/nausicaa.md: “Papa dear” (6.57)
library/homer/odyssey/notes/06/nausicaa.md: “and she is easily known, though all are beautiful” (6.102–109; see [[artemis-among-her-nymphs]] and [[artemis]])
library/homer/odyssey/notes/06/nausicaa.md: “the unwed maiden” (6.109)
library/homer/odyssey/notes/06/nausicaa.md: “princess” (6.115; see [[basileus]])
library/homer/odyssey/notes/06/nausicaa.md: “Terrible he appeared to them, marred by the brine” (6.137)
library/homer/odyssey/notes/06/nausicaa.md: “soothing words” (6.141–148; see [[supplication]] and [[soothing-words]])
library/homer/odyssey/notes/06/nausicaa.md: “but that man in turn is most blessed in his heart, far above all others, who, prevailing by the weight of his bride-gifts, leads you home” (6.149–159; see [[god-or-mortal]], [[thrice-blessed]] and [[bride-price]])
library/homer/odyssey/notes/06/nausicaa.md: “a husband and a home” (6.175–185; see [[homophrosyne]] and [[odysseus]])
library/homer/odyssey/notes/06/nausicaa.md: “The Phaeacians hold this city and land, / and I am the daughter of great-hearted Alcinous, / on whom the power and the strength of the Phaeacians depend” (6.195–197; see [[phaeacians]])
library/homer/odyssey/notes/06/nausicaa.md: “far apart in the much-surging sea, the farthest away” (6.199–205)
library/homer/odyssey/notes/06/nausicaa.md: “and we must care for him now; for from Zeus are all / strangers and beggars, and a small gift is a dear one” (6.206–208; see [[strangers-and-beggars-are-from-zeus]] and [[xenia]])
library/homer/odyssey/notes/06/nausicaa.md: “as far from the city as a man can make himself heard when he shouts” (6.289–299; see [[grove-of-athena]] and [[within-shouting-distance]])
library/homer/odyssey/notes/06/nausicaa.md: “even a child could lead you” (6.300–303; see [[house-of-alcinous]])
library/homer/odyssey/notes/06/nausicaa.md: “like an immortal” (6.308–310; see [[alcinous]] and [[queen-arete]])
library/homer/odyssey/notes/06/nausicaa.md: “to see your dear ones and to reach your well-built house and your native land” (6.314–315)
library/homer/odyssey/notes/06/nausicaa.md: “white-armed” (6.101, 6.186, 6.251)
library/homer/odyssey/notes/06/nausicaa.md: “well-robed” (6.49)
library/homer/odyssey/notes/06/nausicaa.md: “fair-faced” (6.113, 6.142)
library/homer/odyssey/notes/06/nausicaa.md: “Nausicaa, the daughter of great-hearted Alcinous” (6.17, 6.213)
library/homer/odyssey/notes/06/nausicaa.md: “lady” (6.168)
library/homer/odyssey/notes/06/nausithous.md: “godlike” (6.7)
library/homer/odyssey/notes/06/nemesis.md: “against the will of her dear father and mother, while they are living” (6.287)
library/homer/odyssey/notes/06/nemesis.md: “unkind talk” (6.273; see [[phemis]])
library/homer/odyssey/notes/06/nostos.md: “the day of homecoming” (1.9)
library/homer/odyssey/notes/06/nostos.md: “there is hope for you to see your dear ones and to reach / your well-built house and your native land” (6.314–315)
library/homer/odyssey/notes/06/nymphs.md: “daughters of aegis-bearing Zeus” (6.105)
library/homer/odyssey/notes/06/nymphs.md: “as of girls, of nymphs” (6.122–123)
library/homer/odyssey/notes/06/nymphs.md: “near human beings who have speech” (6.125; see [[to-the-land-of-what-mortals]])
library/homer/odyssey/notes/06/oars.md: “but for masts and the oars of ships and balanced ships” (6.270–271)
library/homer/odyssey/notes/06/odysseus.md: “So he lay sleeping there, much-enduring brilliant Odysseus, / worn down by sleep and weariness” (6.1–2; see [[much-enduring]])
library/homer/odyssey/notes/06/odysseus.md: “planning a homecoming for great-hearted Odysseus” (6.14; see [[nostos]], [[athena]] and [[great-hearted]])
library/homer/odyssey/notes/06/odysseus.md: “who have speech” (6.122–126; see [[nymphs]] and [[the-nymphs-cry-122-124]])
library/homer/odyssey/notes/06/odysseus.md: “marred by the brine” (6.137)
library/homer/odyssey/notes/06/odysseus.md: “a soothing and shrewd word” (6.148; see [[soothing-words]])
library/homer/odyssey/notes/06/odysseus.md: “a great army followed me, on that journey on which evil sorrows were to come upon me” (6.160–169; see [[the-palm-shoot-on-delos]] and [[odysseus-at-delos]])
library/homer/odyssey/notes/06/odysseus.md: “on the twentieth day” (5.34)
library/homer/odyssey/notes/06/odysseus.md: “if perhaps you had some wrapper for the cloths” (6.178–179)
library/homer/odyssey/notes/06/odysseus.md: “for there is nothing stronger and better than this, / than when two who are like-minded in their thoughts keep a house, / a man and a woman” (6.180–185; see [[homophrosyne]] and [[nothing-better-than-like-mindedness]])
library/homer/odyssey/notes/06/odysseus.md: “a much-tried suppliant” (6.193; see [[much-tried]])
library/homer/odyssey/notes/06/odysseus.md: “I feel shame / to strip naked when I have come among girls with lovely tresses” (6.218–222; see [[aidos]], [[nakedness]] and [[bathing]])
library/homer/odyssey/notes/06/odysseus.md: “the scurf of the barren sea” (6.224–227)
library/homer/odyssey/notes/06/odysseus.md: “gleaming with beauty and graces” (6.237; see [[charis]])
library/homer/odyssey/notes/06/odysseus.md: “like the gods who hold the wide sky” (6.242–243; see [[deato-or-doato]])
library/homer/odyssey/notes/06/odysseus.md: “greedily, for he had long been without a taste of food” (6.249–250)
library/homer/odyssey/notes/06/odysseus.md: “from fear and shame” (7.298–307)
library/homer/odyssey/notes/06/odysseus.md: “raged furiously / against godlike Odysseus until he reached his own land” (6.328–331; see [[seeing-the-gods]] and [[poseidon]])
library/homer/odyssey/notes/06/odysseus.md: “much-enduring brilliant Odysseus” (6.1, 6.249)
library/homer/odyssey/notes/06/odysseus.md: “brilliant Odysseus” (6.117, 6.127, 6.217, 6.224, 6.322)
library/homer/odyssey/notes/06/odysseus.md: “great-hearted” (6.14)
library/homer/odyssey/notes/06/of-the-fair-throne.md: “at once came Dawn of the fair throne, who woke her” (6.48)
library/homer/odyssey/notes/06/of-the-fair-throne.md: “at once golden-throned Dawn came” (10.541, 12.142, 15.56, 20.91; [[golden-throned]])
library/homer/odyssey/notes/06/ogygia.md: “and now a god has cast me down here” (6.172)
library/homer/odyssey/notes/06/olbos.md: “now to one, now to another” (4.236–237)
library/homer/odyssey/notes/06/olbos.md: “gives to grain-eating men, as he wishes, to each one” (1.348–349; see [[alphestes]])
library/homer/odyssey/notes/06/olbos.md: “the gods have not spun such prosperity for me … but now I must endure all the same” (3.208–209)
library/homer/odyssey/notes/06/olbos.md: “much-enduring” (6.1, 6.249)
library/homer/odyssey/notes/06/olive-oil.md: “and she gave her liquid olive oil in a golden flask, so that she, with her handmaid women, might anoint herself after bathing” (6.79–80)
library/homer/odyssey/notes/06/olympus.md: “who hold Olympus” (6.240)
library/homer/odyssey/notes/06/olympus.md: “firm forever” (6.42; see [[seat-firm-forever]])
library/homer/odyssey/notes/06/olympus.md: “all their days” (6.46; see [[blessed-gods]])
library/homer/odyssey/notes/06/olympus.md: “there the gray-eyed one went” (6.47)
library/homer/odyssey/notes/06/olympus.md: “against the will of all the gods who hold Olympus” (6.240)
library/homer/odyssey/notes/06/onar.md: “she felt shame to name the marriage of her prime to her dear father” (6.66; see [[aidos]])
library/homer/odyssey/notes/06/onar.md: “understood everything” (6.67–70)
library/homer/odyssey/notes/06/palm-tree.md: “a young sapling of a palm tree springing up” (6.163)
library/homer/odyssey/notes/06/palm-tree.md: “stem” (6.167)
library/homer/odyssey/notes/06/palm-tree.md: “a young shoot” (6.157)
library/homer/odyssey/notes/06/parthenos.md: “your marriage is near” (6.27)
library/homer/odyssey/notes/06/parthenos.md: “these men here … who are courting her, many and good” (6.283–284; see [[marriage]])
library/homer/odyssey/notes/06/parthenos.md: “unmarried young men in their bloom” (6.62–63)
library/homer/odyssey/notes/06/parthenos.md: “the unwed maiden” (6.109, 6.228)
library/homer/odyssey/notes/06/parthenos.md: “though all are beautiful” (6.102–109; see [[artemis]])
library/homer/odyssey/notes/06/parthenos.md: “the clothes that the unwed maiden had given him” (6.228)
library/homer/odyssey/notes/06/parthenos.md: “mingles with men before she has come to a public marriage” (6.286–288; see [[nemesis]] and [[phemis]])
library/homer/odyssey/notes/06/pausanias.md: “by the river, Odysseus coming upon the girls who were washing with Nausicaa, in the same way as Homer composed it” (1.22.6)
library/homer/odyssey/notes/06/pausanias.md: “and Homer too made mention of the palm on Delos, in Odysseus' supplication to the daughter of Alcinous” (8.48.2–3; see 6.162–163)
library/homer/odyssey/notes/06/phaeacians.md: “the famous kings” (6.54–55; see [[kings]] and [[alcinous]])
library/homer/odyssey/notes/06/phaeacians.md: “the best men throughout the land are courting you, / of all the Phaeacians, where you yourself have your lineage too” (6.34–35)
library/homer/odyssey/notes/06/phaeacians.md: “the Phaeacians who are courting her, many and good” (6.283–284; see [[marriage]])
library/homer/odyssey/notes/06/phaeacians.md: “these people do not much put up with strangers” (7.32–33)
library/homer/odyssey/notes/06/phaeacians.md: “all the Phaeacians who are the best” (6.257)
library/homer/odyssey/notes/06/phaeacians.md: “Grant that I may come to the Phaeacians as one dear to them and pitied” (6.327; see [[dear-and-pitied]] and [[odysseus]])
library/homer/odyssey/notes/06/phaeinos.md: “shining” (6.19)
library/homer/odyssey/notes/06/phaeinos.md: “like a breath of wind” (6.20; [[like-a-breath-of-wind]])
library/homer/odyssey/notes/06/phaeinos.md: “lashed with the shining whip / the mules” (6.316–317)
library/homer/odyssey/notes/06/phemis.md: “So they will say, and these things would become reproaches against me” (6.285; see [[oneidos]])
library/homer/odyssey/notes/06/pity.md: “But, queen, have pity” (6.175)
library/homer/odyssey/notes/06/pity.md: “minded in friendship” (6.313–315, 7.75–77)
library/homer/odyssey/notes/06/polis.md: “show him the city” (6.144)
library/homer/odyssey/notes/06/polis.md: “town” (6.178, 6.194, 6.296; see the translation notes)
library/homer/odyssey/notes/06/polis.md: “a long way from the city” (6.40)
library/homer/odyssey/notes/06/polis.md: “go into the city of the Phaeacians” (6.296–299)
library/homer/odyssey/notes/06/polished.md: “And the girl brought the shining clothing out of her chamber, / and laid it on the polished carriage” (6.74–75; [[phaeinos]])
library/homer/odyssey/notes/06/polished.md: “high, with good wheels” (6.58, 6.70; [[well-rounded]])
library/homer/odyssey/notes/06/polished.md: “well-wheeled” (6.72; [[well-wheeled]])
library/homer/odyssey/notes/06/polygnotus.md: “he also painted, by the river, Odysseus coming upon the girls who were washing with Nausicaa, in the same way as Homer composed it” (1.22.6)
library/homer/odyssey/notes/06/pompe.md: “will send him in a ship” (5.37)
library/homer/odyssey/notes/06/pompe.md: “do not care for the bow or the quiver, / but for masts and the oars of ships and balanced ships” (6.270–271)
library/homer/odyssey/notes/06/poseidon.md: “I know how the famous shaker of the earth is angry with me” (5.423)
library/homer/odyssey/notes/06/poseidon.md: “except Poseidon; and he raged unceasingly against godlike Odysseus until he reached his own land” (1.20–21)
library/homer/odyssey/notes/06/poseidon.md: “until he reached his own land” (6.331)
library/homer/odyssey/notes/06/posideion.md: “and there they have their place of assembly, around the fine shrine of Poseidon” (6.266)
library/homer/odyssey/notes/06/posis.md: “husband” (6.244, 6.277, 6.282)
library/homer/odyssey/notes/06/posis.md: “food and drink” (6.209, 6.246, 6.248; see [[xenia]])
library/homer/odyssey/notes/06/posis.md: “felt shame to name the marriage” (6.66; see [[aidos]])
library/homer/odyssey/notes/06/posis.md: “It is better so, if she herself has gone about and found a husband / from elsewhere; for truly she dishonors these men here among the people, / the Phaeacians, who are courting her, many and good” (6.282–284; see [[phemis]])
library/homer/odyssey/notes/06/praise-and-blame.md: “neither a base man nor a senseless one” (6.187)
library/homer/odyssey/notes/06/praise-and-blame.md: “you seem to me not to lack sense” (6.258)
library/homer/odyssey/notes/06/prayer-type-scene.md: “at once he prayed to the daughter of great Zeus” (6.321–323; see [[grove-of-athena]])
library/homer/odyssey/notes/06/prayer-type-scene.md: “Hear me, child of aegis-bearing Zeus, Atrytone” (6.324; see [[hear-me]])
library/homer/odyssey/notes/06/prayer-type-scene.md: “Now at least listen to me, since before you never listened / when I was being shattered, when the famous shaker of the earth shattered me” (6.325–326)
library/homer/odyssey/notes/06/prayer-type-scene.md: “Grant that I may come to the Phaeacians as one dear to them and pitied” (6.327)
library/homer/odyssey/notes/06/prayer-type-scene.md: “So he spoke in prayer, and Pallas Athena heard him” (6.328)
library/homer/odyssey/notes/06/prayer-type-scene.md: “But she did not yet appear to him face to face; for she stood in awe of / her father's brother; and he raged furiously / against godlike Odysseus until he reached his own land” (6.329–331; see [[aidos]])
library/homer/odyssey/notes/06/prayer.md: “now at least listen to me, since before you never listened / when I was being shattered” (6.325–326)
library/homer/odyssey/notes/06/prayer.md: “as one dear to them and pitied” (6.327)
library/homer/odyssey/notes/06/prayer.md: “So he spoke in prayer, and Pallas Athena heard him” (6.328)
library/homer/odyssey/notes/06/ptochos.md: “a rag to throw around me” (6.178–179)
library/homer/odyssey/notes/06/queen-arete.md: “Nausicaa, why did your mother bear you so slack?” (6.25)
library/homer/odyssey/notes/06/queen-arete.md: “thrice blessed” (6.154; see [[thrice-blessed]])
library/homer/odyssey/notes/06/river-of-scheria.md: “to the river” (6.59)
library/homer/odyssey/notes/06/river-of-scheria.md: “along the eddying river” (6.88–90; see [[mules]] and [[eddying]])
library/homer/odyssey/notes/06/river-of-scheria.md: “bringing on a rivalry” (6.91–92; see [[eris]] and [[washing-clothes]])
library/homer/odyssey/notes/06/river-of-scheria.md: “beside the banks of the river” (6.93–98)
library/homer/odyssey/notes/06/river-of-scheria.md: “and there was shelter from the wind” (5.443)
library/homer/odyssey/notes/06/river-of-scheria.md: “and they quickly left the streams of the river” (6.317)
library/homer/odyssey/notes/06/robe.md: “well-robed” (6.49; see [[well-robed]])
library/homer/odyssey/notes/06/satisfying.md: “satisfying food of every kind” (6.76)
library/homer/odyssey/notes/06/satisfying.md: “And her mother put in a chest satisfying food / of every kind, and put in relishes, and poured in wine / in a goatskin” (6.76–78)
library/homer/odyssey/notes/06/satisfying.md: “many satisfying relishes” (5.267)
library/homer/odyssey/notes/06/scheria.md: “far from grain-eating men” (6.8; see [[alphestes]])
library/homer/odyssey/notes/06/scheria.md: “to the land of what mortals have I come?” (6.119; see [[to-the-land-of-what-mortals]])
library/homer/odyssey/notes/06/scheria.md: “who hold this city and land” (6.177)
library/homer/odyssey/notes/06/scheria.md: “to our city and land” (6.191)
library/homer/odyssey/notes/06/scheria.md: “the Phaeacians hold this city and land” (6.195)
library/homer/odyssey/notes/06/scheria.md: “very dear to the immortals” (6.201–203; see [[dieros]])
library/homer/odyssey/notes/06/scheria.md: “the farthest of men” (1.23; see [[ethiopians]])
library/homer/odyssey/notes/06/scheria.md: “you will find a splendid grove of Athena” (6.291)
library/homer/odyssey/notes/06/scheria.md: “very overbearing men among the people” (6.273–285; see [[phaeacians]])
library/homer/odyssey/notes/06/sea-purple.md: “a wonder to see” (6.52–53)
library/homer/odyssey/notes/06/seat-firm-forever.md: “So saying, gray-eyed Athena went away / to Olympus” (6.41–42)
library/homer/odyssey/notes/06/seat-firm-forever.md: “There the gray-eyed one went, when she had made all clear to the girl” (6.47)
library/homer/odyssey/notes/06/seat-firm-forever.md: “It is not shaken by winds, nor ever by rain / is it wet, nor does snow come near it” (6.43–44)
library/homer/odyssey/notes/06/seeing-the-gods.md: “wondered at the dream” (6.49)
library/homer/odyssey/notes/06/seeing-the-gods.md: “are you some goddess, or a mortal?” (6.149–152; see [[god-or-mortal]])
library/homer/odyssey/notes/06/seeing-the-gods.md: “but now he is like the gods who hold the wide sky” (6.243; see [[divine-beautification]])
library/homer/odyssey/notes/06/seeing-the-gods.md: “since we are near to them” (7.201–206)
library/homer/odyssey/notes/06/sheep.md: “goes among the cattle or the sheep or after the wild deer; and his belly bids him make an attempt on the sheep, and go even into the close-built fold” (6.132–134; see [[the-lion-and-the-girls]] and [[cattle]])
library/homer/odyssey/notes/06/ships.md: “a fine harbor on either side of the city, and a narrow entrance” (6.263–264)
library/homer/odyssey/notes/06/ships.md: “for all have a ship-shed, each man his own” (6.264–265; see [[curving]] and [[epistion]])
library/homer/odyssey/notes/06/ships.md: “There they tend the tackle of the black ships, cables and sails, and they taper the oars” (6.268–269; see [[black-ships]] and [[oars]])
library/homer/odyssey/notes/06/ships.md: “For the Phaeacians do not care for the bow or the quiver, but for masts and the oars of ships and balanced ships, glorying in which they cross the gray sea” (6.270–272; see [[bow]], [[quiver]], [[mast]], [[balanced-ships]] and [[gray-sea]])
library/homer/odyssey/notes/06/ships.md: “famous for ships” (6.7, 6.17, 6.22; see [[phaeacians]] and [[famous-for-ships]])
library/homer/odyssey/notes/06/sons-of-alcinous.md: “such a young shoot going into the dance” (6.154–157; see [[thrice-blessed]] and [[kasignetos]])
library/homer/odyssey/notes/06/soothing-words.md: “with soothing words” (6.143, 6.146)
library/homer/odyssey/notes/06/soothing-words.md: “a soothing and shrewd word” (6.148)
library/homer/odyssey/notes/06/soothing-words.md: “better, more profitable” (6.145)
library/homer/odyssey/notes/06/soothing-words.md: “I clasp your knees” (6.149)
library/homer/odyssey/notes/06/sunset-lines.md: “and the sun set” (6.321)
library/homer/odyssey/notes/06/sunset-lines.md: “and the sun set, and they came to the famous grove” (6.321; see [[grove-of-athena]])
library/homer/odyssey/notes/06/sunset-lines.md: “and the sun set, and all the streets grew dark” (2.388, 3.487, 11.12, 15.185)
library/homer/odyssey/notes/06/sunset-lines.md: “Dawn of the fair throne” (6.48; see [[dawn-line]])
library/homer/odyssey/notes/06/sunset-lines.md: “until we come to the town and reach the house of my father” (6.295–296)
library/homer/odyssey/notes/06/sunset-lines.md: “to whom they poured the last libation when they were mindful of bed” (7.136–138)
library/homer/odyssey/notes/06/supplication-type-scene.md: “lest the girl be angry in her mind if he clasped her knees” (6.145–147; see [[decision-scene]])
library/homer/odyssey/notes/06/supplication-type-scene.md: “I beseech you, queen” (6.149)
library/homer/odyssey/notes/06/supplication-type-scene.md: “I am terribly afraid / to touch your knees” (6.168–169; see [[gounata]])
library/homer/odyssey/notes/06/supplication-type-scene.md: “and Odysseus threw his hands around the knees of Arete” (7.142)
library/homer/odyssey/notes/06/supplication.md: “I clasp your knees, I beseech you” (6.149)
library/homer/odyssey/notes/06/supplication.md: “suppliant” (6.193)
library/homer/odyssey/notes/06/supplication.md: “I am terribly afraid / to touch your knees” (6.168–169)
library/homer/odyssey/notes/06/supplication.md: “But, queen, have pity” (6.175; see [[pity]])
library/homer/odyssey/notes/06/supplication.md: “from Zeus” (6.207–208; see [[strangers-and-beggars-are-from-zeus]])
library/homer/odyssey/notes/06/supplication.md: “who attends on reverend suppliants” (7.165)
library/homer/odyssey/notes/06/supplication.md: “throw your hands around the knees / of our mother” (6.310–311)
library/homer/odyssey/notes/06/supplication.md: “Odysseus threw his hands around the knees of Arete” (7.142)
library/homer/odyssey/notes/06/temenos.md: “as far from the city as a man can make himself heard when he shouts” (6.294; see [[within-shouting-distance]])
library/homer/odyssey/notes/06/temenos.md: “the famous grove, holy to Athena” (6.321–322)
library/homer/odyssey/notes/06/temple.md: “and drove a wall around the city, and built houses, and made temples of the gods, and divided the plowlands” (6.9–10; see [[nausithous]], [[the-phaeacians-leave-hypereia]] and [[scheria]])
library/homer/odyssey/notes/06/thambos.md: “I admire you, lady, and stand amazed, and I am terribly afraid / to touch your knees” (6.168–169; see [[gounata]])
library/homer/odyssey/notes/06/the-lion-and-the-girls.md: “to shield the man's genitals about his body” (6.127–129)
library/homer/odyssey/notes/06/the-lion-and-the-girls.md: “Terrible he appeared to them, marred by the brine, / and they fled in fear, this way and that, over the jutting beaches” (6.137–138)
library/homer/odyssey/notes/06/the-lion-and-the-girls.md: “put daring in her mind and took the fear from her limbs” (6.139–140; see [[athena]] and [[nausicaa]])
library/homer/odyssey/notes/06/the-lion-and-the-girls.md: “swift deer” (6.104; see [[artemis-among-her-nymphs]])
library/homer/odyssey/notes/06/the-lion-and-the-girls.md: “the wild deer” (6.133)
library/homer/odyssey/notes/06/the-lion-and-the-girls.md: “a soothing and shrewd word” (6.141–148; see [[decision-scene]])
library/homer/odyssey/notes/06/the-lion-and-the-girls.md: “I beseech you” (6.149; see [[supplication-type-scene]])
library/homer/odyssey/notes/06/the-mountain-lion-and-the-fold.md: “And he went on like a mountain-bred lion” (6.130)
library/homer/odyssey/notes/06/the-mountain-lion-and-the-fold.md: “his belly” (6.133; see [[gaster]])
library/homer/odyssey/notes/06/the-mountain-lion-and-the-fold.md: “for need had come upon him” (6.136)
library/homer/odyssey/notes/06/the-palm-shoot-on-delos.md: “such a young shoot going into the dance” (6.157)
library/homer/odyssey/notes/06/the-palm-shoot-on-delos.md: “awe holds me as I look on you” (6.161)
library/homer/odyssey/notes/06/the-palm-shoot-on-delos.md: “For I went there too, and a great army followed me, / on that journey on which evil sorrows were to come upon me” (6.164–165)
library/homer/odyssey/notes/06/the-palm-shoot-on-delos.md: “as I admire you, lady, and stand amazed, and I am terribly afraid / to touch your knees” (6.168–169)
library/homer/odyssey/notes/06/the-palm-shoot-on-delos.md: “lest the girl be angry” (6.147)
library/homer/odyssey/notes/06/the-palm-shoot-on-delos.md: “and a harsh grief has come upon me” (6.169)
library/homer/odyssey/notes/06/the-palm-shoot-on-delos.md: “like the gods who hold the wide sky” (6.243)
library/homer/odyssey/notes/06/the-phaeacians-leave-hypereia.md: “went to the land and the city of the Phaeacian men” (6.3)
library/homer/odyssey/notes/06/the-phaeacians-leave-hypereia.md: “who once in former days lived …” (6.4)
library/homer/odyssey/notes/06/the-phaeacians-leave-hypereia.md: “To his house went the gray-eyed goddess Athena” (6.13)
library/homer/odyssey/notes/06/the-phaeacians-leave-hypereia.md: “kept doing them harm” (6.4–6)
library/homer/odyssey/notes/06/the-phaeacians-leave-hypereia.md: “far apart … the farthest away” (6.200–205; see [[exile-and-refuge]])
library/homer/odyssey/notes/06/the-wrath-of-poseidon.md: “before you never listened / when I was being shattered, when the famous shaker of the earth shattered me” (6.325–326)
library/homer/odyssey/notes/06/the-wrath-of-poseidon.md: “if some god shatters me on the wine-dark sea” (5.221)
library/homer/odyssey/notes/06/the-wrath-of-poseidon.md: “her father's brother; and he raged furiously / against godlike Odysseus until he reached his own land” (6.328–331)
library/homer/odyssey/notes/06/the-wrath-of-poseidon.md: “as one dear to them and pitied” (6.327; see [[dear-and-pitied]])
library/homer/odyssey/notes/06/then-answered.md: “then … answered him face to face” (6.186)
library/homer/odyssey/notes/06/then-answered.md: “then white-armed Nausicaa answered him face to face” (6.186)
library/homer/odyssey/notes/06/then-answered.md: “Stranger, since you seem like neither a base man nor a senseless one” (6.187; see [[anacoluthon]])
library/homer/odyssey/notes/06/thick-and-woolly.md: “like the hyacinth flower” (6.231)
library/homer/odyssey/notes/06/thick-and-woolly.md: “and down from his head / she let fall curling locks, like the hyacinth flower” (6.230–231; [[like-the-hyacinth-flower]], [[gold-poured-on-silver]])
library/homer/odyssey/notes/06/thought-of-another-thing.md: “about to go home again, after yoking the mules and folding the fine clothes” (6.110–111)
library/homer/odyssey/notes/06/thought-of-another-thing.md: “Then in turn the gray-eyed goddess Athena thought of something else: / that Odysseus should wake and see the fair-faced girl, / who would lead him to the city of the Phaeacian men” (6.112–114)
library/homer/odyssey/notes/06/thrice-blessed.md: “but if you are one of the mortals who dwell on the earth” (6.153; see [[god-or-mortal]])
library/homer/odyssey/notes/06/thrice-blessed.md: “thrice blessed” (6.154)
library/homer/odyssey/notes/06/thrice-blessed.md: “thrice blessed” (6.155)
library/homer/odyssey/notes/06/thrice-blessed.md: “most blessed … far above all others” (6.158)
library/homer/odyssey/notes/06/thrice-blessed.md: “surely their hearts / are always warmed with gladness because of you, / as they watch such a young shoot going into the dance” (6.155–157)
library/homer/odyssey/notes/06/thrice-blessed.md: “and Leto is glad in her heart” (6.106; see [[artemis-among-her-nymphs]])
library/homer/odyssey/notes/06/thrice-blessed.md: “who, prevailing by the weight of his bride-gifts, leads you home” (6.159; see [[bride-price]] and [[marriage]])
library/homer/odyssey/notes/06/thrice-blessed.md: “thrice blessed and four times” (5.306–311)
library/homer/odyssey/notes/06/throne.md: “and there my father's throne leans against it, on which he sits and drinks his wine like an immortal” (6.307–309; see [[hearth]], [[queen-arete]] and [[wine]])
library/homer/odyssey/notes/06/throne.md: “of the fair throne” (6.48; see [[of-the-fair-throne]])
library/homer/odyssey/notes/06/tis-speech.md: “it is their unkind talk that I shun, so that no one afterward / may blame me; and there are very overbearing men among the people” (6.273–274; see [[phemis]] and [[praise-and-blame]])
library/homer/odyssey/notes/06/tis-speech.md: “so they will say” (6.285)
library/homer/odyssey/notes/06/tis-speech.md: “reproaches” (6.285)
library/homer/odyssey/notes/06/tis-speech.md: “for truly she dishonors these men here among the people, / the Phaeacians, who are courting her, many and good” (6.276–284; see [[much-prayed-for]], [[marriage]] and [[phaeacians]])
library/homer/odyssey/notes/06/to-the-land-of-what-mortals.md: “in his mind and in his heart” (6.118)
library/homer/odyssey/notes/06/to-the-land-of-what-mortals.md: “human beings who have speech” (6.125)
library/homer/odyssey/notes/06/to-the-land-of-what-mortals.md: “was once a mortal with speech” (5.334)
library/homer/odyssey/notes/06/to-the-land-of-what-mortals.md: “and test these men” (9.174)
library/homer/odyssey/notes/06/to-the-land-of-what-mortals.md: “of what befits a much-tried suppliant” (6.192–193)
library/homer/odyssey/notes/06/to-the-land-of-what-mortals.md: “from Zeus are all / strangers and beggars” (6.207–208; see [[xenia]])
library/homer/odyssey/notes/06/unbroken.md: “the unwed maiden” (6.109, 6.228)
library/homer/odyssey/notes/06/unbroken.md: “which no man has yet led under the yoke” (3.382–383)
library/homer/odyssey/notes/06/unbroken.md: “the clothes that the unwed maiden had given him” (6.228)
library/homer/odyssey/notes/06/unbroken.md: “not be a maiden much longer” (6.33)
library/homer/odyssey/notes/06/visit-scene.md: “like an immortal” (6.303–309)
library/homer/odyssey/notes/06/wagon.md: “a carriage, high, with good wheels” (6.57–58)
library/homer/odyssey/notes/06/wagon.md: “fitted with an upper frame” (6.69–70)
library/homer/odyssey/notes/06/wagon.md: “the well-wheeled mule wagon” (6.72–73)
library/homer/odyssey/notes/06/wagon.md: “wagon” (6.37, 6.72, 6.260)
library/homer/odyssey/notes/06/wagon.md: “carriage” (6.57, 6.69, 6.73, 6.75, 6.78, 6.88, 6.90, 6.252)
library/homer/odyssey/notes/06/wagon.md: “the whip and the glossy reins” (6.78–82)
library/homer/odyssey/notes/06/wagon.md: “out from under the carriage” (6.88–91)
library/homer/odyssey/notes/06/wagon.md: “the fine carriage” (6.252–253)
library/homer/odyssey/notes/06/wagon.md: “with judgment” (6.316–320)
library/homer/odyssey/notes/06/wagon.md: “would you not make ready for me a carriage?” (6.57)
library/homer/odyssey/notes/06/washing-clothes.md: “Your glossy clothes lie uncared for, / and your marriage is near” (6.26–27)
library/homer/odyssey/notes/06/washing-clothes.md: “fellow worker” (6.32)
library/homer/odyssey/notes/06/washing-clothes.md: “the glorious clothes / to the river to wash them, which lie here soiled” (6.57–59; see [[mules]])
library/homer/odyssey/notes/06/washing-clothes.md: “for she felt shame to name the marriage of her prime / to her dear father” (6.66–67; see [[fathers-and-daughters]] and [[aidos]])
library/homer/odyssey/notes/06/washing-clothes.md: “after yoking the mules and folding the fine clothes” (6.111)
library/homer/odyssey/notes/06/washing-clothes.md: “a rag to throw around me, / if perhaps you had some wrapper for the cloths when you came here” (6.178–179; see [[nakedness]])
library/homer/odyssey/notes/06/washing-clothes.md: “the clothes that the unwed maiden had given him” (6.228)
library/homer/odyssey/notes/06/well-robed.md: “well-robed Nausicaa” (6.49)
library/homer/odyssey/notes/06/well-robed.md: “At once came Dawn of the fair throne, who woke her, / well-robed Nausicaa; and immediately she wondered at the dream” (6.48–49; [[of-the-fair-throne]], [[dream]])
library/homer/odyssey/notes/06/well-rounded.md: “a carriage, / high, with good wheels” (6.57–58)
library/homer/odyssey/notes/06/well-rounded.md: “the slaves will make ready for you a carriage, / high, with good wheels, fitted with an upper frame” (6.69–70)
library/homer/odyssey/notes/06/well-rounded.md: “the well-wheeled mule wagon” (6.72; [[well-wheeled]])
library/homer/odyssey/notes/06/white-armed.md: “began the song and dance” (6.101)
library/homer/odyssey/notes/06/white-armed.md: “answered him face to face” (6.186)
library/homer/odyssey/notes/06/white-armed.md: “thought of something else” (6.251)
library/homer/odyssey/notes/06/white-armed.md: “hear me, white-armed handmaids” (6.239; [[hear-me]], [[handmaids-of-nausicaa]])
library/homer/odyssey/notes/06/white-armed.md: “beauty from the Graces” (6.18)
library/homer/odyssey/notes/06/white-armed.md: “with lovely tresses” (6.198, 6.238; [[with-lovely-tresses]])
library/homer/odyssey/notes/06/wild.md: “after the wild deer” (6.133)
library/homer/odyssey/notes/06/wild.md: “goes among the cattle or the sheep / or after the wild deer; and his belly bids him / make an attempt on the sheep, and go even into the close-built fold” (6.130–134)
library/homer/odyssey/notes/06/wild.md: “delighting in wild boars and swift deer” (6.104; [[artemis-among-her-nymphs]])
library/homer/odyssey/notes/06/wine.md: “food and drink” (6.246–248)
library/homer/odyssey/notes/06/wine.md: “wine-dark sea” (6.170)
library/homer/odyssey/notes/06/wineskin.md: “food and drink” (6.209, 6.246–248)
library/homer/odyssey/notes/06/with-lovely-tresses.md: “Odysseus was about to go among the girls with lovely tresses / and mingle with them, naked though he was” (6.135–136; [[the-lion-and-the-girls]])
library/homer/odyssey/notes/06/with-lovely-tresses.md: “to strip naked when I have come among girls with lovely tresses” (6.221–222; [[aidos]])
library/homer/odyssey/notes/06/with-lovely-tresses.md: “ordered her handmaids with lovely tresses” (6.198)
library/homer/odyssey/notes/06/with-lovely-tresses.md: “spoke among her handmaids with lovely tresses” (6.238)
library/homer/odyssey/notes/06/with-wide-dancing-floors.md: “in Hypereia with its wide dancing floors” (6.4)
library/homer/odyssey/notes/06/with-wide-dancing-floors.md: “once in former days lived in Hypereia with its wide dancing floors, / near the Cyclopes, overweening men, / who kept doing them harm, and were greater in strength” (6.4–6)
library/homer/odyssey/notes/06/with-wide-dancing-floors.md: “always want to wear freshly washed clothes / when they go to the dance” (6.64–65)
library/homer/odyssey/notes/06/with-wide-dancing-floors.md: “such a young shoot going into the dance” (6.157)
library/homer/odyssey/notes/06/within-shouting-distance.md: “as far from the city as a man can make himself heard when he shouts” (6.294)
library/homer/odyssey/notes/06/xenia.md: “arrogant and savage and not just, / or are they kind to strangers, and is their mind god-fearing?” (6.119–121; see [[to-the-land-of-what-mortals]])
library/homer/odyssey/notes/06/xenia.md: “stranger” (6.187, 6.255, 6.289)
library/homer/odyssey/notes/06/xenia.md: “of what befits a much-tried suppliant who has met with people” (6.192–193)
library/homer/odyssey/notes/06/xenia.md: “a stranger and a suppliant takes the place of a brother” (8.546)
library/homer/odyssey/notes/06/xenia.md: “who accompanies suppliants, who are to be respected” (7.165; note on 6.207, p. 271)
library/homer/odyssey/notes/06/xenia.md: “I feel shame / to strip naked when I have come among girls with lovely tresses” (6.218–222; see [[aidos]] and [[bathing]])
library/homer/odyssey/notes/06/xenia.md: “greedily; for he had long been without a taste of food” (6.248–250; see [[gaster]])
library/homer/odyssey/notes/06/xenia.md: “food and drink” (6.209, 6.246, 6.248)
library/homer/odyssey/notes/06/xenia.md: “Rise now, stranger, to go to the city, so that I may send you / to the house of my wise-hearted father” (6.255–256)
library/homer/odyssey/notes/06/xenia.md: “see the day of homecoming” (6.310–315)
library/homer/odyssey/notes/06/xenia.md: “a handsome and tall / stranger? And where did she find him?” (6.276–277)
library/homer/odyssey/notes/06/xenia.md: “no other mortal mingles with us” (6.204–205)
library/homer/odyssey/notes/06/xenia.md: “do not much put up with strangers” (7.32–33)
library/homer/odyssey/notes/06/zeus.md: “who attends on suppliants, who are to be respected” (7.165)
library/homer/odyssey/notes/06/zeus.md: “daughters of aegis-bearing Zeus” (6.105; see [[nymphs]] and [[aegis-bearing]])
library/homer/odyssey/notes/06/zeus.md: “Artemis, the daughter of great Zeus” (6.151; see [[artemis]])
library/homer/odyssey/notes/06/zeus.md: “child of Zeus” (6.229)
library/homer/odyssey/notes/06/zeus.md: “child of aegis-bearing Zeus” (6.323–324; see [[athena]], [[daughter-of-zeus]] and [[child-of-aegis-bearing-zeus]])
15119 quotations checked against the Iliad translation; 912 not found (glosses and other authors' words included).
# exit 0
