$ node scripts/checkquotes.mjs homer.odyssey
index/animals/lion.md: “a lion in front, a serpent behind, and in the middle a she-goat” (6.181)
index/animals/serpent.md: “a lion in front, a serpent behind, and in the middle a she-goat” (Iliad 6.179–183)
index/creatures/chimaera.md: “and in the middle a she-goat” (6.181)
index/creatures/chimaera.md: “obeying the portents of the gods” (6.183; see [[teras]])
index/epithets/armed-in-bronze.md: “godlike Sarpedon, armed in bronze” (Il. 6.199)
index/epithets/breaker-of-men.md: “was the first to break a battalion of the Trojans” (6.5–6)
index/epithets/craftiest.md: “wove another cunning trap” (6.187; [[bellerophon]])
index/epithets/dread-din-of-battle.md: “the dread din of battle between the Trojans and the Achaeans” (4.65; compare Il. 5.379, 6.1)
index/epithets/famous.md: “far-famed” (Il. 6.111)
index/epithets/good-sir.md: “far the mightier” (6.158)
index/epithets/grim.md: “grim destruction” (2.873, 6.16)
index/epithets/heart-devouring.md: “eating his heart out” (6.202; ὃν θυμὸν κατέδων)
index/epithets/insatiable-of-war.md: “Ares, insatiable of war” (Il. 6.203–204)
index/epithets/irresistible.md: “And he killed her, obeying the portents of the gods” (6.183; [[bellerophon]])
index/epithets/master-of-rout.md: “that savage spearman, mighty master of rout” (Il. 6.96–97, 6.277–278)
index/epithets/masters-of-the-war-cry.md: “master of rout” (Il. 6.97, 12.39)
index/epithets/rich-in-cattle.md: “the worth of a hundred oxen” (6.236; [[cattle]])
index/epithets/soothing-words.md: “spoke … with soothing words,” (Il. 6.214)
index/epithets/wedded.md: “beside their modest wives” (6.244–250; [[priams-palace]], [[sons-of-priam]], [[in-laws]])
index/epithets/who-eat-the-fruit-of-the-field.md: “who live at ease” (6.138; [[who-live-at-ease]])
index/epithets/who-live-at-ease.md: “the mortals who eat the fruit of the field” (6.142; [[who-eat-the-fruit-of-the-field]])
index/epithets/who-live-at-ease.md: “Nor would I wish to fight with the blessed gods” (6.141)
index/epithets/wide-lycia.md: “the lord of wide Lycia honored him with a ready heart” (6.173)
index/epithets/wide-lycia.md: “chose the best men out of wide Lycia” (6.188)
index/epithets/wide-lycia.md: “who were by far the best in Ephyra and in wide Lycia” (6.209–210; [[bellerophon]], [[glaucus]])
index/epithets/worked-with-much-toil.md: “bronze and gold and iron worked with much toil” (Il. 6.48, 10.379, 11.133; Od. 14.324, 21.10)
index/epithets/worked-with-much-toil.md: “bronze and gold and iron worked with much toil” (6.48)
index/formulas/food-and-drink.md: “set beside” (1.191, 6.209, 15.490)
index/formulas/genealogy-in-battle.md: “Who are you, good sir, among mortal men?” (6.123)
index/formulas/genealogy-in-battle.md: “It is the sons of unhappy men who meet my might” (6.127 = 21.151)
index/formulas/genealogy-in-battle.md: “But if you wish to learn this too, so that you may know well our lineage, and many men know it” (6.150–151 = 20.213–214)
index/formulas/god-or-mortal.md: “come nearer, so that you may reach the bounds of destruction sooner” (Iliad 6.142–143)
index/gods/abarbarea.md: “the nymph … a Naiad” (6.21–22)
index/gods/artemis.md: “of the golden reins” (6.205)
index/gods/dionysus.md: “raving” (6.132)
index/objects/olive-oil.md: “oil-flask” (6.79, 6.215)
index/people/ablerus.md: “the son of Nestor” (6.32–33)
index/people/adrastus-the-trojan.md: “wealthy” (6.47)
index/people/aeolus-father-of-sisyphus.md: “Sisyphus, son of Aeolus” (6.154)
index/people/aesepus-son-of-bucolion.md: “the strength and the shining limbs” (6.27)
index/people/aesepus-son-of-bucolion.md: “the armor from their shoulders” (6.28; see [[stripping-the-dead]])
index/people/ajax.md: “the bulwark of the Achaeans” (6.5, 7.211; see [[huge]] and [[bulwark-of-the-achaeans]])
index/people/anteia.md: “Either die, Proetus, or kill Bellerophon” (6.164)
index/people/anteia.md: “father-in-law” (6.170)
index/people/antilochus.md: “son of Nestor” (6.33, 15.589)
index/people/aretaon.md: “and Teucer slew brilliant Aretaon” (6.31)
index/people/asteropaeus.md: “It is the sons of unhappy men who meet my might” (21.151 = 6.127; see [[the-sons-of-unhappy-men]])
index/people/asteropaeus.md: “why do you ask about my lineage?” (21.153 ≈ 6.145; see [[genealogy-in-battle]] and [[genee]])
index/people/axylus.md: “lived in well-built Arisbe, wealthy in substance” (6.13–14)
index/people/axylus.md: “a friend to all men” (6.14)
index/people/axylus.md: “But not one of them was there then to keep grim destruction from him” (6.16)
index/people/axylus.md: “the two of them went down beneath the earth” (6.19)
index/people/axylus.md: “these men too may know that we claim to be guest-friends from our fathers' time” (6.215–231; see [[glaucus-and-diomedes]])
index/people/bellerophon.md: “noble” (6.155, 6.190, 6.216; see [[blameless]])
index/people/bellerophon.md: “wise-hearted” (6.162, 6.196; see [[wise-hearted]])
index/people/bellerophon.md: “lovely manhood” (6.156–157)
index/people/bellerophon.md: “for his thoughts were good” (6.162)
index/people/bellerophon.md: “hated by all the gods” (6.200)
index/people/bucolion.md: “his mother bore him in secret” (6.24)
index/people/bucolion.md: “tending his sheep” (6.25)
index/people/calesius.md: “attendant” (6.18)
index/people/calesius.md: “the two of them went down beneath the earth” (6.19)
index/people/cisseus.md: “daughter of Cisseus, the wife of Antenor, tamer of horses” (6.299)
index/people/dryas-father-of-lycurgus.md: “the son of Dryas, mighty Lycurgus” (6.130)
index/people/elatus.md: “he lived beside the banks of the fair-flowing Satnioeis, in steep Pedasus” (6.34–35)
index/people/eussorus.md: “the son of Eussorus, Acamas, tall and brave” (6.8)
index/people/glaucus-son-of-sisyphus.md: “fathered a son, Glaucus, and Glaucus fathered noble Bellerophon” (6.154–155)
index/people/hecuba.md: “the most beautiful in form of her daughters” (6.252)
index/people/hecuba.md: “your mother and mine” (6.87; see [[helenus]])
index/people/helenus-son-of-oenops.md: “by far the best of the bird-seers” (6.76; see [[best-of-bird-seers]])
index/people/helenus.md: “son of Priam” (6.76; see [[priam]])
index/people/helenus.md: “by far the best of the bird-seers” (6.76)
index/people/hippolochus.md: “always to be the best and to excel above the others” (6.206–208)
index/people/hippolochus.md: “not to shame the race of my fathers” (6.209; see [[fathers-and-sons]])
index/people/hypeirochus.md: “always to be the best and to excel above the others” (6.208, 11.784; see [[always-to-be-the-best]])
index/people/laodameia.md: “in her anger” (6.197–205)
index/people/laodameia.md: “and Artemis of the golden reins killed his daughter in her anger” (6.205; see [[artemis]] and [[of-the-golden-reins]])
index/people/lycurgus.md: “mighty” (6.130)
index/people/lycurgus.md: “man-slaying” (6.134; see [[man-slaying]])
index/people/lycurgus.md: “the gods who live at ease were angry with him” (6.138; see [[who-live-at-ease]])
index/people/lycurgus.md: “was hated by all the gods” (6.200; see [[bellerophon]])
index/people/nausicaa.md: “swift with ships” (6.7; see [[nausithous]])
index/people/nausicaa.md: “forearm” (6.101, 6.186, 6.251; 7.12)
index/people/nausicaa.md: “face, eye” (6.113, 6.142; see [[fair-faced]])
index/people/nausicaa.md: “untamed girl” (6.109, 6.228)
index/people/nausicaa.md: “queen, lady” (6.149, 6.175)
index/people/phereclus.md: “the men who were then the best builders in deep-soiled Troy” (6.314–315)
index/people/phylacus-the-trojan.md: “as he fled” (6.36)
index/people/phylacus-the-trojan.md: “where the others too were fleeing in terror” (6.41)
index/people/pidytes.md: “of Percote” (6.30)
index/people/proetus.md: “in a corner of horse-pasturing Argos” (6.152; see [[ephyra-in-argos]])
index/people/proetus.md: “anger seized the lord at what he heard” (6.166)
index/people/proetus.md: “shrank from killing him, for his heart held back in awe from that” (6.167; see [[sebas]])
index/people/proetus.md: “father-in-law” (6.170)
index/people/proetus.md: “son-in-law” (6.177–178; see [[in-laws]])
index/people/sisyphus.md: “the craftiest of men” (6.152–155)
index/people/teuthras-father-of-axylus.md: “son of Teuthras” (6.13)
index/people/theano.md: “fair-cheeked” (6.298, 6.302, 11.224)
index/people/tychius.md: “by far the best of the bird-seers” (1.69, 6.76)
index/peoples/phaeacians.md: “formerly Scheria” (6.2.4)
index/peoples/sidonians.md: “richly embroidered, the work of women of the Sidonians” (6.289–290)
index/peoples/sidonians.md: “shone like a star” (6.293–295; see [[the-robe-for-athena]] and [[robe]])
index/peoples/solymi.md: “as he fought the glorious Solymi” (6.203–204)
index/peoples/the-two-ajaxes.md: “attendants of Ares” (2.110, 6.67)
index/places/aleian-plain.md: “eating his heart out, avoiding the paths of men” (6.200–202)
index/places/ephyra-in-argos.md: “were by far the best in Ephyra and in wide Lycia” (6.209–210)
index/places/pedasus-on-the-satnioeis.md: “steep” (6.35; see [[steep]])
index/places/posideion.md: “the place of assembly around it” (6.266)
index/places/samothrace.md: “on the height of the city” (6.88)
index/places/satnioeis.md: “fair-flowing” (6.34; see [[fair-flowing]])
index/places/satnioeis.md: “beside the banks of the fair-flowing Satnioeis, in steep Pedasus” (6.34–35; see [[elatus]])
index/places/sidon.md: “from Sidon” (6.291)
index/places/simoeis.md: “between the streams of the Simoeis and the Xanthus” (6.4)
index/places/the-oak-of-zeus.md: “the Scaean gates and the oak” (6.237)
index/places/the-walls-of-troy.md: “around the city and the steep wall” (6.327)
index/reception/bellerophons-letter.md: “to see the sign” (6.176)
index/reception/butler-authoress-of-the-odyssey.md: “the ill-natured talk about her which she alleges to pass current among the Phaeacians” (6.275–288; see [[the-gossip-lines-275-288]])
index/reception/corcyra-and-the-phaeacians.md: “the island now called Corcyra, formerly Scheria” (6.2.4)
index/reception/strabo-on-cassandra.md: “most beautiful in form of the daughters of Priam” (3.124; again at 6.252)
index/rituals/guest-gifts.md: “the worth of a hundred oxen for the worth of nine” (6.230–236)
index/rituals/washing-clothes.md: “pits” (6.92)
index/rituals/washing-clothes.md: “tread” (6.92)
index/rituals/washing-clothes.md: “be dirty” (6.59, 6.87, 6.93)
index/rituals/writing.md: “he shrank from killing him, for his heart held back in awe from that” (6.167)
index/rituals/writing.md: “to see the sign that he was bringing from his son-in-law Proetus” (6.176–177)
index/sayings/food-and-wine-are-might-and-courage.md: “For in a weary man wine greatly increases might” (6.261)
index/sayings/food-and-wine-are-might-and-courage.md: “for fear you unnerve me and rob me of my might, and I forget my courage” (6.264–265; see [[wine]])
index/sayings/may-the-earth-gape.md: “There and then may the earth gape for him” (6.281–282)
index/sayings/parted-in-friendship.md: “so that these men too may know” (6.230–231; see [[glaucus-and-diomedes]] and [[guest-gifts]])
index/sayings/satiety-of-all-things.md: “insatiable of war” (5.388, 5.863, 6.203)
index/sayings/the-bounds-of-victory.md: “the bounds of destruction” (6.143, 20.429; see [[the-sons-of-unhappy-men]])
index/sayings/the-sons-of-unhappy-men.md: “so that you may the sooner reach the bounds of destruction” (6.142–143)
index/sayings/who-fights-the-gods.md: “since he was hated by all the immortal gods” (6.128–141)
index/similes/like-a-star.md: “shone like a star” (6.295)
index/similes/like-a-star.md: “but Pallas Athena shook her head” (6.297–311; see [[the-robe-for-athena]])
index/similes/the-autumn-star.md: “shone like a star” (6.295)
index/similes/the-generations-of-leaves.md: “lineage” (6.145, 6.151, 6.211)
index/similes/the-generations-of-leaves.md: “so that you may the sooner reach the bounds of destruction” (6.142–143; see [[glaucus-and-diomedes]] and [[lycurgus-and-dionysus]])
index/similes/the-generations-of-leaves.md: “Great-hearted son of Tydeus, why do you ask about my lineage?” (6.145)
index/similes/the-generations-of-leaves.md: “if you wish to learn this too, so that you may know well our lineage—and many men know it” (6.150–151)
index/similes/the-generations-of-leaves.md: “not to shame the race of my fathers” (6.209; see [[always-to-be-the-best]] and [[fathers-and-sons]])
index/similes/the-generations-of-leaves.md: “who eat the fruit of the field” (6.142)
index/similes/the-palm-shoot-on-delos.md: “in just the same way … as you” (6.166–168)
index/stories/bellerophon-in-lycia.md: “for his thoughts were good” (6.160–162)
index/stories/bellerophon-in-lycia.md: “the equals of men” (6.184–186; see [[solymi]] and [[amazons]])
index/stories/bellerophon-in-lycia.md: “of orchard and plowland” (6.191–195)
index/stories/bellerophon-in-lycia.md: “and from him I claim my birth” (6.206)
index/stories/bellerophon-in-lycia.md: “he too was hated by all the gods” (6.200)
index/stories/bellerophon-in-lycia.md: “was hated by all the immortal gods” (6.140; see [[lycurgus-and-dionysus]])
index/stories/diomedes-wounds-aphrodite.md: “who eat the fruit of the field” (6.142)
index/stories/glaucus-and-diomedes.md: “Glaucus, son of Hippolochus, and the son of Tydeus came together between the two armies, eager to fight” (6.119–120)
index/stories/glaucus-and-diomedes.md: “It is the sons of unhappy men who meet my might” (6.123–127)
index/stories/glaucus-and-diomedes.md: “But if you are one of the mortals who eat the fruit of the field, come nearer, so that you may the sooner reach the bounds of destruction” (6.142–143)
index/stories/glaucus-and-diomedes.md: “always to be the best and to excel above the others” (6.150–211; see [[bellerophon-in-lycia]] and [[always-to-be-the-best]])
index/stories/glaucus-and-diomedes.md: “with soothing words” (6.212–214)
index/stories/glaucus-and-diomedes.md: “So now I am your dear guest-friend in the heart of Argos, and you are mine in Lycia, whenever I come to that land” (6.224–225)
index/stories/glaucus-and-diomedes.md: “so that these men too may know that we claim to be guest-friends from our fathers' time” (6.226–231)
index/stories/glaucus-and-diomedes.md: “It is the sons of unhappy men who meet my might” (21.151 = 6.127)
index/stories/glaucus-and-diomedes.md: “come nearer, so that you may the sooner reach the bounds of destruction” (20.429 = 6.143; 20.443–444)
index/stories/glaucus-and-diomedes.md: “if you wish to learn this too” (20.213–214 = 6.150–151)
index/stories/glaucus-and-diomedes.md: “Zeus, son of Cronus, took away Glaucus' wits” (6.234)
index/stories/glaucus-and-diomedes.md: “was hated by all the immortal gods” (6.140)
index/stories/glaucus-and-diomedes.md: “when he too was hated by all the gods” (6.200)
index/stories/hectors-visit-to-troy.md: “But you, Hector, go to the city” (6.86)
index/stories/hectors-visit-to-troy.md: “if he is willing to listen to what I say. There and then may the earth gape for him!” (6.269–285; see [[may-the-earth-gape]])
index/stories/hectors-visit-to-troy.md: “and sorrows were in store for many” (6.241)
index/stories/lycurgus-and-dionysus.md: “since he was hated by all the immortal gods” (6.138–140; see [[zeus]])
index/stories/lycurgus-and-dionysus.md: “Nor would I wish to fight with the blessed gods” (6.141)
index/stories/lycurgus-and-dionysus.md: “when he too was hated by all the gods” (6.200; see [[bellerophon-in-lycia]])
index/stories/lycurgus-and-dionysus.md: “rages beyond measure” (6.100–101)
index/stories/lycurgus-and-dionysus.md: “raving” (6.132)
index/stories/the-eagle-and-the-serpent.md: “by far the best of the bird-seers” (6.76)
index/stories/the-phaeacians-leave-hypereia.md: “now called Corcyra, formerly Scheria” (6.2.4)
index/stories/the-robe-for-athena.md: “with unwashed hands I shrink from pouring sparkling wine to Zeus” (6.266–268; see [[hand-washing]] and [[libation]])
index/stories/the-robe-for-athena.md: “the Trojans had made her priestess of Athena” (6.297–300; see [[theano]] and [[priesthood]])
index/stories/the-robe-for-athena.md: “So they prayed to the daughter of great Zeus” (6.312)
index/stories/the-robe-for-athena.md: “but Pallas Athena shook her head” (6.311)
index/stories/the-robe-for-athena.md: “protector of the city” (6.305; see [[protector-of-the-city]])
index/stories/the-robe-for-athena.md: “and sorrows were in store for many” (6.240–241; see [[trojan-women]] and [[hectors-visit-to-troy]])
index/stories/the-seven-against-thebes.md: “when the army of the Achaeans perished at Thebes” (6.222–223)
index/stories/tydeus-at-thebes.md: “when at Thebes the host of the Achaeans perished” (14.114, 6.222–223)
index/themes/fathers-and-sons.md: “This is the lineage and the blood I claim” (6.211; see [[euchomai]])
index/themes/fathers-and-sons.md: “always to be the best and to excel above the others, and not to shame the race of my fathers” (6.207–209)
index/themes/fathers-and-sons.md: “since I was still little when he left me, when the army of the Achaeans perished at Thebes” (6.222–223)
index/themes/memory-and-the-muses.md: “be men, my friends, and remember your furious courage” (6.112)
index/themes/pity.md: “if she will pity the city and the wives of the Trojans and their little children” (6.94–95, 6.309–310)
index/themes/the-city-and-the-household.md: “the city and the wives of the Trojans and their little children” (6.95, 6.276, 6.310)
index/words/aristos.md: “always to be the best and to excel above the others” (6.208, 11.784)
index/words/euchomai.md: “This is the lineage and the blood I claim” (6.211)
index/words/genee.md: “the eldest by birth” (6.24)
index/words/genee.md: “was of divine race, not of men” (6.180)
index/words/genee.md: “if you wish to learn this too, so that you may know well our lineage, and many men know it” (6.150–151)
index/words/genee.md: “this is the lineage and the blood I claim” (6.211 = 20.241)
index/words/genee.md: “blood” (6.211)
index/words/homophrosyne.md: “genuine friendship” (6.181)
index/words/kerdos.md: “the craftiest of men” (6.153; see [[craftiest]])
index/words/phemis.md: “blame, find fault with” (6.274)
index/words/ponos.md: “on you most of all rests the toil” (6.77)
library/homer/iliad/notes/02/gold-and-silver.md: “the worth of a hundred oxen” (6.236)
library/homer/iliad/notes/03/ajax.md: “Telamonian Ajax, the bulwark of the Achaeans” (6.5)
library/homer/iliad/notes/04/praise-and-blame.md: “holding back from hateful war” (6.330, 4.240)
library/homer/iliad/notes/04/tydeus.md: “when the army of the Achaeans perished at Thebes” (6.222–223)
library/homer/iliad/notes/05/acamas-of-thrace.md: “the man who was the best among the Thracians” (6.5–11)
library/homer/iliad/notes/05/ambrosia.md: “who eat the fruit of the field” (6.142)
library/homer/iliad/notes/05/antenor.md: “the wife of Antenor, tamer of horses” (6.298–300; see [[theano]])
library/homer/iliad/notes/05/exhortation.md: “be men, my friends, and remember your furious courage” (6.112)
library/homer/iliad/notes/05/lycaon.md: “always to be the best” (6.207–208)
library/homer/iliad/notes/05/the-aristeia.md: “did not live long” (6.128–141)
library/homer/iliad/notes/06/acamas-of-thrace.md: “the son of Eussorus, Acamas, tall and brave” (6.8; see [[eussorus]])
library/homer/iliad/notes/06/acamas-of-thrace.md: “and darkness covered his eyes” (6.9–11 = 4.459–461; see [[echepolus]] and [[darkness-covered-his-eyes]])
library/homer/iliad/notes/06/achilles.md: “who, I say, has become the strongest of the Achaeans. We never feared like this even Achilles, leader of men, who they say was born of a goddess; but this man rages beyond measure” (6.98–101; see [[helenus]] and [[diomedes]])
library/homer/iliad/notes/06/aeneas.md: “most of all rests the toil of the Trojans and the Lycians” (6.77–78; see [[helenus]])
library/homer/iliad/notes/06/aeneas.md: “the best in every undertaking, both in fighting and in counsel” (6.78–79)
library/homer/iliad/notes/06/aeneas.md: “would have gone up into Ilios, beaten by their own cowardice” (17.319–320 = 6.73–74)
library/homer/iliad/notes/06/aeneas.md: “they rallied, and stood facing the Achaeans” (17.343 = 6.106; see [[trojans]])
library/homer/iliad/notes/06/agamemnon.md: “Agamemnon, lord of men” (6.33; see [[lord-of-men]])
library/homer/iliad/notes/06/agamemnon.md: “came running to meet him” (6.51–54; see [[adrastus-the-trojan]])
library/homer/iliad/notes/06/agamemnon.md: “My dear” (6.55)
library/homer/iliad/notes/06/agamemnon.md: “Were you so very well treated in your house by the Trojans?” (6.56–57)
library/homer/iliad/notes/06/agamemnon.md: “unmourned and without a trace” (6.58–60)
library/homer/iliad/notes/06/agamemnon.md: “So saying, the hero turned his brother's mind, urging what was due” (6.61–62)
library/homer/iliad/notes/06/aisa.md: “not even the boy whom his mother carries in her womb” (6.55–60)
library/homer/iliad/notes/06/ajax.md: “was left to itself” (6.1; 5.906–909)
library/homer/iliad/notes/06/ajax.md: “the bulwark of the Achaeans” (6.5, 3.229; see [[bulwark-of-the-achaeans]])
library/homer/iliad/notes/06/amazons.md: “Third, he killed the Amazons, the equals of men” (6.186)
library/homer/iliad/notes/06/ambush.md: “And as he was coming back, the king wove another cunning trap for him; he chose the best men out of wide Lycia and set an ambush; but they never came home again, for noble Bellerophon killed them all” (6.187–190)
library/homer/iliad/notes/06/ambush.md: “the noble offspring of a god” (6.191–192; see [[marriage]] and [[litotes]])
library/homer/iliad/notes/06/androktasia.md: “the dread din of battle between Trojans and Achaeans was left to itself” (6.1)
library/homer/iliad/notes/06/answering-him.md: “and spoke to him, and called him by name” (6.253, 6.406, 6.485; see [[called-him-by-name]])
library/homer/iliad/notes/06/answering-him.md: “with soothing words” (6.214, 6.343; see [[gentle-words]])
library/homer/iliad/notes/06/answering-him.md: “Then the shining son of Hippolochus spoke to him in turn” (6.144; see [[genealogy-in-battle]])
library/homer/iliad/notes/06/antilochus.md: “the son of Nestor” (6.33)
library/homer/iliad/notes/06/antilochus.md: “with his shining spear” (6.32)
library/homer/iliad/notes/06/antitheos.md: “And she bore godlike Sarpedon, armed in bronze” (6.199; [[sarpedon]], [[laodameia]], [[armed-in-bronze]])
library/homer/iliad/notes/06/apoina.md: “not even the boy whom his mother carries in her womb” (6.51–60)
library/homer/iliad/notes/06/apoina.md: “what was due” (6.61–65; see [[aisa]], [[supplication]] and [[adrastus-the-trojan]])
library/homer/iliad/notes/06/ares.md: “left to itself” (6.1)
library/homer/iliad/notes/06/ares.md: “Friends, Danaan heroes, attendants of Ares” (6.67; also 2.110, 15.733, 19.78; see [[attendants-of-ares]])
library/homer/iliad/notes/06/ares.md: “Ares, insatiable of war, killed his son Isander as he fought the glorious Solymi” (6.203–204; see [[isander]], [[solymi]] and [[insatiable-of-war]])
library/homer/iliad/notes/06/argive-helen.md: “And Argive Helen sat among her slave women and was directing her handmaids in their glorious work” (6.323–324; [[helen]], [[handmaids]], [[famous]])
library/homer/iliad/notes/06/argives.md: “the Argives gave ground and ceased from slaughter” (6.107)
library/homer/iliad/notes/06/argives.md: “Argive Helen” (6.323; see [[argive-helen]])
library/homer/iliad/notes/06/argos.md: “in a corner of horse-pasturing Argos” (6.152)
library/homer/iliad/notes/06/argos.md: “in the heart of Argos” (6.224)
library/homer/iliad/notes/06/argos.md: “So now I am your dear guest-friend in the heart of Argos, and you are mine in Lycia” (6.224–225)
library/homer/iliad/notes/06/arisbe.md: “in well-built Arisbe” (6.13; see [[well-built]])
library/homer/iliad/notes/06/aristos.md: “the best among the Thracians” (6.7)
library/homer/iliad/notes/06/aristos.md: “by far the best of the bird-seers” (6.76; see [[best-of-bird-seers]])
library/homer/iliad/notes/06/aristos.md: “are the best in every undertaking, both in fighting and in counsel” (6.78–79)
library/homer/iliad/notes/06/aristos.md: “the men who were then the best builders in deep-soiled Troy” (6.314–315)
library/homer/iliad/notes/06/aristos.md: “the most beautiful in form of her daughters” (6.252; see [[best-in-looks]])
library/homer/iliad/notes/06/armed-in-bronze.md: “bore godlike Sarpedon, armed in bronze” (6.199; [[sarpedon]], [[antitheos]])
library/homer/iliad/notes/06/artemis.md: “and Artemis of the golden reins killed his daughter in her anger” (6.200–205; see [[laodameia]], [[isander]] and [[bellerophon]])
library/homer/iliad/notes/06/ash-spear.md: “And the son of Atreus set his heel on his chest and pulled out the ash spear” (6.64–65)
library/homer/iliad/notes/06/athena.md: “left to itself” (6.1)
library/homer/iliad/notes/06/athena.md: “if she will pity the city and the wives of the Trojans and their little children, so that she may hold the son of Tydeus back from sacred Ilios” (6.86–96; see [[helenus]], [[hecuba]] and [[the-robe-for-athena]])
library/homer/iliad/notes/06/athena.md: “the strongest of the Achaeans” (6.98)
library/homer/iliad/notes/06/athena.md: “gray-eyed Athena” (6.88; see [[gray-eyed]])
library/homer/iliad/notes/06/athena.md: “Athena of the lovely hair” (6.92, 6.273, 6.303)
library/homer/iliad/notes/06/athena.md: “Lady Athena, protector of the city, brilliant among goddesses” (6.305)
library/homer/iliad/notes/06/athena.md: “the daughter of great Zeus” (6.304, 6.312; see [[protector-of-the-city]] and [[brilliant-among-goddesses]])
library/homer/iliad/notes/06/athena.md: “driver of spoil” (6.269, 6.279)
library/homer/iliad/notes/06/atreidae.md: “the son of Atreus” (6.44, 6.64)
library/homer/iliad/notes/06/attendants-of-ares.md: “Friends, Danaan heroes, attendants of Ares, let no one now fling himself on the spoils and stay behind so as to come back to the ships carrying the most; but let us kill men” (6.67–70; [[exhortation]], [[nestor]])
library/homer/iliad/notes/06/attendants-of-ares.md: “at your ease” (6.70–71; [[stripping-the-dead]])
library/homer/iliad/notes/06/beauty-and-its-price.md: “the noble offspring of a god” (6.179–191; see [[bellerophon-in-lycia]])
library/homer/iliad/notes/06/beauty-and-its-price.md: “busy with his beautiful armor” (6.321)
library/homer/iliad/notes/06/beauty-and-its-price.md: “was most beautiful in its embroidery and the largest, and it shone like a star” (6.294–295)
library/homer/iliad/notes/06/beauty-and-its-price.md: “the most beautiful in form of her daughters” (6.252; see [[best-in-looks]])
library/homer/iliad/notes/06/bellerophon.md: “devised evil against him in his heart” (6.156–159; on the disputed construction of 6.158–159, see [[proetus]])
library/homer/iliad/notes/06/bellerophon.md: “to lie with … in love” (6.161, 6.165; see [[philotes]] and [[anteia]])
library/homer/iliad/notes/06/bellerophon.md: “shrank from killing him, for his heart held back in awe from that” (6.167; see [[sebas]])
library/homer/iliad/notes/06/bellerophon.md: “grim signs, scratching on a folded tablet many things to destroy a man's life” (6.168–170)
library/homer/iliad/notes/06/bellerophon.md: “under the blameless escort of the gods” (6.171)
library/homer/iliad/notes/06/bellerophon.md: “of orchard and plowland” (6.191–195)
library/homer/iliad/notes/06/bellerophon.md: “hated by all the immortal gods” (6.140; see [[lycurgus]])
library/homer/iliad/notes/06/bellerophon.md: “But Hippolochus begot me” (6.206; see [[hippolochus]])
library/homer/iliad/notes/06/belt.md: “bright with purple” (6.219)
library/homer/iliad/notes/06/bereaved-parents.md: “if he heard that I was alive at the ships of the Achaeans” (6.46–50)
library/homer/iliad/notes/06/bereaved-parents.md: “Ares, insatiable of war, killed his son Isander as he fought the glorious Solymi; and Artemis of the golden reins killed his daughter in her anger” (6.203–205; see [[isander]] and [[laodameia]])
library/homer/iliad/notes/06/bereaved-parents.md: “eating his heart out” (6.201–202; see [[thymos]])
library/homer/iliad/notes/06/bereaved-parents.md: “their sons and brothers and kinsmen and husbands” (6.239–240)
library/homer/iliad/notes/06/best-in-looks.md: “There his generous mother came to meet him, leading in Laodice, the most beautiful in form of her daughters” (6.251–252; [[generous]], [[laodice]])
library/homer/iliad/notes/06/best-of-bird-seers.md: “Helenus, son of Priam, by far the best of the bird-seers” (6.76; [[son-of-priam]])
library/homer/iliad/notes/06/blazing-fire.md: “the terrible might of blazing fire” (6.182)
library/homer/iliad/notes/06/blessed-gods.md: “Nor would I wish to fight with the blessed gods” (6.141)
library/homer/iliad/notes/06/blessed-gods.md: “the gods who live at ease” (6.138; [[who-live-at-ease]])
library/homer/iliad/notes/06/bossed.md: “So he spoke, and Hector of the gleaming helmet went away; and the black hide knocked against his ankles and his neck, the rim that ran around the outer edge of his bossed shield” (6.116–118)
library/homer/iliad/notes/06/bountiful-earth.md: “So he spoke, and Diomedes, good at the war cry, was glad; he fixed his spear in the bountiful earth, and spoke to the shepherd of the people with soothing words” (6.212–214; [[good-at-the-war-cry]], [[shepherd-of-the-people]], [[soothing-words]])
library/homer/iliad/notes/06/bow.md: “and Teucer slew brilliant Aretaon” (6.31)
library/homer/iliad/notes/06/brave.md: “the son of Eussorus, Acamas, tall and brave” (6.8; [[acamas-of-thrace]])
library/homer/iliad/notes/06/brilliant.md: “slew brilliant Aretaon” (6.31; [[teucer]], [[aretaon]])
library/homer/iliad/notes/06/brilliant.md: “brilliant Oeneus” (6.216–217; [[oeneus]])
library/homer/iliad/notes/06/bulwark-of-the-achaeans.md: “Telamonian Ajax, the bulwark of the Achaeans, was the first to break a battalion of the Trojans” (6.5–6)
library/homer/iliad/notes/06/captive-women.md: “the city and the wives of the Trojans and their little children” (6.95, 6.276, 6.310)
library/homer/iliad/notes/06/cattle.md: “twelve cows … yearlings, never touched by the goad” (6.93–94)
library/homer/iliad/notes/06/chariot.md: “his horses, bolting in terror across the plain, caught in a tamarisk branch and broke the curved chariot at the end of the pole” (6.38–40)
library/homer/iliad/notes/06/chariot.md: “tumbled out of the chariot beside the wheel, face down in the dust” (6.42–43)
library/homer/iliad/notes/06/chariot.md: “who at that time drove his horses as his charioteer” (6.18–19)
library/homer/iliad/notes/06/chariot.md: “leapt from his chariot to the ground in his armor” (6.103)
library/homer/iliad/notes/06/charis.md: “the one that was most beautiful in its embroidery and the largest, and it shone like a star; and it lay beneath all the others” (6.294–295)
library/homer/iliad/notes/06/charis.md: “So she spoke in prayer, but Pallas Athena shook her head” (6.311)
library/homer/iliad/notes/06/counselor.md: “With Laodameia Zeus the counselor lay, and she bore godlike Sarpedon, armed in bronze” (6.198–199; [[laodameia]], [[sarpedon]], [[son-of-zeus]])
library/homer/iliad/notes/06/darkness-covered-his-eyes.md: “He was first to strike him on the ridge of his horsehair-crested helmet” (6.9 = 4.459)
library/homer/iliad/notes/06/darkness-covered-his-eyes.md: “and darkness covered his eyes” (6.11 = 4.461)
library/homer/iliad/notes/06/darkness-covered-his-eyes.md: “the best among the Thracians” (6.7; see [[acamas-of-thrace]] and [[androktasia]])
library/homer/iliad/notes/06/darkness-covered-his-eyes.md: “loosened the strength and the shining limbs” (6.27; see [[loosened-his-limbs]])
library/homer/iliad/notes/06/daughter-of-zeus.md: “And made her prayer to the daughter of great Zeus” (6.304)
library/homer/iliad/notes/06/daughter-of-zeus.md: “So they prayed to the daughter of great Zeus” (6.312; [[prayer]], [[the-robe-for-athena]])
library/homer/iliad/notes/06/daughter-of-zeus.md: “So she spoke in prayer, but Pallas Athena shook her head” (6.311; [[pallas]], [[athena]])
library/homer/iliad/notes/06/dawn-line.md: “But when the tenth rosy-fingered Dawn appeared” (6.175)
library/homer/iliad/notes/06/dawn-line.md: “nine days he entertained him and sacrificed nine oxen” (6.174)
library/homer/iliad/notes/06/dear-to-ares.md: “Then once more the Trojans, before the Achaeans dear to Ares, would have gone up into Ilios, beaten by their own cowardice, had there not stood beside Aeneas and Hector, and spoken to them, Helenus, son of Priam” (6.73–76; [[would-have-had-not]], [[helenus]])
library/homer/iliad/notes/06/dear-to-zeus.md: “There Hector, dear to Zeus, went in, and in his hand he held a spear eleven cubits long; and before him shone the bronze point of the spear, and a golden ring ran around it” (6.318–320; [[spear]], [[hector]])
library/homer/iliad/notes/06/death-in-battle.md: “and darkness covered his eyes” (6.9–11; see [[darkness-covered-his-eyes]])
library/homer/iliad/notes/06/death-in-battle.md: “the two of them went down beneath the earth” (6.19)
library/homer/iliad/notes/06/death-in-battle.md: “and stripped the armor from their shoulders” (6.27–28; see [[menos]])
library/homer/iliad/notes/06/death-in-battle.md: “as he fled” (6.35–36)
library/homer/iliad/notes/06/death-in-battle.md: “and afterward, at your ease, you can strip the dead bodies all over the plain” (6.67–71; see [[stripping-the-dead]])
library/homer/iliad/notes/06/deep-soiled.md: “And Hector went to the house of Alexander, a beautiful house, which he himself had built with the men who were then the best builders in deep-soiled Troy” (6.313–315; [[paris]], [[house]])
library/homer/iliad/notes/06/diomedes.md: “a friend to all men” (6.12–19; see [[axylus]] and [[xenia]])
library/homer/iliad/notes/06/diomedes.md: “did not live long” (6.130–141; see [[lycurgus]])
library/homer/iliad/notes/06/diomedes.md: “it is the sons of unhappy men who meet my might” (6.127 = 21.151)
library/homer/iliad/notes/06/diomedes.md: “come nearer, so that you may the sooner reach the bounds of destruction” (6.143 = 20.429)
library/homer/iliad/notes/06/diomedes.md: “Tydeus I do not remember, since I was still little when he left me, when the army of the Achaeans perished at Thebes” (6.222–223; see [[tydeus]] and [[thebes]])
library/homer/iliad/notes/06/dionysus.md: “I would not fight with the gods of heaven” (6.128–129)
library/homer/iliad/notes/06/dionysus.md: “raving” (6.132)
library/homer/iliad/notes/06/dionysus.md: “a strong trembling had hold of him at the man's shouting” (6.136–137)
library/homer/iliad/notes/06/dionysus.md: “The gods who live at ease were angry with him, and the son of Cronus made him blind” (6.138–139)
library/homer/iliad/notes/06/dionysus.md: “hated by all the immortal gods” (6.140; see [[olympians]] and [[zeus]])
library/homer/iliad/notes/06/dionysus.md: “was hated by all the gods” (6.200; see [[bellerophon]] and [[gods-and-mortals]])
library/homer/iliad/notes/06/divination.md: “by far the best of the bird-seers” (6.76 = 1.69)
library/homer/iliad/notes/06/divination.md: “obeying the portents of the gods” (6.183)
library/homer/iliad/notes/06/divination.md: “obeying the portents of the gods” (6.183)
library/homer/iliad/notes/06/divine.md: “obeying the portents of the gods” (6.183)
library/homer/iliad/notes/06/driver-of-spoil.md: “But you go to the temple of Athena, driver of spoil, with burnt offerings, gathering the old women” (6.269–270)
library/homer/iliad/notes/06/driver-of-spoil.md: “But you go to the temple of Athena, driver of spoil” (6.279; [[temple]], [[the-robe-for-athena]])
library/homer/iliad/notes/06/eos.md: “evil sign” (6.178; see [[writing]])
library/homer/iliad/notes/06/equals-of-men.md: “Third, he killed the Amazons, the equals of men” (6.186; [[amazons]], [[bellerophon]])
library/homer/iliad/notes/06/euchomai.md: “So they prayed to the daughter of great Zeus” (6.312)
library/homer/iliad/notes/06/euryalus.md: “the son of Mecisteus” (6.28)
library/homer/iliad/notes/06/euryalus.md: “and of these too he loosened the strength and the shining limbs, the son of Mecisteus, and stripped the armor from their shoulders” (6.27–28; see [[bucolion]] and [[stripping-the-dead]])
library/homer/iliad/notes/06/eurypylus.md: “slew and stripped” (6.36; see [[melanthius-the-trojan]] and [[stripping-the-dead]])
library/homer/iliad/notes/06/exhortation.md: “Friends, Danaan heroes, attendants of Ares” (6.67)
library/homer/iliad/notes/06/exhortation.md: “So saying, he urged on the might and spirit of every man” (6.72)
library/homer/iliad/notes/06/exhortation.md: “ranging everywhere, before they fall into the arms of their women in flight, and become a joy to their enemies” (6.80–82)
library/homer/iliad/notes/06/exhortation.md: “and he awoke the dread din of battle” (6.103–105)
library/homer/iliad/notes/06/exhortation.md: “And they rallied, and stood facing the Achaeans” (6.106 = 5.497, 11.214, 17.343)
library/homer/iliad/notes/06/exhortation.md: “so sharply did they rally” (6.107–109; see [[divine-intervention]])
library/homer/iliad/notes/06/exhortation.md: “High-hearted Trojans and far-famed allies, be men, my friends, and remember your furious courage, while I go up to Ilios and tell the elders who sit in council, and our wives, to pray to the gods and promise them hecatombs” (6.111–115)
library/homer/iliad/notes/06/exhortation.md: “So he spoke, and Hector of the gleaming helmet went away” (17.183–188; 6.116; see [[so-he-spoke]])
library/homer/iliad/notes/06/fair-cheeked.md: “Fair-cheeked Theano opened the doors for them, daughter of Cisseus, the wife of Antenor, tamer of horses; for the Trojans had made her priestess of Athena” (6.298–300)
library/homer/iliad/notes/06/fair-cheeked.md: “fair-cheeked Theano took the robe and laid it on the knees of Athena of the lovely hair” (6.302–303; [[theano]], [[priesthood]], [[lovely-haired]])
library/homer/iliad/notes/06/fair-flowing.md: “lived beside the banks of the fair-flowing Satnioeis, in steep Pedasus” (6.34–35; [[satnioeis]], [[pedasus-on-the-satnioeis]], [[elatus]])
library/homer/iliad/notes/06/fathers-and-sons.md: “always to be the best and to excel above the others, and not to shame the race of my fathers” (6.208–209; see [[always-to-be-the-best]])
library/homer/iliad/notes/06/fathers-and-sons.md: “since I was still little when he left me” (6.222–223)
library/homer/iliad/notes/06/fathers-and-sons.md: “a great bane to the Trojans and to great-hearted Priam and his sons” (6.282–283; see [[sons-of-priam]])
library/homer/iliad/notes/06/fragrant.md: “went down into the fragrant chamber, where her robes were, richly embroidered, the work of women of the Sidonians” (6.288–290; [[robe]], [[sidonians]], [[inlaid]])
library/homer/iliad/notes/06/furious.md: “Be men, my friends, and remember your furious courage, while I go up to Ilios” (6.112–113; [[exhortation]], [[high-hearted]])
library/homer/iliad/notes/06/genealogy-in-battle.md: “Who are you, good sir, among mortal men? For I have never seen you in the battle where men win glory before now” (6.123–125; see [[when-they-came-close]])
library/homer/iliad/notes/06/genealogy-in-battle.md: “It is the sons of unhappy men who meet my might” (6.127 = 21.151; see [[the-sons-of-unhappy-men]])
library/homer/iliad/notes/06/genealogy-in-battle.md: “of the mortals who eat the fruit of the field” (6.128–143; see [[mythological-paradigm]] and [[who-eat-the-fruit-of-the-field]])
library/homer/iliad/notes/06/genealogy-in-battle.md: “why do you ask about my lineage?” (6.145)
library/homer/iliad/notes/06/genealogy-in-battle.md: “But if you wish to learn this too, so that you may know well our lineage—and many men know it—” (6.150–151 = 20.213–214)
library/homer/iliad/notes/06/genee.md: “As is the generation of leaves, so is that of men” (6.146)
library/homer/iliad/notes/06/geron.md: “and they gathered the old women throughout the city” (6.287)
library/homer/iliad/notes/06/geron.md: “many old women hurried after her” (6.296)
library/homer/iliad/notes/06/glaucus.md: “between the two armies, eager to fight” (6.119–120)
library/homer/iliad/notes/06/glaucus.md: “come nearer, so that you may the sooner reach the bounds of destruction” (6.143; see [[diomedes]] and [[lycurgus]])
library/homer/iliad/notes/06/glaucus.md: “why do you ask about my lineage?” (6.145)
library/homer/iliad/notes/06/glaucus.md: “and many men know it” (6.150–151; see [[the-generations-of-leaves]])
library/homer/iliad/notes/06/glaucus.md: “the shepherd of the people” (6.212–214; see [[shepherd-of-the-people]])
library/homer/iliad/notes/06/glaucus.md: “so that these men too may know” (6.226–231)
library/homer/iliad/notes/06/goats.md: “a lion in front, a serpent behind, and in the middle a she-goat” (6.181)
library/homer/iliad/notes/06/goats.md: “a lion in front, a serpent behind, and in the middle a she-goat” (6.181; see [[chimaera]], [[lion]], [[serpent]] and [[bellerophon-in-lycia]])
library/homer/iliad/notes/06/godlike.md: “whom godlike Alexander himself had brought from Sidon, sailing over the wide sea on that voyage on which he brought back Helen” (6.290–292; [[the-abduction-of-helen]], [[daughter-of-a-noble-father]])
library/homer/iliad/notes/06/godlike.md: “Then godlike Alexander spoke to him in turn” (6.332)
library/homer/iliad/notes/06/gods-and-mortals.md: “Now the dread din of battle between Trojans and Achaeans was left to itself” (6.1)
library/homer/iliad/notes/06/gods-and-mortals.md: “one of the immortals had come down from the starry sky to bring help to the Trojans” (6.108–109)
library/homer/iliad/notes/06/gods-and-mortals.md: “the gods who live at ease” (6.138)
library/homer/iliad/notes/06/gods-and-mortals.md: “who eat the fruit of the field” (6.142)
library/homer/iliad/notes/06/gods-and-mortals.md: “under the blameless escort of the gods” (6.171)
library/homer/iliad/notes/06/gods-and-mortals.md: “obeying the portents of the gods” (6.183)
library/homer/iliad/notes/06/gods-and-mortals.md: “the noble offspring of a god” (6.191)
library/homer/iliad/notes/06/gods-and-mortals.md: “but Pallas Athena shook her head” (6.311; see [[the-robe-for-athena]] and [[reciprocity-with-the-gods]])
library/homer/iliad/notes/06/gold-and-silver.md: “and Bellerophon a two-handled cup of gold, which I left in my house when I came here” (6.219–221)
library/homer/iliad/notes/06/gold-and-silver.md: “bronze and gold and iron worked with much toil” (6.47–48)
library/homer/iliad/notes/06/gold-and-silver.md: “before him shone the bronze point of the spear, and a golden ring ran around it” (6.319–320; see [[spear]])
library/homer/iliad/notes/06/good-at-the-war-cry.md: “Diomedes, good at the war cry, killed Axylus” (6.12; [[axylus]])
library/homer/iliad/notes/06/good-at-the-war-cry.md: “Menelaus, good at the war cry, took Adrastus alive” (6.37–38; [[adrastus-the-trojan]])
library/homer/iliad/notes/06/good-at-the-war-cry.md: “Diomedes, good at the war cry, spoke to him first” (6.122)
library/homer/iliad/notes/06/good-at-the-war-cry.md: “Diomedes, good at the war cry, was glad” (6.212)
library/homer/iliad/notes/06/gounata.md: “but Pallas Athena shook her head” (6.311)
library/homer/iliad/notes/06/gray-eyed.md: “to the temple of gray-eyed Athena on the height of the city” (6.88; [[temple]], [[helenus]])
library/homer/iliad/notes/06/gray-eyed.md: “Athena of the lovely hair” (6.92, 6.273, 6.303; [[lovely-haired]])
library/homer/iliad/notes/06/gray-eyed.md: “driver of spoil” (6.269, 6.279; [[driver-of-spoil]])
library/homer/iliad/notes/06/gray-eyed.md: “brilliant among goddesses” (6.305; [[protector-of-the-city]])
library/homer/iliad/notes/06/great-hearted.md: “Great-hearted son of Tydeus, why do you ask about my lineage?” (6.145; [[son-of-tydeus]], [[genee]])
library/homer/iliad/notes/06/great-hearted.md: “as a great bane to the Trojans and to great-hearted Priam and his sons” (6.282–283; [[may-the-earth-gape]], [[priam]])
library/homer/iliad/notes/06/guest-gifts.md: “and they gave each other fine guest-gifts: Oeneus gave a belt bright with purple, and Bellerophon a two-handled cup of gold, which I left in my house when I came here” (6.217–221)
library/homer/iliad/notes/06/guest-gifts.md: “And let us exchange armor with each other, so that these men too may know that we claim to be guest-friends from our fathers' time” (6.230–231)
library/homer/iliad/notes/06/hades.md: “If I could see him going down into the house of Hades, I would think my heart had forgotten its joyless misery” (6.284–285; see [[may-the-earth-gape]] and [[paris]])
library/homer/iliad/notes/06/hades.md: “went down beneath the earth” (6.18–19)
library/homer/iliad/notes/06/handmaids.md: “among her slave women” (6.323–324; see [[helen]] and [[weaving]])
library/homer/iliad/notes/06/hateful.md: “And you yourself would quarrel with any other man whom you saw holding back from hateful war” (6.329–330)
library/homer/iliad/notes/06/heavenly-gods.md: “I would not fight with the gods of heaven” (6.129)
library/homer/iliad/notes/06/heavenly-gods.md: “who strove with the gods of heaven,” (6.131; [[lycurgus-and-dionysus]], [[who-fights-the-gods]])
library/homer/iliad/notes/06/hecatomb.md: “to pray to the gods and promise them hecatombs” (6.113–115)
library/homer/iliad/notes/06/hecatomb.md: “the worth of a hundred oxen for the worth of nine” (6.236)
library/homer/iliad/notes/06/hector.md: “the elders who sit in council, and our wives” (6.113–114; see [[trojan-elders]])
library/homer/iliad/notes/06/hector.md: “he told them to pray to the gods, all of them in turn; and sorrows were in store for many” (6.240–241; see [[scaean-gates]] and [[trojan-women]])
library/homer/iliad/notes/06/hector.md: “may the earth gape for him!” (6.282; see [[may-the-earth-gape]])
library/homer/iliad/notes/06/hecuba.md: “your mother and mine” (6.87; see [[helenus]])
library/homer/iliad/notes/06/hecuba.md: “in a weary man wine greatly increases might” (6.261; see [[wine]] and [[menos]])
library/homer/iliad/notes/06/hecuba.md: “shone like a star; and it lay beneath all the others” (6.293–295; see [[like-a-star]] and [[robe]])
library/homer/iliad/notes/06/helen.md: “on that voyage on which he brought back Helen, daughter of a noble father” (6.292; see [[sidonians]] and [[daughter-of-a-noble-father]])
library/homer/iliad/notes/06/helen.md: “Argive Helen sat among her slave women and was directing her handmaids in their glorious work” (6.323–324; see [[argive-helen]], [[handmaids]] and [[weaving]])
library/homer/iliad/notes/06/helenus.md: “the best in every undertaking, both in fighting and in counsel” (6.77–79; see [[aeneas]] and [[hector]])
library/homer/iliad/notes/06/helenus.md: “fall into the arms of their women in flight, and become a joy to their enemies” (6.81–82)
library/homer/iliad/notes/06/helenus.md: “hard pressed though we are; for necessity compels us” (6.85)
library/homer/iliad/notes/06/helenus.md: “your mother and mine” (6.86–87)
library/homer/iliad/notes/06/helenus.md: “who they say was born of a goddess” (6.100)
library/homer/iliad/notes/06/helenus.md: “rages” (6.101)
library/homer/iliad/notes/06/helenus.md: “that savage spearman, mighty master of rout” (6.97)
library/homer/iliad/notes/06/helenus.md: “Hector did not disobey his brother” (6.102)
library/homer/iliad/notes/06/hesiod.md: “obeying the portents of the gods” (6.183)
library/homer/iliad/notes/06/hieros.md: “hold the son of Tydeus back from sacred Ilios” (6.96, 6.277; [[son-of-tydeus]])
library/homer/iliad/notes/06/high-hearted.md: “High-hearted Trojans and far-famed allies, be men, my friends, and remember your furious courage” (6.111–112; [[exhortation]], [[famous]], [[furious]])
library/homer/iliad/notes/06/horse-pasturing.md: “There is a city, Ephyra, in a corner of horse-pasturing Argos, and there lived Sisyphus” (6.152–153; [[ephyra-in-argos]], [[sisyphus]])
library/homer/iliad/notes/06/horse-pasturing.md: “So now I am your dear guest-friend in the heart of Argos” (6.224; [[xenia]], [[glaucus-and-diomedes]])
library/homer/iliad/notes/06/horses.md: “horse-pasturing” (6.152)
library/homer/iliad/notes/06/horses.md: “tamer of horses” (6.299)
library/homer/iliad/notes/06/horses.md: “horsehair-crested” (6.9; see [[horsehair-crested]])
library/homer/iliad/notes/06/house.md: “on the height of the city” (6.317)
library/homer/iliad/notes/06/house.md: “The beautiful house of Priam, built with polished colonnades” (6.242–243)
library/homer/iliad/notes/06/house.md: “in a house beside the road” (6.15; see [[axylus]])
library/homer/iliad/notes/06/husbands-and-wives.md: “beside their modest wives” (6.246, 6.250; see [[priams-palace]] and [[in-laws]])
library/homer/iliad/notes/06/husbands-and-wives.md: “the wife of Antenor” (6.299; see [[theano]])
library/homer/iliad/notes/06/husbands-and-wives.md: “Either die, Proetus, or kill Bellerophon, who wanted to lie with me in love against my will” (6.160–165)
library/homer/iliad/notes/06/immortals.md: “thought that one of the immortals had come down from the starry sky to bring help to the Trojans, so sharply did they rally” (6.108–109; [[starry]])
library/homer/iliad/notes/06/immortals.md: “But if you are one of the immortals come down from heaven, I would not fight with the gods of heaven” (6.128–129; [[heavenly-gods]], [[good-sir]])
library/homer/iliad/notes/06/immortals.md: “did not live long after, since he was hated by all the immortal gods” (6.139–140; [[lycurgus-and-dionysus]], [[who-fights-the-gods]])
library/homer/iliad/notes/06/immortals.md: “But when he too was hated by all the gods” (6.200; [[bellerophon]])
library/homer/iliad/notes/06/immortals.md: “father Zeus and the other immortals” (6.259; [[father-zeus]], [[libation]])
library/homer/iliad/notes/06/insatiable-of-war.md: “And Ares, insatiable of war, killed his son Isander as he fought the glorious Solymi; and Artemis of the golden reins killed his daughter in her anger” (6.203–205; [[isander]], [[kydalimos]], [[of-the-golden-reins]])
library/homer/iliad/notes/06/iron.md: “iron worked with much toil” (6.48)
library/homer/iliad/notes/06/kasignetos.md: “Hector did not disobey his brother” (6.102)
library/homer/iliad/notes/06/kasignetos.md: “your mother and mine” (6.87)
library/homer/iliad/notes/06/kleos.md: “not to shame the race of my fathers” (6.209; see [[fathers-and-sons]])
library/homer/iliad/notes/06/kleos.md: “many men know” (6.151; see [[genee]])
library/homer/iliad/notes/06/kleos.md: “famous allies” (6.227)
library/homer/iliad/notes/06/krateros.md: “mighty master of rout” (6.97, 6.278; [[master-of-rout]], [[spearmen]])
library/homer/iliad/notes/06/krateros.md: “not even the son of Dryas, mighty Lycurgus, lived long” (6.130)
library/homer/iliad/notes/06/krateros.md: “for a strong trembling had hold of him at the man's shouting” (6.137; [[lycurgus]], [[dionysus]], [[lycurgus-and-dionysus]])
library/homer/iliad/notes/06/kydalimos.md: “Second, he fought with the glorious Solymi; that, he said, was the fiercest battle of men he ever entered” (6.184–185)
library/homer/iliad/notes/06/kydalimos.md: “Ares, insatiable of war, killed his son Isander as he fought the glorious Solymi” (6.203–204; [[solymi]], [[isander]], [[insatiable-of-war]])
library/homer/iliad/notes/06/laodice.md: “leading in Laodice, the most beautiful in form of her daughters” (6.252)
library/homer/iliad/notes/06/laodice.md: “leading in Laodice, the most beautiful in form of her daughters” (6.252; see [[hecuba]] and [[priams-palace]])
library/homer/iliad/notes/06/laomedon.md: “the eldest by birth, but his mother bore him in secret” (6.24)
library/homer/iliad/notes/06/laomedon.md: “noble” (6.23)
library/homer/iliad/notes/06/leader-of-men.md: “We never feared like this even Achilles, leader of men, who they say was born of a goddess; but this man rages beyond measure, and no one can match his might” (6.99–101)
library/homer/iliad/notes/06/leitus.md: “the hero Leitus” (6.35; see [[heros]])
library/homer/iliad/notes/06/libation.md: “so that you may pour a libation to father Zeus and the other immortals first, and then you yourself will be the better for it, if you drink” (6.259–260)
library/homer/iliad/notes/06/lion.md: “a lion in front, a serpent behind, and in the middle a she-goat” (6.181)
library/homer/iliad/notes/06/litotes.md: “did not live long” (6.130–131, 6.139–140)
library/homer/iliad/notes/06/litotes.md: “never came home again” (6.189)
library/homer/iliad/notes/06/litotes.md: “did not disobey his brother” (6.102)
library/homer/iliad/notes/06/litotes.md: “for noble Bellerophon killed them all” (6.190; see [[ambush]] and [[nostos]])
library/homer/iliad/notes/06/litotes.md: “So he spoke, and Hector did not disobey his brother” (6.102)
library/homer/iliad/notes/06/long-shadowed.md: “holding his long-shadowed spear” (6.44)
library/homer/iliad/notes/06/long-shadowed.md: “in your daring, since you have stood up to my long-shadowed spear” (6.126; [[good-sir]])
library/homer/iliad/notes/06/loosened-his-limbs.md: “loosened the strength and the shining limbs” (6.27)
library/homer/iliad/notes/06/lord-of-dark-clouds.md: “And with unwashed hands I shrink from pouring sparkling wine to Zeus; nor may a man in any way offer the son of Cronus, lord of the dark clouds, a prayer when he is spattered with blood and gore” (6.266–268; [[hand-washing]], [[libation]], [[son-of-cronus]])
library/homer/iliad/notes/06/lord-of-men.md: “And Agamemnon, lord of men, slew Elatus; he lived beside the banks of the fair-flowing Satnioeis, in steep Pedasus” (6.33–35; [[elatus]], [[satnioeis]], [[pedasus-on-the-satnioeis]], [[fair-flowing]], [[steep]])
library/homer/iliad/notes/06/lord-of-men.md: “powerful Agamemnon” (6.53–65; [[powerful]], [[adrastus-the-trojan]])
library/homer/iliad/notes/06/lovely-haired.md: “let her lay on the knees of Athena of the lovely hair” (6.92)
library/homer/iliad/notes/06/lovely-haired.md: “took the robe and laid it on the knees of Athena of the lovely hair” (6.302–303; [[robe]], [[the-robe-for-athena]])
library/homer/iliad/notes/06/lovely.md: “To him the gods gave beauty and lovely manhood; but Proetus devised evil against him in his heart” (6.156–157; [[bellerophon]], [[proetus]])
library/homer/iliad/notes/06/lovely.md: “The wife of Proetus, brilliant Anteia, was mad with longing to lie with him in secret love” (6.160–161; [[anteia]], [[eros]])
library/homer/iliad/notes/06/lycia.md: “Lycia and the flowing Xanthus” (6.172; see [[xanthus-of-lycia]])
library/homer/iliad/notes/06/lycia.md: “the best men out of wide Lycia” (6.188)
library/homer/iliad/notes/06/lycia.md: “were by far the best in Ephyra and in wide Lycia” (6.209–210)
library/homer/iliad/notes/06/lycia.md: “you are mine in Lycia, whenever I come to that land” (6.225)
library/homer/iliad/notes/06/lycians.md: “rests the toil of the Trojans and the Lycians” (6.77–78; see [[helenus]])
library/homer/iliad/notes/06/lycians.md: “they never came home again” (6.188–190)
library/homer/iliad/notes/06/lycians.md: “the Lycians marked out for him a domain finer than all others, a fair one, of orchard and plowland” (6.194–195; see [[bellerophon]])
library/homer/iliad/notes/06/man-slaying.md: “as man-slaying Lycurgus struck them with his ox-goad” (6.134–135; [[lycurgus]], [[lycurgus-and-dionysus]])
library/homer/iliad/notes/06/master-of-rout.md: “that savage spearman, mighty master of rout, who, I say, has become the strongest of the Achaeans” (6.96–98; Hector repeats it at 6.277–278; [[spearmen]], [[krateros]])
library/homer/iliad/notes/06/master-of-rout.md: “We never feared like this even Achilles, leader of men” (6.99; [[leader-of-men]])
library/homer/iliad/notes/06/may-the-earth-gape.md: “if he is willing to listen to what I say. There and then may the earth gape for him! For the Olympian has raised him as a great bane to the Trojans and to great-hearted Priam and his sons” (6.281–283)
library/homer/iliad/notes/06/may-the-earth-gape.md: “If I could see him going down into the house of Hades, I would think my heart had forgotten its joyless misery” (6.284–285)
library/homer/iliad/notes/06/mecisteus.md: “the son of Mecisteus” (6.28)
library/homer/iliad/notes/06/mecisteus.md: “the son of Mecisteus” (6.28)
library/homer/iliad/notes/06/menelaus.md: “good at the war cry” (6.37; see [[good-at-the-war-cry]])
library/homer/iliad/notes/06/menelaus.md: “he began to win over the heart in his breast” (6.51)
library/homer/iliad/notes/06/menelaus.md: “So saying, the hero turned his brother's mind” (6.61)
library/homer/iliad/notes/06/menelaus.md: “pushed away from him with his hand the hero Adrastus” (6.62–63)
library/homer/iliad/notes/06/menos.md: “Do not bring me wine sweet to the heart, lady mother, for fear you unnerve me and rob me of my might, and I forget my courage” (6.264–265)
library/homer/iliad/notes/06/menos.md: “urged on the might and spirit of every man” (6.72)
library/homer/iliad/notes/06/message-repeated.md: “tell your mother and mine; let her gather the old women to the temple of gray-eyed Athena” (6.86–88)
library/homer/iliad/notes/06/message-repeated.md: “the robe that is the loveliest and largest in your hall” (6.90–92, 6.271–273)
library/homer/iliad/notes/06/message-repeated.md: “if she will hold the son of Tydeus back from sacred Ilios” (6.96, 6.277)
library/homer/iliad/notes/06/message-repeated.md: “But you go to the temple of Athena, driver of spoil” (6.269 = 6.279)
library/homer/iliad/notes/06/message-repeated.md: “gray-eyed” (6.88; see [[driver-of-spoil]])
library/homer/iliad/notes/06/message-repeated.md: “so that we may now at once sacrifice twelve cows to you in your temple” (6.308–310)
library/homer/iliad/notes/06/message-repeated.md: “break the spear of Diomedes, and grant that he himself may fall headlong before the Scaean gates” (6.306–307)
library/homer/iliad/notes/06/meter.md: “lady mother” (6.264)
library/homer/iliad/notes/06/meter.md: “not even the boy whom his mother carries in her womb, not even he escape” (6.58–59)
library/homer/iliad/notes/06/meter.md: “but his mother bore him in secret” (6.24)
library/homer/iliad/notes/06/mortal-men.md: “Who are you, good sir, among mortal men?” (6.123; [[good-sir]])
library/homer/iliad/notes/06/mortal-men.md: “the mortals who eat the fruit of the field” (6.142; [[who-eat-the-fruit-of-the-field]])
library/homer/iliad/notes/06/mothers-and-sons.md: “your mother and mine” (6.87)
library/homer/iliad/notes/06/mothers-and-sons.md: “clung to his hand, and spoke to him, and called him by name” (6.253)
library/homer/iliad/notes/06/mothers-and-sons.md: “lay beneath all the others” (6.288–296; see [[hecuba]] and [[the-robe-for-athena]])
library/homer/iliad/notes/06/mothers-and-sons.md: “plunged beneath the wave of the sea, and Thetis took him to her bosom in his fear” (6.132–137)
library/homer/iliad/notes/06/mothers-and-sons.md: “in her anger” (6.198–205; see [[laodameia]] and [[sarpedon]])
library/homer/iliad/notes/06/mythological-paradigm.md: “But if you are one of the immortals come down from heaven, I would not fight with the gods of heaven. For not even the son of Dryas, mighty Lycurgus, lived long, who strove with the gods of heaven” (6.128–131)
library/homer/iliad/notes/06/mythological-paradigm.md: “and he did not live long after, since he was hated by all the immortal gods” (6.132–140; see [[lycurgus-and-dionysus]], [[lycurgus]] and [[dionysus]])
library/homer/iliad/notes/06/mythological-paradigm.md: “Nor would I wish to fight with the blessed gods” (6.141)
library/homer/iliad/notes/06/mythological-paradigm.md: “did not live long” (6.130–131, 6.139–140)
library/homer/iliad/notes/06/nemesis.md: “you do wrong to keep this anger in your heart” (6.326)
library/homer/iliad/notes/06/nestor.md: “fling himself on the spoils and stay behind” (6.68–69)
library/homer/iliad/notes/06/nestor.md: “Friends, Danaan heroes, attendants of Ares” (6.67 = 2.110; also 15.733, 19.78; see [[attendants-of-ares]] and [[heros]])
library/homer/iliad/notes/06/nestor.md: “So saying, he urged on the might and spirit of every man” (6.72)
library/homer/iliad/notes/06/nestor.md: “the son of Nestor” (6.32–33; see [[antilochus]])
library/homer/iliad/notes/06/noble.md: “Bucolion was the son of noble Laomedon, the eldest by birth, but his mother bore him in secret” (6.23–24)
library/homer/iliad/notes/06/nymphs.md: “Aesepus and Pedasus, whom once the nymph Abarbarea, a Naiad, bore to noble Bucolion” (6.21–22)
library/homer/iliad/notes/06/nymphs.md: “while he was tending his sheep” (6.23–26; see [[abarbarea]], [[bucolion]], [[aesepus-son-of-bucolion]] and [[pedasus-son-of-bucolion]])
library/homer/iliad/notes/06/nymphs.md: “loosened the strength and the shining limbs” (6.27–28; see [[euryalus]] and [[the-war-in-small]])
library/homer/iliad/notes/06/of-the-gleaming-helmet.md: “So he spoke, and Hector of the gleaming helmet went away,” (6.116)
library/homer/iliad/notes/06/of-the-gleaming-helmet.md: “Then great Hector of the gleaming helmet answered her,” (6.263)
library/homer/iliad/notes/06/olympian.md: “There and then may the earth gape for him! For the Olympian has raised him as a great bane to the Trojans and to great-hearted Priam and his sons” (6.281–283; [[may-the-earth-gape]], [[great-hearted]])
library/homer/iliad/notes/06/olympians.md: “that one of the immortals had come down from the starry sky to bring help to the Trojans” (6.108–109)
library/homer/iliad/notes/06/olympians.md: “one of the immortals come down from heaven” (6.128)
library/homer/iliad/notes/06/olympians.md: “hated by all the immortal gods” (6.140)
library/homer/iliad/notes/06/olympians.md: “was hated by all the gods” (6.200; see [[bellerophon]])
library/homer/iliad/notes/06/paris.md: “for the Olympian has raised him as a great bane to the Trojans and to great-hearted Priam and his sons” (6.281–283)
library/homer/iliad/notes/06/paris.md: “Strange one, you do wrong to keep this anger in your heart” (6.326; see [[strange-one]])
library/homer/iliad/notes/06/paris.md: “for your sake” (6.327–329)
library/homer/iliad/notes/06/pater.md: “from our fathers' time” (6.215, 6.231)
library/homer/iliad/notes/06/pater.md: “Tydeus I do not remember, since I was still little when he left me” (6.222–223; see [[tydeus]])
library/homer/iliad/notes/06/peitho.md: “turned his brother's mind” (6.61)
library/homer/iliad/notes/06/percote.md: “of Percote” (6.30)
library/homer/iliad/notes/06/percote.md: “of Percote” (6.30)
library/homer/iliad/notes/06/perikalles.md: “found him in his chamber busy with his beautiful armor, his shield and his corselet, and handling his curved bow” (6.321–322; [[paris]], [[curved-bow]])
library/homer/iliad/notes/06/phaeinos.md: “And Antilochus slew Ablerus with his shining spear, the son of Nestor” (6.32–33; [[antilochus]], [[ablerus]])
library/homer/iliad/notes/06/phaidimos.md: “the shining son of Hippolochus” (6.144; [[glaucus]], [[hippolochus]])
library/homer/iliad/notes/06/philos.md: “Friends, Danaan heroes, attendants of Ares” (6.67)
library/homer/iliad/notes/06/philos.md: “be men, my friends” (6.112)
library/homer/iliad/notes/06/polypoetes.md: “steadfast in battle” (6.29, 2.740; see [[steadfast-in-battle]])
library/homer/iliad/notes/06/posis.md: “sorrows were in store for many” (6.241)
library/homer/iliad/notes/06/powerful.md: “pushed away from him with his hand the hero Adrastus; and powerful Agamemnon stabbed him in the flank” (6.62–64; [[adrastus-the-trojan]], [[supplication]])
library/homer/iliad/notes/06/praise-and-blame.md: “with shaming words” (6.325)
library/homer/iliad/notes/06/praise-and-blame.md: “and you yourself would quarrel with any other man whom you saw holding back from hateful war” (6.327–330)
library/homer/iliad/notes/06/prayer-type-scene.md: “with a loud cry they all lifted up their hands to Athena” (6.301)
library/homer/iliad/notes/06/prayer-type-scene.md: “Lady Athena, protector of the city, brilliant among goddesses” (6.305)
library/homer/iliad/notes/06/prayer-type-scene.md: “so that we may now at once sacrifice twelve cows to you in your temple … if you will pity the city” (6.308–310)
library/homer/iliad/notes/06/prayer-type-scene.md: “So she spoke in prayer, but Pallas Athena shook her head” (6.311)
library/homer/iliad/notes/06/prayer.md: “pray to the gods and promise them hecatombs” (6.114–115; see [[hecatomb]])
library/homer/iliad/notes/06/prayer.md: “and he told them to pray to the gods, all of them in turn; and sorrows were in store for many” (6.240–241)
library/homer/iliad/notes/06/prayer.md: “lift up your hands to Zeus from the height of the city” (6.257)
library/homer/iliad/notes/06/prayer.md: “nor may a man in any way offer the son of Cronus, lord of the dark clouds, a prayer when he is spattered with blood and gore” (6.267–268; see [[hand-washing]] and [[libation]])
library/homer/iliad/notes/06/prayer.md: “So they prayed to the daughter of great Zeus” (6.312)
library/homer/iliad/notes/06/prayer.md: “claim” (6.211)
library/homer/iliad/notes/06/priam.md: “on the height of the city” (6.317)
library/homer/iliad/notes/06/priam.md: “for the Olympian has raised him as a great bane to the Trojans and to great-hearted Priam and his sons” (6.282–283; see [[may-the-earth-gape]])
library/homer/iliad/notes/06/priesthood.md: “For the Trojans had made her priestess of Athena” (6.300)
library/homer/iliad/notes/06/privative-adjectives.md: “but let them all together perish from Ilios, unmourned and without a trace” (6.59–60)
library/homer/iliad/notes/06/privative-adjectives.md: “unwashed” (6.266; see [[hand-washing]])
library/homer/iliad/notes/06/privative-adjectives.md: “joyless misery” (6.285)
library/homer/iliad/notes/06/privative-adjectives.md: “boundless” (6.49, 6.427; see [[apoina]])
library/homer/iliad/notes/06/privative-adjectives.md: “irresistible” (6.179; see [[chimaera]])
library/homer/iliad/notes/06/queenly.md: “Do not bring me wine sweet to the heart, lady mother” (6.264; [[hecuba]], [[honey-sweet]])
library/homer/iliad/notes/06/reciprocity-with-the-gods.md: “and promise to sacrifice twelve cows to her in her temple, yearlings, never touched by the goad, if she will pity the city and the wives of the Trojans and their little children, so that she may hold the son of Tydeus back from sacred Ilios” (6.86–97)
library/homer/iliad/notes/06/reciprocity-with-the-gods.md: “to father Zeus and the other immortals first” (6.258–260)
library/homer/iliad/notes/06/reciprocity-with-the-gods.md: “with unwashed hands I shrink from pouring sparkling wine to Zeus; nor may a man in any way offer the son of Cronus, lord of the dark clouds, a prayer when he is spattered with blood and gore” (6.266–268)
library/homer/iliad/notes/06/reciprocity-with-the-gods.md: “to pray to the gods and promise them hecatombs” (6.113–115)
library/homer/iliad/notes/06/robe.md: “that seems to her the loveliest and largest in her hall, and by far the dearest to her own heart” (6.90–91)
library/homer/iliad/notes/06/robe.md: “on that voyage on which he brought back Helen” (6.289–292; see [[sidonians]], [[sidon]] and [[the-abduction-of-helen]])
library/homer/iliad/notes/06/rosy-fingered.md: “Nine days he entertained him and sacrificed nine oxen. But when the tenth rosy-fingered Dawn appeared, then he questioned him and asked to see the sign that he was bringing from his son-in-law Proetus” (6.174–177; [[bellerophon]], [[writing]])
library/homer/iliad/notes/06/sack-of-troy-foretold.md: “the city and the wives of the Trojans and their little children” (6.95, 6.276, 6.310)
library/homer/iliad/notes/06/sack-of-troy-foretold.md: “and sorrows were in store for many” (6.238–241)
library/homer/iliad/notes/06/sack-of-troy-foretold.md: “for fear the city will soon burn with consuming fire” (6.331)
library/homer/iliad/notes/06/sacrifice.md: “to sacrifice twelve cows to her in her temple, yearlings, never touched by the goad” (6.93–94, 6.274–275; in the first person, ἱερεύσομεν, 6.308–309)
library/homer/iliad/notes/06/sacrifice.md: “if she will pity the city and the wives of the Trojans and their little children” (6.94–95, 6.309–310)
library/homer/iliad/notes/06/sacrifice.md: “Nine days he entertained him and sacrificed nine oxen” (6.174)
library/homer/iliad/notes/06/sarpedon.md: “godlike Sarpedon, armed in bronze” (6.198–199)
library/homer/iliad/notes/06/sarpedon.md: “in her anger” (6.205)
library/homer/iliad/notes/06/scaean-gates.md: “to the Scaean gates and the oak” (6.237; see [[the-oak-of-zeus]] and [[trojan-women]])
library/homer/iliad/notes/06/scaean-gates.md: “fall headlong before the Scaean gates” (6.307; see [[theano]])
library/homer/iliad/notes/06/scamander.md: “between the streams of the Simoeis and the Xanthus” (6.4)
library/homer/iliad/notes/06/sebas.md: “anger seized the lord at what he heard; he shrank from killing him, for his heart held back in awe from that, but he sent him to Lycia, and gave him grim signs” (6.166–168)
library/homer/iliad/notes/06/serpent.md: “a lion in front, a serpent behind, and in the middle a she-goat” (6.181)
library/homer/iliad/notes/06/serpent.md: “a lion in front, a serpent behind, and in the middle a she-goat” (6.179–183; see [[chimaera]], [[lion]], [[goats]] and [[bellerophon-in-lycia]])
library/homer/iliad/notes/06/sharp.md: “And at once he leapt from his chariot to the ground in his armor, and brandishing his sharp spears he went everywhere through the army” (6.103–104)
library/homer/iliad/notes/06/shepherd-of-the-people.md: “And spoke to the shepherd of the people with soothing words” (6.214; [[soothing-words]])
library/homer/iliad/notes/06/shield.md: “busy with his beautiful armor, his shield and his corselet” (6.321–322; see [[corselet]] and [[bow]])
library/homer/iliad/notes/06/simoeis.md: “between the streams of the Simoeis and the Xanthus” (6.4)
library/homer/iliad/notes/06/so-he-spoke.md: “So he spoke, and he began to win over the heart in his breast” (6.51)
library/homer/iliad/notes/06/so-he-spoke.md: “So saying, the hero turned his brother's mind” (6.61; see [[supplication]])
library/homer/iliad/notes/06/so-he-spoke.md: “So he spoke, and Hector did not disobey his brother” (6.102; see [[litotes]])
library/homer/iliad/notes/06/so-he-spoke.md: “So she spoke in prayer, but Pallas Athena shook her head” (6.311)
library/homer/iliad/notes/06/so-he-spoke.md: “So she spoke, and anger seized the lord at what he heard” (6.166; see [[anteia]])
library/homer/iliad/notes/06/son-of-atreus.md: “beside him stood Menelaus, son of Atreus, holding his long-shadowed spear” (6.43–44; [[long-shadowed]])
library/homer/iliad/notes/06/son-of-atreus.md: “Take me alive, son of Atreus, and accept a worthy ransom” (6.46)
library/homer/iliad/notes/06/son-of-atreus.md: “and the son of Atreus set his heel on his chest and pulled out the ash spear” (6.64–65; [[ash-spear]], [[adrastus-the-trojan]])
library/homer/iliad/notes/06/son-of-cronus.md: “But then Zeus, son of Cronus, took away Glaucus' wits, for he exchanged armor with Diomedes, son of Tydeus, gold for bronze” (6.234–236; [[glaucus-and-diomedes]])
library/homer/iliad/notes/06/son-of-cronus.md: “nor may a man in any way offer the son of Cronus, lord of the dark clouds, a prayer when he is spattered with blood and gore” (6.267–268; [[lord-of-dark-clouds]], [[hand-washing]], [[libation]])
library/homer/iliad/notes/06/son-of-priam.md: “your mother and mine” (6.77–101)
library/homer/iliad/notes/06/son-of-tydeus.md: “hold the son of Tydeus back from sacred Ilios” (6.96, 6.277; [[hieros]], [[master-of-rout]])
library/homer/iliad/notes/06/son-of-tydeus.md: “Glaucus, son of Hippolochus, and the son of Tydeus came together” (6.119)
library/homer/iliad/notes/06/son-of-tydeus.md: “Great-hearted son of Tydeus, why do you ask about my lineage?” (6.145; [[great-hearted]])
library/homer/iliad/notes/06/son-of-tydeus.md: “with Diomedes, son of Tydeus” (6.235; [[glaucus-and-diomedes]])
library/homer/iliad/notes/06/son-of-tydeus.md: “Tydeus I do not remember, since I was still little when he left me, when the army of the Achaeans perished at Thebes” (6.222–223; [[tydeus]], [[the-seven-against-thebes]])
library/homer/iliad/notes/06/sons-of-priam.md: “your mother and mine” (6.87; see [[helenus]] and [[son-of-priam]])
library/homer/iliad/notes/06/sons-of-priam.md: “did not disobey his brother” (6.102)
library/homer/iliad/notes/06/sons-of-priam.md: “to the Trojans and to great-hearted Priam and his sons” (6.283)
library/homer/iliad/notes/06/sons-of-the-achaeans.md: “Surely the sons of the Achaeans, of evil name, are wearing us down as they fight around the city” (6.255–256)
library/homer/iliad/notes/06/soothing-words.md: “with soothing words” (6.214)
library/homer/iliad/notes/06/spear.md: “he fixed his spear in the bountiful earth” (6.213)
library/homer/iliad/notes/06/spear.md: “Let us avoid each other's spears, even in the throng” (6.226; see [[guest-gifts]] and [[xenia]])
library/homer/iliad/notes/06/spear.md: “break the spear of Diomedes, and grant that he himself may fall headlong before the Scaean gates” (6.306–307)
library/homer/iliad/notes/06/spear.md: “holding his long-shadowed spear” (6.44)
library/homer/iliad/notes/06/spear.md: “set his heel on his chest and pulled out the ash spear” (6.65)
library/homer/iliad/notes/06/spearmen.md: “rages beyond measure” (6.99–101; [[leader-of-men]], [[diomedes]])
library/homer/iliad/notes/06/starry.md: “And the Argives gave ground and ceased from slaughter, and thought that one of the immortals had come down from the starry sky to bring help to the Trojans, so sharply did they rally” (6.107–109)
library/homer/iliad/notes/06/steadfast-in-battle.md: “And Polypoetes, steadfast in battle, killed Astyalus” (6.29; [[polypoetes]], [[astyalus]])
library/homer/iliad/notes/06/strange-one.md: “Strange one, you do wrong to keep this anger in your heart” (6.326; [[paris]], [[cholos]])
library/homer/iliad/notes/06/supplication.md: “So he spoke, and he began to win over the heart in his breast” (6.51)
library/homer/iliad/notes/06/supplication.md: “unmourned and without a trace” (6.60; see [[privative-adjectives]])
library/homer/iliad/notes/06/supplication.md: “pushed away from him with his hand the hero Adrastus” (6.62–63)
library/homer/iliad/notes/06/swift-ships.md: “and now he was on the point of sending him to the swift ships of the Achaeans, giving him to his attendant to lead down” (6.52–53)
library/homer/iliad/notes/06/swift-ships.md: “at the ships of the Achaeans” (6.50)
library/homer/iliad/notes/06/tamer-of-horses.md: “daughter of Cisseus, the wife of Antenor, tamer of horses” (6.299; [[theano]], [[antenor]], [[cisseus]])
library/homer/iliad/notes/06/telamonian.md: “Telamonian Ajax, the bulwark of the Achaeans, was the first to break a battalion of the Trojans” (6.5–6; [[bulwark-of-the-achaeans]])
library/homer/iliad/notes/06/temple.md: “on the knees of Athena of the lovely hair” (6.92, 6.273, 6.303)
library/homer/iliad/notes/06/temple.md: “into the house of Hades” (6.284, 6.422)
library/homer/iliad/notes/06/teras.md: “but he sent him to Lycia, and gave him grim signs, scratching on a folded tablet many things to destroy a man's life, and told him to show them to his own father-in-law, so that he would perish” (6.168–170)
library/homer/iliad/notes/06/teras.md: “when the king knew that he was the noble offspring of a god” (6.191)
library/homer/iliad/notes/06/teucer.md: “and Teucer slew brilliant Aretaon” (6.31)
library/homer/iliad/notes/06/the-abduction-of-helen.md: “Alexander's blind folly” (6.280–285, 6.344–358)
library/homer/iliad/notes/06/the-abduction-of-helen.md: “Were you so very well treated in your house by the Trojans?” (6.55–57)
library/homer/iliad/notes/06/the-abduction-of-helen.md: “if he is willing to listen to what I say. There and then may the earth gape for him! For the Olympian has raised him as a great bane to the Trojans and to great-hearted Priam and his sons” (6.280–283; see [[may-the-earth-gape]])
library/homer/iliad/notes/06/the-aristeia.md: “this man rages beyond measure, and no one can match his might” (6.97–101; see [[master-of-rout]] and [[helenus]])
library/homer/iliad/notes/06/the-aristeia.md: “far in front of all” (6.125)
library/homer/iliad/notes/06/the-oak-of-zeus.md: “And when Hector came to the Scaean gates and the oak” (6.237)
library/homer/iliad/notes/06/the-seven-against-thebes.md: “when the army of the Achaeans perished at Thebes” (6.222–223)
library/homer/iliad/notes/06/the-war-in-small.md: “the work of women of the Sidonians, whom godlike Alexander himself had brought from Sidon, sailing over the wide sea on that voyage on which he brought back Helen” (6.289–292; see [[sidonians]] and [[the-abduction-of-helen]])
library/homer/iliad/notes/06/theano.md: “fair-cheeked Theano … daughter of Cisseus, the wife of Antenor, tamer of horses” (6.298–299; see [[cisseus]], [[antenor]] and [[fair-cheeked]])
library/homer/iliad/notes/06/theano.md: “for the Trojans had made her priestess of Athena” (6.300)
library/homer/iliad/notes/06/theano.md: “on the knees of Athena of the lovely hair” (6.302–303)
library/homer/iliad/notes/06/theano.md: “hold the son of Tydeus back from sacred Ilios” (6.96, 6.277)
library/homer/iliad/notes/06/theano.md: “fall headlong before the Scaean gates” (6.306–307; see [[diomedes]] and [[scaean-gates]])
library/homer/iliad/notes/06/theano.md: “but Pallas Athena shook her head” (6.311)
library/homer/iliad/notes/06/thebes.md: “when the army of the Achaeans perished at Thebes” (6.223)
library/homer/iliad/notes/06/then-answered.md: “Do not bring me wine sweet to the heart, lady mother” (6.264)
library/homer/iliad/notes/06/thetis.md: “who they say was born of a goddess” (6.99–100; see [[achilles]])
library/homer/iliad/notes/06/thracians.md: “the man who was the best among the Thracians, the son of Eussorus, Acamas, tall and brave” (6.7–8; see [[acamas-of-thrace]] and [[eussorus]])
library/homer/iliad/notes/06/thymos.md: “this anger in your heart” (6.326; see [[cholos]])
library/homer/iliad/notes/06/thymos.md: “devised evil against him in his heart” (6.157)
library/homer/iliad/notes/06/thymos.md: “many things to destroy a man's life” (6.169; see [[teras]])
library/homer/iliad/notes/06/thymos.md: “began to win over the heart in his breast” (6.51)
library/homer/iliad/notes/06/thymos.md: “Great-hearted son of Tydeus” (6.145; see [[great-hearted]])
library/homer/iliad/notes/06/time.md: “a domain finer than all others, a fair one, of orchard and plowland, for him to hold” (6.194–195)
library/homer/iliad/notes/06/trojan-allies.md: “many Trojans and famous allies” (6.227)
library/homer/iliad/notes/06/trojan-allies.md: “High-hearted Trojans and far-famed allies” (6.111)
library/homer/iliad/notes/06/trojan-allies.md: “Trojans and famous allies” (6.227; also 18.229; see [[exhortation]])
library/homer/iliad/notes/06/trojan-allies.md: “the toil of the Trojans and the Lycians” (6.77–78)
library/homer/iliad/notes/06/trojan-elders.md: “and tell the elders / who sit in council” (6.113–114)
library/homer/iliad/notes/06/trojan-women.md: “their sons and brothers and kinsmen and husbands” (6.239–240)
library/homer/iliad/notes/06/trojan-women.md: “sorrows were in store for many” (6.241)
library/homer/iliad/notes/06/trojan-women.md: “if she will pity the city and the wives of the Trojans and their little children” (6.87–95; see [[hecuba]])
library/homer/iliad/notes/06/trojans.md: “where the others too were fleeing in terror” (6.41)
library/homer/iliad/notes/06/trojans.md: “not even the boy whom his mother carries in her womb” (6.57–60; see [[agamemnon]])
library/homer/iliad/notes/06/trojans.md: “they rallied, and stood facing the Achaeans” (6.106)
library/homer/iliad/notes/06/trojans.md: “and thought that one of the immortals had come down from the starry sky to bring help to the Trojans, so sharply did they rally” (6.108–109)
library/homer/iliad/notes/06/trojans.md: “High-hearted Trojans and far-famed allies, be men, my friends, and remember your furious courage” (6.111–112)
library/homer/iliad/notes/06/troy.md: “on the height of the city” (6.317; see [[paris]])
library/homer/iliad/notes/06/tydeus.md: “when the army of the Achaeans perished at Thebes” (6.222–223)
library/homer/iliad/notes/06/tydeus.md: “Tydeus I do not remember” (6.222)
library/homer/iliad/notes/06/tydeus.md: “obeying the portents of the gods” (4.398, 6.183; see [[bellerophon]] and [[ambush]])
library/homer/iliad/notes/06/visit-scene.md: “there his generous mother came to meet him” (6.251)
library/homer/iliad/notes/06/visit-scene.md: “My child, why have you left the bold war and come here?” (6.254)
library/homer/iliad/notes/06/watching-the-war.md: “asking after their sons and brothers and kinsmen and husbands” (6.238–240)
library/homer/iliad/notes/06/watching-the-war.md: “that one of the immortals had come down from the starry sky to bring help to the Trojans, so sharply did they rally” (6.107–109)
library/homer/iliad/notes/06/watching-the-war.md: “so that these men too may know that we claim to be guest-friends from our fathers' time” (6.230–231)
library/homer/iliad/notes/06/wealthy.md: “but not one of them was there then to keep grim destruction from him” (6.13–17; [[axylus]], [[xenia]], [[grim]])
library/homer/iliad/notes/06/wealthy.md: “many treasures lie stored in the house of my wealthy father,” (6.46–50; [[adrastus-the-trojan]], [[worked-with-much-toil]], [[boundless-ransom]])
library/homer/iliad/notes/06/weaving.md: “richly embroidered, the work of women of the Sidonians” (6.289–290; see [[robe]] and [[sidonians]])
library/homer/iliad/notes/06/weaving.md: “Argive Helen sat among her slave women and was directing her handmaids in their glorious work” (6.323–324)
library/homer/iliad/notes/06/well-built.md: “lived in well-built Arisbe, wealthy in substance, and he was a friend to all men” (6.13–14; [[arisbe]], [[axylus]], [[wealthy]])
library/homer/iliad/notes/06/when-they-came-close.md: “Who are you?” (6.121–123)
library/homer/iliad/notes/06/when-they-came-close.md: “And when they had come close, advancing against each other, Diomedes, good at the war cry, spoke to him first” (6.121–122)
library/homer/iliad/notes/06/when-they-came-close.md: “between the two armies, eager to fight” (6.120)
library/homer/iliad/notes/06/when-they-came-close.md: “Who are you, good sir, among mortal men?” (6.123)
library/homer/iliad/notes/06/where-men-win-glory.md: “For I have never seen you in the battle where men win glory before now; but now you have come out far in front of all in your daring” (6.124–126)
library/homer/iliad/notes/06/who-fights-the-gods.md: “I would not fight with the gods of heaven” (6.129)
library/homer/iliad/notes/06/who-fights-the-gods.md: “nor would I wish to fight with the blessed gods” (6.141)
library/homer/iliad/notes/06/who-is-to-blame.md: “it is for your sake that the war cry and the war blaze around this city” (6.328–329)
library/homer/iliad/notes/06/who-is-to-blame.md: “what was due” (6.62; see [[aisa]], [[xenia]] and [[war-for-menelaus]])
library/homer/iliad/notes/06/who-is-to-blame.md: “took away Glaucus' wits” (6.234; see [[phrenes]])
library/homer/iliad/notes/06/wine.md: “for in a weary man wine greatly increases might” (6.261)
library/homer/iliad/notes/06/wine.md: “sparkling” (6.266)
library/homer/iliad/notes/06/wise-hearted.md: “and she bore three children to wise-hearted Bellerophon” (6.196–197; [[isander]], [[hippolochus]], [[laodameia]])
library/homer/iliad/notes/06/would-have-had-not.md: “Then once more the Trojans, before the Achaeans dear to Ares, would have gone up into Ilios, beaten by their own cowardice, had there not stood beside Aeneas and Hector, and spoken to them, Helenus, son of Priam, by far the best of the bird-seers” (6.73–76)
library/homer/iliad/notes/06/would-have-had-not.md: “was on the point of sending him to the swift ships of the Achaeans … but Agamemnon came running to meet him” (6.52–54)
library/homer/iliad/notes/06/xanthus-of-lycia.md: “Lycia and the flowing Xanthus” (6.172)
library/homer/iliad/notes/06/xanthus-of-lycia.md: “when he came to Lycia and the flowing Xanthus” (6.172)
library/homer/iliad/notes/06/xanthus-of-lycia.md: “of orchard and plowland” (12.313–314; 6.195; see [[bellerophon]])
library/homer/iliad/notes/06/xenia.md: “the lord of wide Lycia honored him with a ready heart; nine days he entertained him and sacrificed nine oxen” (6.173–174)
library/homer/iliad/notes/06/xenia.md: “shrank from killing him” (6.167–170; see [[sebas]])
library/homer/iliad/notes/06/xenia.md: “your dear guest-friend in the heart of Argos, and you are mine in Lycia, whenever I come to that land” (6.224–225)
library/homer/iliad/notes/06/zeus.md: “the son of Cronus made him blind” (6.139; see [[lycurgus]] and [[dionysus]])
library/homer/iliad/notes/06/zeus.md: “for Zeus had made them subject to his scepter” (6.159; see [[proetus]])
library/homer/iliad/notes/06/zeus.md: “godlike Sarpedon, armed in bronze” (6.198–199; see [[laodameia]] and [[sarpedon]])
library/homer/iliad/notes/06/zeus.md: “Zeus, son of Cronus, took away Glaucus' wits” (6.234)
library/homer/iliad/notes/06/zeus.md: “to come and lift up your hands to Zeus from the height of the city” (6.256–257)
library/homer/iliad/notes/06/zeus.md: “father Zeus and the other immortals” (6.259)
library/homer/iliad/notes/06/zeus.md: “the Olympian has raised him as a great bane to the Trojans” (6.282; see [[paris]])
library/homer/iliad/notes/07/aristos.md: “always to be the best” (6.208; see [[always-to-be-the-best]])
library/homer/iliad/notes/07/aristos.md: “by far the best of the bird-seers” (6.76)
library/homer/iliad/notes/07/bronze.md: “bronze and gold and iron worked with much toil” (6.48; see [[iron]])
library/homer/iliad/notes/07/danaans.md: “Friends, Danaan heroes, attendants of Ares” (2.110, 6.67)
library/homer/iliad/notes/07/diomedes.md: “come nearer, so that you may the sooner reach the bounds of destruction” (6.143)
library/homer/iliad/notes/07/glaucus.md: “for there are many Trojans and famous allies for me / to kill … and many Achaeans in turn for you to slay, whomever you can” (6.227–229; see [[glaucus-and-diomedes]] and [[diomedes]])
library/homer/iliad/notes/07/hippolochus.md: “And Glaucus, son of Hippolochus, and the son of Tydeus” (6.119)
library/homer/iliad/notes/07/like-a-tower.md: “the bulwark of the Achaeans” (3.229, 6.5, 7.211; see [[bulwark-of-the-achaeans]])
library/homer/iliad/notes/07/priams-palace.md: “on the height of the city” (6.317)
library/homer/iliad/notes/07/prophecy.md: “by far the best of the bird-seers” (6.76)
library/homer/iliad/notes/07/scamander.md: “between the streams of the Simoeis and the Xanthus” (6.4)
library/homer/iliad/notes/08/aisa.md: “what was due” (6.62, 7.121; see the note on Book 6)
library/homer/iliad/notes/08/ajax.md: “attendants of Ares” (2.110, 6.67, 7.382; see [[danaans]])
library/homer/iliad/notes/08/alke.md: “be men, my friends, and remember your furious courage” (8.174; also 6.112, 11.287, 15.487, 15.734, 17.185, and Patroclus to the Myrmidons, 16.270)
library/homer/iliad/notes/08/euchomai.md: “This is the lineage and the blood I claim” (6.211)
library/homer/iliad/notes/08/telamon.md: “always to be the best” (6.208, 11.783–784; see [[always-to-be-the-best]])
library/homer/iliad/notes/09/calydon.md: “of orchard and plowland” (6.194–195)
library/homer/iliad/notes/09/time.md: “half of all his royal honor” (6.193)
library/homer/iliad/notes/10/ares.md: “Friends, Danaan heroes, attendants of Ares” (2.110, 6.67, 15.733, 19.78)
library/homer/iliad/notes/10/athena.md: “driver of spoil” (4.128, 5.765, 6.269; see [[driver-of-spoil]])
library/homer/iliad/notes/10/sacrifice.md: “yearlings, never touched by the goad” (6.93–94, 6.308–309)
library/homer/iliad/notes/10/stripping-the-dead.md: “and afterward, at your ease, you can strip the dead bodies all over the plain” (6.70–71)
library/homer/iliad/notes/10/supplication.md: “you” (6.48–50)
library/homer/iliad/notes/11/agamemnon.md: “Take us alive, son of Atreus, and accept a worthy ransom” (11.131–135 ≈ 6.46–50; see [[supplication]] and [[sons-of-antimachus]])
library/homer/iliad/notes/11/apoina.md: “not even the boy whom his mother carries in her womb” (6.57–60)
library/homer/iliad/notes/11/exhortation.md: “be men, my friends, and remember your furious courage” (11.287 = 6.112, 8.174)
library/homer/iliad/notes/11/fathers-and-sons.md: “Old Peleus charged his son Achilles always to be the best and to excel above the others” (11.783–784 = 6.208)
library/homer/iliad/notes/11/genee.md: “the eldest by birth” (6.24)
library/homer/iliad/notes/11/trojan-allies.md: “far-famed” (6.111, 9.233)
library/homer/iliad/notes/12/alke.md: “be men, my friends, and remember your furious courage” (6.112, 15.487; see the article above and [[furious]])
library/homer/iliad/notes/12/bellerophon-in-lycia.md: “Lycia and the flowing Xanthus” (6.172; see [[xanthus-of-lycia]])
library/homer/iliad/notes/12/glaucus.md: “why do you ask about my lineage?” (21.153 ≈ 6.145; see [[asteropaeus]] and [[genealogy-in-battle]])
library/homer/iliad/notes/12/glaucus.md: “always to be the best and to excel above the others” (6.208; see [[always-to-be-the-best]] and [[hippolochus]])
library/homer/iliad/notes/12/helenus.md: “by far the best of the bird-seers” (6.76; see [[best-of-bird-seers]])
library/homer/iliad/notes/12/hippolochus.md: “always to be the best and to excel above the others” (6.208; see [[always-to-be-the-best]])
library/homer/iliad/notes/12/krateros.md: “steadfast in battle” (2.740, 6.29, 23.836; [[steadfast-in-battle]])
library/homer/iliad/notes/12/menos.md: “the terrible might of blazing fire” (6.182)
library/homer/iliad/notes/12/moira.md: “the sons of the Achaeans, of evil name” (6.255; see [[of-evil-name]])
library/homer/iliad/notes/12/simoeis.md: “between the streams of the Simoeis and the Xanthus” (6.4)
library/homer/iliad/notes/13/achilles.md: “insatiable of war” (5.388, 5.863, 6.203; see [[insatiable-of-war]] and [[ares]])
library/homer/iliad/notes/13/alke.md: “be men, my friends, and remember your furious courage” (6.112, 8.174, 15.487 and often)
library/homer/iliad/notes/13/bow.md: “by far the best of the bird-seers” (6.76)
library/homer/iliad/notes/13/bride-price.md: “the most beautiful in form of the daughters of Priam” (13.365; 3.124, 6.252; see [[cassandra]])
library/homer/iliad/notes/13/deipyrus.md: “by far the best of the bird-seers” (6.76; see [[best-of-bird-seers]])
library/homer/iliad/notes/13/demeter.md: “the mortals who eat the fruit of the field” (6.142; see [[who-eat-the-fruit-of-the-field]])
library/homer/iliad/notes/13/father-zeus.md: “to father Zeus and the other immortals” (6.259)
library/homer/iliad/notes/13/fathers-and-daughters.md: “most beautiful in form of the daughters” (3.124, 6.252)
library/homer/iliad/notes/13/godlike.md: “Then godlike Alexander spoke to him in turn” (13.774 = 3.58, 6.332; [[paris]])
library/homer/iliad/notes/13/helenus.md: “by far the best of the bird-seers” (6.76; see [[best-of-bird-seers]])
library/homer/iliad/notes/13/menelaus.md: “by far the best of the bird-seers” (6.76)
library/homer/iliad/notes/13/polydamas.md: “insatiable of war” (5.388, 5.863, 6.203)
library/homer/odyssey/notes/06/famous.md: “the famous shaker of the earth” (6.54)
library/homer/odyssey/notes/06/marriage.md: “marriage, wedding” (6.27, 6.66, 6.288)
library/homer/odyssey/notes/06/mules.md: “for mules” (6.72)
library/homer/odyssey/notes/06/pausanias.md: “and Homer too made mention of the palm on Delos, in Odysseus' supplication to the daughter of Alcinous” (8.48.2–3; see 6.162–163)
library/homer/odyssey/notes/06/sea-purple.md: “a wonder to see” (6.52–53)
library/homer/odyssey/notes/06/soothing-words.md: “better, more profitable” (6.145)
library/homer/odyssey/notes/06/soothing-words.md: “I clasp your knees” (6.149)
library/homer/odyssey/notes/06/supplication.md: “I clasp your knees, I beseech you” (6.149)
library/homer/odyssey/notes/06/xenia.md: “who accompanies suppliants, who are to be respected” (7.165; note on 6.207, p. 271)
1404 quotations checked against the Odyssey translation; 779 not found (glosses and other authors' words included).
# exit 0
